Archive member included to satisfy reference by file (symbol)

/usr/lib/gcc/arm-none-eabi/13.2.1/../../../arm-none-eabi/lib/thumb/v7-m/nofp/libc_nano.a(libc_a-vsnprintf.o)
                              /workspaces/qgv/hovercar-gd32/build/obj/usart.o (vsnprintf)
/usr/lib/gcc/arm-none-eabi/13.2.1/../../../arm-none-eabi/lib/thumb/v7-m/nofp/libc_nano.a(libc_a-strlen-stub.o)
                              /workspaces/qgv/hovercar-gd32/build/obj/usart.o (strlen)
/usr/lib/gcc/arm-none-eabi/13.2.1/../../../arm-none-eabi/lib/thumb/v7-m/nofp/libc_nano.a(libc_a-impure.o)
                              /usr/lib/gcc/arm-none-eabi/13.2.1/../../../arm-none-eabi/lib/thumb/v7-m/nofp/libc_nano.a(libc_a-vsnprintf.o) (_impure_ptr)
/usr/lib/gcc/arm-none-eabi/13.2.1/../../../arm-none-eabi/lib/thumb/v7-m/nofp/libc_nano.a(libc_a-nano-svfprintf.o)
                              /usr/lib/gcc/arm-none-eabi/13.2.1/../../../arm-none-eabi/lib/thumb/v7-m/nofp/libc_nano.a(libc_a-vsnprintf.o) (_svfprintf_r)
/usr/lib/gcc/arm-none-eabi/13.2.1/../../../arm-none-eabi/lib/thumb/v7-m/nofp/libc_nano.a(libc_a-init.o)
                              /usr/lib/gcc/arm-none-eabi/13.2.1/../../../arm-none-eabi/lib/thumb/v7-m/nofp/crt0.o (__libc_init_array)
/usr/lib/gcc/arm-none-eabi/13.2.1/../../../arm-none-eabi/lib/thumb/v7-m/nofp/libc_nano.a(libc_a-puts.o)
                              /workspaces/qgv/hovercar-gd32/build/obj/main.o (puts)
/usr/lib/gcc/arm-none-eabi/13.2.1/../../../arm-none-eabi/lib/thumb/v7-m/nofp/libc_nano.a(libc_a-findfp.o)
                              /usr/lib/gcc/arm-none-eabi/13.2.1/../../../arm-none-eabi/lib/thumb/v7-m/nofp/libc_nano.a(libc_a-puts.o) (__sinit)
/usr/lib/gcc/arm-none-eabi/13.2.1/../../../arm-none-eabi/lib/thumb/v7-m/nofp/libc_nano.a(libc_a-memset.o)
                              /usr/lib/gcc/arm-none-eabi/13.2.1/../../../arm-none-eabi/lib/thumb/v7-m/nofp/crt0.o (memset)
/usr/lib/gcc/arm-none-eabi/13.2.1/../../../arm-none-eabi/lib/thumb/v7-m/nofp/libc_nano.a(libc_a-fflush.o)
                              /usr/lib/gcc/arm-none-eabi/13.2.1/../../../arm-none-eabi/lib/thumb/v7-m/nofp/libc_nano.a(libc_a-findfp.o) (_fflush_r)
/usr/lib/gcc/arm-none-eabi/13.2.1/../../../arm-none-eabi/lib/thumb/v7-m/nofp/libc_nano.a(libc_a-nano-vfprintf_float.o)
                              /usr/lib/gcc/arm-none-eabi/13.2.1/../../../arm-none-eabi/lib/thumb/v7-m/nofp/libc_nano.a(libc_a-nano-svfprintf.o) (_printf_float)
/usr/lib/gcc/arm-none-eabi/13.2.1/../../../arm-none-eabi/lib/thumb/v7-m/nofp/libc_nano.a(libc_a-mallocr.o)
                              /usr/lib/gcc/arm-none-eabi/13.2.1/../../../arm-none-eabi/lib/thumb/v7-m/nofp/libc_nano.a(libc_a-nano-svfprintf.o) (_malloc_r)
/usr/lib/gcc/arm-none-eabi/13.2.1/../../../arm-none-eabi/lib/thumb/v7-m/nofp/libc_nano.a(libc_a-dtoa.o)
                              /usr/lib/gcc/arm-none-eabi/13.2.1/../../../arm-none-eabi/lib/thumb/v7-m/nofp/libc_nano.a(libc_a-nano-vfprintf_float.o) (_dtoa_r)
/usr/lib/gcc/arm-none-eabi/13.2.1/../../../arm-none-eabi/lib/thumb/v7-m/nofp/libc_nano.a(libc_a-freer.o)
                              /usr/lib/gcc/arm-none-eabi/13.2.1/../../../arm-none-eabi/lib/thumb/v7-m/nofp/libc_nano.a(libc_a-nano-svfprintf.o) (_free_r)
/usr/lib/gcc/arm-none-eabi/13.2.1/../../../arm-none-eabi/lib/thumb/v7-m/nofp/libc_nano.a(libc_a-memmove.o)
                              /usr/lib/gcc/arm-none-eabi/13.2.1/../../../arm-none-eabi/lib/thumb/v7-m/nofp/libc_nano.a(libc_a-nano-svfprintf.o) (memmove)
/usr/lib/gcc/arm-none-eabi/13.2.1/../../../arm-none-eabi/lib/thumb/v7-m/nofp/libc_nano.a(libc_a-atoi.o)
                              /workspaces/qgv/hovercar-gd32/build/obj/usart.o (atoi)
/usr/lib/gcc/arm-none-eabi/13.2.1/../../../arm-none-eabi/lib/thumb/v7-m/nofp/libc_nano.a(libc_a-strtol.o)
                              /usr/lib/gcc/arm-none-eabi/13.2.1/../../../arm-none-eabi/lib/thumb/v7-m/nofp/libc_nano.a(libc_a-atoi.o) (_strtol_r)
/usr/lib/gcc/arm-none-eabi/13.2.1/../../../arm-none-eabi/lib/thumb/v7-m/nofp/libc_nano.a(libc_a-fwalk.o)
                              /usr/lib/gcc/arm-none-eabi/13.2.1/../../../arm-none-eabi/lib/thumb/v7-m/nofp/libc_nano.a(libc_a-findfp.o) (_fwalk_sglue)
/usr/lib/gcc/arm-none-eabi/13.2.1/../../../arm-none-eabi/lib/thumb/v7-m/nofp/libc_nano.a(libc_a-wsetup.o)
                              /usr/lib/gcc/arm-none-eabi/13.2.1/../../../arm-none-eabi/lib/thumb/v7-m/nofp/libc_nano.a(libc_a-puts.o) (__swsetup_r)
/usr/lib/gcc/arm-none-eabi/13.2.1/../../../arm-none-eabi/lib/thumb/v7-m/nofp/libc_nano.a(libc_a-memcpy.o)
                              /workspaces/qgv/hovercar-gd32/build/obj/remote.o (memcpy)
/usr/lib/gcc/arm-none-eabi/13.2.1/../../../arm-none-eabi/lib/thumb/v7-m/nofp/libc_nano.a(libc_a-malloc.o)
                              /usr/lib/gcc/arm-none-eabi/13.2.1/../../../arm-none-eabi/lib/thumb/v7-m/nofp/libc_nano.a(libc_a-dtoa.o) (malloc)
/usr/lib/gcc/arm-none-eabi/13.2.1/../../../arm-none-eabi/lib/thumb/v7-m/nofp/libc_nano.a(libc_a-strtok.o)
[...]
Memory Configuration

Name             Origin             Length             Attributes
FLASH            0x08000000         0x00040000         xr
RAM              0x20000000         0x0000c000         xrw
*default*        0x00000000         0xffffffff

Linker script and memory map

LOAD /usr/lib/gcc/arm-none-eabi/13.2.1/thumb/v7-m/nofp/crti.o
LOAD /usr/lib/gcc/arm-none-eabi/13.2.1/thumb/v7-m/nofp/crtbegin.o
LOAD /usr/lib/gcc/arm-none-eabi/13.2.1/../../../arm-none-eabi/lib/thumb/v7-m/nofp/crt0.o
LOAD /workspaces/qgv/hovercar-gd32/build/obj/main.o
LOAD /workspaces/qgv/hovercar-gd32/build/obj/buzzer.o
LOAD /workspaces/qgv/hovercar-gd32/build/obj/bldc.o
LOAD /workspaces/qgv/hovercar-gd32/build/obj/setup.o
LOAD /workspaces/qgv/hovercar-gd32/build/obj/remote.o
LOAD /workspaces/qgv/hovercar-gd32/build/obj/usart.o
LOAD /workspaces/qgv/hovercar-gd32/build/obj/power.o
LOAD /workspaces/qgv/hovercar-gd32/build/obj/gd32f10x_gpio.o
LOAD /workspaces/qgv/hovercar-gd32/build/obj/gd32f10x_rcu.o
LOAD /workspaces/qgv/hovercar-gd32/build/obj/gd32f10x_timer.o
LOAD /workspaces/qgv/hovercar-gd32/build/obj/gd32f10x_adc.o
LOAD /workspaces/qgv/hovercar-gd32/build/obj/gd32f10x_dma.o
LOAD /workspaces/qgv/hovercar-gd32/build/obj/gd32f10x_usart.o
LOAD /workspaces/qgv/hovercar-gd32/build/obj/gd32f10x_fwdgt.o
LOAD /workspaces/qgv/hovercar-gd32/build/obj/gd32f10x_fmc.o
LOAD /workspaces/qgv/hovercar-gd32/build/obj/gd32f10x_misc.o
LOAD /workspaces/qgv/hovercar-gd32/build/obj/system_gd32f10x.o
LOAD /workspaces/qgv/hovercar-gd32/build/obj/startup_gd32f10x_md.o
LOAD /usr/lib/gcc/arm-none-eabi/13.2.1/../../../arm-none-eabi/lib/thumb/v7-m/nofp/libc_nano.a
LOAD /usr/lib/gcc/arm-none-eabi/13.2.1/../../../arm-none-eabi/lib/thumb/v7-m/nofp/libm.a
LOAD /usr/lib/gcc/arm-none-eabi/13.2.1/../../../arm-none-eabi/lib/thumb/v7-m/nofp/libnosys.a
START GROUP
LOAD /usr/lib/gcc/arm-none-eabi/13.2.1/thumb/v7-m/nofp/libgcc.a
LOAD /usr/lib/gcc/arm-none-eabi/13.2.1/../../../arm-none-eabi/lib/thumb/v7-m/nofp/libc_nano.a
END GROUP
START GROUP
LOAD /usr/lib/gcc/arm-none-eabi/13.2.1/thumb/v7-m/nofp/libgcc.a
LOAD /usr/lib/gcc/arm-none-eabi/13.2.1/../../../arm-none-eabi/lib/thumb/v7-m/nofp/libc_nano.a
END GROUP
LOAD /usr/lib/gcc/arm-none-eabi/13.2.1/thumb/v7-m/nofp/crtend.o
LOAD /usr/lib/gcc/arm-none-eabi/13.2.1/thumb/v7-m/nofp/crtn.o
                0x2000c000                        _estack = (ORIGIN (RAM) + LENGTH (RAM))

.isr_vector     0x08000000      0x130
 *(.isr_vector)
 .isr_vector    0x08000000      0x130 /workspaces/qgv/hovercar-gd32/build/obj/startup_gd32f10x_md.o
                0x08000000                g_pfnVectors

.text           0x08000130     0xa448
 *(.text*)
 .text.main     0x08000130       0x5c /workspaces/qgv/hovercar-gd32/build/obj/main.o
                0x08000130                main
 .text.system_init
                0x0800018c       0x94 /workspaces/qgv/hovercar-gd32/build/obj/main.o
 .text.BatteryVoltageCheck_Disable
                0x08000220       0x18 /workspaces/qgv/hovercar-gd32/build/obj/main.o
                0x08000220                BatteryVoltageCheck_Disable
 .text.BatteryVoltageCheck_IsEnabled
                0x08000238       0x14 /workspaces/qgv/hovercar-gd32/build/obj/main.o
                0x08000238                BatteryVoltageCheck_IsEnabled
 .text.control_loop
                0x0800024c      0x114 /workspaces/qgv/hovercar-gd32/build/obj/main.o
 .text.safety_check
                0x08000360      0x180 /workspaces/qgv/hovercar-gd32/build/obj/main.o
 .text.process_remote_input
                0x080004e0      0x188 /workspaces/qgv/hovercar-gd32/build/obj/main.o
 .text.handle_button_input
                0x08000668       0xe8 /workspaces/qgv/hovercar-gd32/build/obj/main.o
 .text.update_led_indicator
                0x08000750      0x108 /workspaces/qgv/hovercar-gd32/build/obj/main.o
 .text.startup_ramp_sequence
                0x08000858       0xc0 /workspaces/qgv/hovercar-gd32/build/obj/main.o
 .text.shutdown_procedure
                0x08000918       0x94 /workspaces/qgv/hovercar-gd32/build/obj/main.o
 .text.debug_output
                0x080009ac       0xc8 /workspaces/qgv/hovercar-gd32/build/obj/main.o
 .text.buzzer_write
                0x08000a74       0x30 /workspaces/qgv/hovercar-gd32/build/obj/buzzer.o
 .text.buzzer_stop
                0x08000aa4       0x38 /workspaces/qgv/hovercar-gd32/build/obj/buzzer.o
 .text.buzzer_start_sequence
                0x08000adc       0x38 /workspaces/qgv/hovercar-gd32/build/obj/buzzer.o
 .text.buzzer_schedule_step
                0x08000b14       0x74 /workspaces/qgv/hovercar-gd32/build/obj/buzzer.o
 .text.buzzer_advance_to_next_step
                0x08000b88       0x28 /workspaces/qgv/hovercar-gd32/build/obj/buzzer.o
 .text.Buzzer_Init
                0x08000bb0       0x12 /workspaces/qgv/hovercar-gd32/build/obj/buzzer.o
                0x08000bb0                Buzzer_Init
 *fill*         0x08000bc2        0x2 
 .text.beep_pattern
                0x08000bc4       0xa0 /workspaces/qgv/hovercar-gd32/build/obj/buzzer.o
                0x08000bc4                beep_pattern
 .text.Buzzer_Update
                0x08000c64       0xf4 /workspaces/qgv/hovercar-gd32/build/obj/buzzer.o
                0x08000c64                Buzzer_Update
 .text.Buzzer_Play
                0x08000d58      0x110 /workspaces/qgv/hovercar-gd32/build/obj/buzzer.o
                0x08000d58                Buzzer_Play
 .text.BLDC_Init
                0x08000e68       0x60 /workspaces/qgv/hovercar-gd32/build/obj/bldc.o
                0x08000e68                BLDC_Init
 .text.SetLeftMotorPWM
                0x08000ec8       0x40 /workspaces/qgv/hovercar-gd32/build/obj/bldc.o
                0x08000ec8                SetLeftMotorPWM
 .text.SetRightMotorPWM
                0x08000f08       0x40 /workspaces/qgv/hovercar-gd32/build/obj/bldc.o
                0x08000f08                SetRightMotorPWM
 .text.SetMotorsEnable
                0x08000f48       0x58 /workspaces/qgv/hovercar-gd32/build/obj/bldc.o
                0x08000f48                SetMotorsEnable
 .text.GetBatteryVoltage
                0x08000fa0       0x14 /workspaces/qgv/hovercar-gd32/build/obj/bldc.o
                0x08000fa0                GetBatteryVoltage
 .text.GetTotalCurrent
                0x08000fb4       0x14 /workspaces/qgv/hovercar-gd32/build/obj/bldc.o
                0x08000fb4                GetTotalCurrent
 .text.GetLeftMotorSpeed
                0x08000fc8       0x14 /workspaces/qgv/hovercar-gd32/build/obj/bldc.o
                0x08000fc8                GetLeftMotorSpeed
 .text.GetRightMotorSpeed
                0x08000fdc       0x14 /workspaces/qgv/hovercar-gd32/build/obj/bldc.o
                0x08000fdc                GetRightMotorSpeed
 .text.Mixer    0x08000ff0      0x1a4 /workspaces/qgv/hovercar-gd32/build/obj/bldc.o
                0x08000ff0                Mixer
 .text.NVIC_SetPriority
                0x08001194       0x54 /workspaces/qgv/hovercar-gd32/build/obj/setup.o
 .text.SysTick_Config
                0x080011e8       0x44 /workspaces/qgv/hovercar-gd32/build/obj/setup.o
 .text.SystemClock_Init
                0x0800122c       0x88 /workspaces/qgv/hovercar-gd32/build/obj/setup.o
                0x0800122c                SystemClock_Init
 .text.SysTick_Init
                0x080012b4       0x4c /workspaces/qgv/hovercar-gd32/build/obj/setup.o
                0x080012b4                SysTick_Init
 .text.GPIO_Init
                0x08001300       0x58 /workspaces/qgv/hovercar-gd32/build/obj/setup.o
                0x08001300                GPIO_Init
 .text.PWM_Timer_Init
                0x08001358       0x34 /workspaces/qgv/hovercar-gd32/build/obj/setup.o
                0x08001358                PWM_Timer_Init
 .text.ADC_Init
                0x0800138c       0x30 /workspaces/qgv/hovercar-gd32/build/obj/setup.o
                0x0800138c                ADC_Init
 .text.Watchdog_Init
                0x080013bc       0x50 /workspaces/qgv/hovercar-gd32/build/obj/setup.o
                0x080013bc                Watchdog_Init
 .text.Delay    0x0800140c       0x34 /workspaces/qgv/hovercar-gd32/build/obj/setup.o
                0x0800140c                Delay
 .text.GetSystemTicks
                0x08001440       0x14 /workspaces/qgv/hovercar-gd32/build/obj/setup.o
                0x08001440                GetSystemTicks
 .text.init_pwm_pins
                0x08001454       0x68 /workspaces/qgv/hovercar-gd32/build/obj/setup.o
 .text.init_hall_pins
                0x080014bc       0x2c /workspaces/qgv/hovercar-gd32/build/obj/setup.o
 .text.init_control_pins
                0x080014e8       0x54 /workspaces/qgv/hovercar-gd32/build/obj/setup.o
 .text.init_adc_pins
                0x0800153c       0x34 /workspaces/qgv/hovercar-gd32/build/obj/setup.o
 .text.init_left_motor_timer
                0x08001570       0xde /workspaces/qgv/hovercar-gd32/build/obj/setup.o
 .text.init_right_motor_timer
                0x0800164e       0x10 /workspaces/qgv/hovercar-gd32/build/obj/setup.o
 *fill*         0x0800165e        0x2 
 .text.init_timer3
                0x08001660       0x74 /workspaces/qgv/hovercar-gd32/build/obj/setup.o
 .text.init_timer4
                0x080016d4       0x8c /workspaces/qgv/hovercar-gd32/build/obj/setup.o
 .text.init_adc_peripheral
                0x08001760       0x44 /workspaces/qgv/hovercar-gd32/build/obj/setup.o
 .text.init_adc_dma
                0x080017a4       0x74 /workspaces/qgv/hovercar-gd32/build/obj/setup.o
 .text.SysTick_Handler
                0x08001818       0x1c /workspaces/qgv/hovercar-gd32/build/obj/setup.o
                0x08001818                SysTick_Handler
 .text.DMA0_Channel0_IRQHandler
                0x08001834       0x28 /workspaces/qgv/hovercar-gd32/build/obj/setup.o
                0x08001834                DMA0_Channel0_IRQHandler
 .text.Remote_Init
                0x0800185c       0x98 /workspaces/qgv/hovercar-gd32/build/obj/remote.o
                0x0800185c                Remote_Init
 .text.Remote_Update
                0x080018f4      0x120 /workspaces/qgv/hovercar-gd32/build/obj/remote.o
                0x080018f4                Remote_Update
 .text.Remote_GetChannel
                0x08001a14       0x3c /workspaces/qgv/hovercar-gd32/build/obj/remote.o
                0x08001a14                Remote_GetChannel
 .text.Remote_GetThrottle
                0x08001a50       0x10 /workspaces/qgv/hovercar-gd32/build/obj/remote.o
                0x08001a50                Remote_GetThrottle
 .text.Remote_GetSteering
                0x08001a60       0x10 /workspaces/qgv/hovercar-gd32/build/obj/remote.o
                0x08001a60                Remote_GetSteering
 .text.Remote_GetEnable
                0x08001a70       0x28 /workspaces/qgv/hovercar-gd32/build/obj/remote.o
                0x08001a70                Remote_GetEnable
 .text.Remote_IsConnected
                0x08001a98       0x14 /workspaces/qgv/hovercar-gd32/build/obj/remote.o
                0x08001a98                Remote_IsConnected
 .text.init_adc_input
                0x08001aac       0x34 /workspaces/qgv/hovercar-gd32/build/obj/remote.o
 .text.init_uart_input
                0x08001ae0       0x28 /workspaces/qgv/hovercar-gd32/build/obj/remote.o
 .text.process_uart_frame
                0x08001b08       0xc8 /workspaces/qgv/hovercar-gd32/build/obj/remote.o
 .text.update_uart_input
                0x08001bd0       0x7c /workspaces/qgv/hovercar-gd32/build/obj/remote.o
 .text.convert_to_standard
                0x08001c4c       0x82 /workspaces/qgv/hovercar-gd32/build/obj/remote.o
 *fill*         0x08001cce        0x2 
 .text.map_adc_to_channel
                0x08001cd0       0x34 /workspaces/qgv/hovercar-gd32/build/obj/remote.o
 .text.NVIC_SystemReset
                0x08001d04       0x2c /workspaces/qgv/hovercar-gd32/build/obj/usart.o
 .text.USART_Init
                0x08001d30       0xc4 /workspaces/qgv/hovercar-gd32/build/obj/usart.o
                0x08001d30                USART_Init
 .text.USART_SendString
                0x08001df4       0x58 /workspaces/qgv/hovercar-gd32/build/obj/usart.o
                0x08001df4                USART_SendString
 .text.USART_SendData
                0x08001e4c       0x5c /workspaces/qgv/hovercar-gd32/build/obj/usart.o
                0x08001e4c                USART_SendData
 .text.USART_Printf
                0x08001ea8       0x36 /workspaces/qgv/hovercar-gd32/build/obj/usart.o
                0x08001ea8                USART_Printf
 *fill*         0x08001ede        0x2 
 .text.process_received_char
                0x08001ee0       0xd8 /workspaces/qgv/hovercar-gd32/build/obj/usart.o
 .text.process_command
                0x08001fb8      0x17c /workspaces/qgv/hovercar-gd32/build/obj/usart.o
 .text.USART2_IRQHandler
                0x08002134       0x58 /workspaces/qgv/hovercar-gd32/build/obj/usart.o
                0x08002134                USART2_IRQHandler
 .text._write   0x0800218c       0x22 /workspaces/qgv/hovercar-gd32/build/obj/usart.o
                0x0800218c                _write
 *fill*         0x080021ae        0x2 
 .text.PowerLatch_Init
                0x080021b0       0x30 /workspaces/qgv/hovercar-gd32/build/obj/power.o
                0x080021b0                PowerLatch_Init
 .text.PowerLatch_Latch
                0x080021e0       0x2c /workspaces/qgv/hovercar-gd32/build/obj/power.o
                0x080021e0                PowerLatch_Latch
 .text.PowerLatch_Release
                0x0800220c       0x2c /workspaces/qgv/hovercar-gd32/build/obj/power.o
                0x0800220c                PowerLatch_Release
 .text.gpio_init
                0x08002238      0x146 /workspaces/qgv/hovercar-gd32/build/obj/gd32f10x_gpio.o
                0x08002238                gpio_init
 .text.gpio_bit_set
                0x0800237e       0x1e /workspaces/qgv/hovercar-gd32/build/obj/gd32f10x_gpio.o
                0x0800237e                gpio_bit_set
 .text.gpio_bit_reset
                0x0800239c       0x1e /workspaces/qgv/hovercar-gd32/build/obj/gd32f10x_gpio.o
                0x0800239c                gpio_bit_reset
 .text.gpio_input_bit_get
                0x080023ba       0x28 /workspaces/qgv/hovercar-gd32/build/obj/gd32f10x_gpio.o
                0x080023ba                gpio_input_bit_get
 *fill*         0x080023e2        0x2 
 .text.gpio_pin_remap_config
                0x080023e4       0xe4 /workspaces/qgv/hovercar-gd32/build/obj/gd32f10x_gpio.o
                0x080023e4                gpio_pin_remap_config
 .text.rcu_periph_clock_enable
                0x080024c8       0x44 /workspaces/qgv/hovercar-gd32/build/obj/gd32f10x_rcu.o
                0x080024c8                rcu_periph_clock_enable
 .text.rcu_periph_reset_enable
                0x0800250c       0x44 /workspaces/qgv/hovercar-gd32/build/obj/gd32f10x_rcu.o
                0x0800250c                rcu_periph_reset_enable
 .text.rcu_periph_reset_disable
                0x08002550       0x48 /workspaces/qgv/hovercar-gd32/build/obj/gd32f10x_rcu.o
                0x08002550                rcu_periph_reset_disable
 .text.rcu_system_clock_source_config
                0x08002598       0x30 /workspaces/qgv/hovercar-gd32/build/obj/gd32f10x_rcu.o
                0x08002598                rcu_system_clock_source_config
 .text.rcu_system_clock_source_get
                0x080025c8       0x18 /workspaces/qgv/hovercar-gd32/build/obj/gd32f10x_rcu.o
                0x080025c8                rcu_system_clock_source_get
 .text.rcu_ahb_clock_config
                0x080025e0       0x30 /workspaces/qgv/hovercar-gd32/build/obj/gd32f10x_rcu.o
                0x080025e0                rcu_ahb_clock_config
 .text.rcu_apb1_clock_config
                0x08002610       0x30 /workspaces/qgv/hovercar-gd32/build/obj/gd32f10x_rcu.o
                0x08002610                rcu_apb1_clock_config
 .text.rcu_apb2_clock_config
                0x08002640       0x30 /workspaces/qgv/hovercar-gd32/build/obj/gd32f10x_rcu.o
                0x08002640                rcu_apb2_clock_config
 .text.rcu_pll_config
                0x08002670       0x40 /workspaces/qgv/hovercar-gd32/build/obj/gd32f10x_rcu.o
                0x08002670                rcu_pll_config
 .text.rcu_adc_clock_config
                0x080026b0       0x70 /workspaces/qgv/hovercar-gd32/build/obj/gd32f10x_rcu.o
                0x080026b0                rcu_adc_clock_config
 .text.rcu_flag_get
                0x08002720       0x3c /workspaces/qgv/hovercar-gd32/build/obj/gd32f10x_rcu.o
                0x08002720                rcu_flag_get
 .text.rcu_all_reset_flag_clear
                0x0800275c       0x1c /workspaces/qgv/hovercar-gd32/build/obj/gd32f10x_rcu.o
                0x0800275c                rcu_all_reset_flag_clear
 .text.rcu_osci_stab_wait
                0x08002778      0x168 /workspaces/qgv/hovercar-gd32/build/obj/gd32f10x_rcu.o
                0x08002778                rcu_osci_stab_wait
 .text.rcu_osci_on
                0x080028e0       0x44 /workspaces/qgv/hovercar-gd32/build/obj/gd32f10x_rcu.o
                0x080028e0                rcu_osci_on
 .text.rcu_clock_freq_get
                0x08002924      0x1a0 /workspaces/qgv/hovercar-gd32/build/obj/gd32f10x_rcu.o
                0x08002924                rcu_clock_freq_get
 .text.timer_deinit
                0x08002ac4      0x130 /workspaces/qgv/hovercar-gd32/build/obj/gd32f10x_timer.o
                0x08002ac4                timer_deinit
 .text.timer_init
                0x08002bf4      0x148 /workspaces/qgv/hovercar-gd32/build/obj/gd32f10x_timer.o
                0x08002bf4                timer_init
 .text.timer_enable
                0x08002d3c       0x1e /workspaces/qgv/hovercar-gd32/build/obj/gd32f10x_timer.o
                0x08002d3c                timer_enable
 .text.timer_disable
                0x08002d5a       0x1e /workspaces/qgv/hovercar-gd32/build/obj/gd32f10x_timer.o
                0x08002d5a                timer_disable
 .text.timer_break_config
                0x08002d78       0x4e /workspaces/qgv/hovercar-gd32/build/obj/gd32f10x_timer.o
                0x08002d78                timer_break_config
 *fill*         0x08002dc6        0x2 
 .text.timer_channel_output_config
                0x08002dc8      0x3dc /workspaces/qgv/hovercar-gd32/build/obj/gd32f10x_timer.o
                0x08002dc8                timer_channel_output_config
 .text.timer_channel_output_mode_config
                0x080031a4       0xc4 /workspaces/qgv/hovercar-gd32/build/obj/gd32f10x_timer.o
                0x080031a4                timer_channel_output_mode_config
 .text.adc_deinit
                0x08003268       0x78 /workspaces/qgv/hovercar-gd32/build/obj/gd32f10x_adc.o
                0x08003268                adc_deinit
 .text.adc_mode_config
                0x080032e0       0x30 /workspaces/qgv/hovercar-gd32/build/obj/gd32f10x_adc.o
                0x080032e0                adc_mode_config
 .text.adc_special_function_config
                0x08003310       0xbc /workspaces/qgv/hovercar-gd32/build/obj/gd32f10x_adc.o
                0x08003310                adc_special_function_config
 .text.adc_data_alignment_config
                0x080033cc       0x3c /workspaces/qgv/hovercar-gd32/build/obj/gd32f10x_adc.o
                0x080033cc                adc_data_alignment_config
 .text.adc_enable
                0x08003408       0x30 /workspaces/qgv/hovercar-gd32/build/obj/gd32f10x_adc.o
                0x08003408                adc_enable
 .text.adc_disable
                0x08003438       0x22 /workspaces/qgv/hovercar-gd32/build/obj/gd32f10x_adc.o
                0x08003438                adc_disable
 .text.adc_calibration_enable
                0x0800345a       0x54 /workspaces/qgv/hovercar-gd32/build/obj/gd32f10x_adc.o
                0x0800345a                adc_calibration_enable
 .text.adc_dma_mode_enable
                0x080034ae       0x22 /workspaces/qgv/hovercar-gd32/build/obj/gd32f10x_adc.o
                0x080034ae                adc_dma_mode_enable
 .text.adc_external_trigger_config
                0x080034d0       0x8a /workspaces/qgv/hovercar-gd32/build/obj/gd32f10x_adc.o
                0x080034d0                adc_external_trigger_config
 .text.dma_deinit
                0x0800355a       0xce /workspaces/qgv/hovercar-gd32/build/obj/gd32f10x_dma.o
                0x0800355a                dma_deinit
 .text.dma_init
                0x08003628      0x1f8 /workspaces/qgv/hovercar-gd32/build/obj/gd32f10x_dma.o
                0x08003628                dma_init
 .text.dma_circulation_enable
                0x08003820       0x56 /workspaces/qgv/hovercar-gd32/build/obj/gd32f10x_dma.o
                0x08003820                dma_circulation_enable
 .text.dma_channel_enable
                0x08003876       0x56 /workspaces/qgv/hovercar-gd32/build/obj/gd32f10x_dma.o
                0x08003876                dma_channel_enable
 .text.dma_interrupt_flag_get
                0x080038cc       0xda /workspaces/qgv/hovercar-gd32/build/obj/gd32f10x_dma.o
                0x080038cc                dma_interrupt_flag_get
 .text.dma_interrupt_flag_clear
                0x080039a6       0x30 /workspaces/qgv/hovercar-gd32/build/obj/gd32f10x_dma.o
                0x080039a6                dma_interrupt_flag_clear
 *fill*         0x080039d6        0x2 
 .text.dma_periph_and_channel_check
                0x080039d8       0x34 /workspaces/qgv/hovercar-gd32/build/obj/gd32f10x_dma.o
 .text.usart_deinit
                0x08003a0c       0xc4 /workspaces/qgv/hovercar-gd32/build/obj/gd32f10x_usart.o
                0x08003a0c                usart_deinit
 .text.usart_baudrate_set
                0x08003ad0       0xe0 /workspaces/qgv/hovercar-gd32/build/obj/gd32f10x_usart.o
                0x08003ad0                usart_baudrate_set
 .text.usart_parity_config
                0x08003bb0       0x36 /workspaces/qgv/hovercar-gd32/build/obj/gd32f10x_usart.o
                0x08003bb0                usart_parity_config
 .text.usart_word_length_set
                0x08003be6       0x36 /workspaces/qgv/hovercar-gd32/build/obj/gd32f10x_usart.o
                0x08003be6                usart_word_length_set
 .text.usart_stop_bit_set
                0x08003c1c       0x36 /workspaces/qgv/hovercar-gd32/build/obj/gd32f10x_usart.o
                0x08003c1c                usart_stop_bit_set
 .text.usart_enable
                0x08003c52       0x22 /workspaces/qgv/hovercar-gd32/build/obj/gd32f10x_usart.o
                0x08003c52                usart_enable
 .text.usart_transmit_config
                0x08003c74       0x3a /workspaces/qgv/hovercar-gd32/build/obj/gd32f10x_usart.o
                0x08003c74                usart_transmit_config
 .text.usart_receive_config
                0x08003cae       0x3a /workspaces/qgv/hovercar-gd32/build/obj/gd32f10x_usart.o
                0x08003cae                usart_receive_config
 .text.usart_data_transmit
                0x08003ce8       0x22 /workspaces/qgv/hovercar-gd32/build/obj/gd32f10x_usart.o
                0x08003ce8                usart_data_transmit
 .text.usart_data_receive
                0x08003d0a       0x20 /workspaces/qgv/hovercar-gd32/build/obj/gd32f10x_usart.o
                0x08003d0a                usart_data_receive
 .text.usart_hardware_flow_rts_config
                0x08003d2a       0x38 /workspaces/qgv/hovercar-gd32/build/obj/gd32f10x_usart.o
                0x08003d2a                usart_hardware_flow_rts_config
 .text.usart_hardware_flow_cts_config
                0x08003d62       0x38 /workspaces/qgv/hovercar-gd32/build/obj/gd32f10x_usart.o
                0x08003d62                usart_hardware_flow_cts_config
 .text.usart_flag_get
                0x08003d9a       0x38 /workspaces/qgv/hovercar-gd32/build/obj/gd32f10x_usart.o
                0x08003d9a                usart_flag_get
 .text.usart_interrupt_enable
                0x08003dd2       0x3e /workspaces/qgv/hovercar-gd32/build/obj/gd32f10x_usart.o
                0x08003dd2                usart_interrupt_enable
 .text.usart_interrupt_flag_get
                0x08003e10       0x68 /workspaces/qgv/hovercar-gd32/build/obj/gd32f10x_usart.o
                0x08003e10                usart_interrupt_flag_get
 .text.usart_interrupt_flag_clear
                0x08003e78       0x2e /workspaces/qgv/hovercar-gd32/build/obj/gd32f10x_usart.o
                0x08003e78                usart_interrupt_flag_clear
 *fill*         0x08003ea6        0x2 
 .text.fwdgt_enable
                0x08003ea8       0x18 /workspaces/qgv/hovercar-gd32/build/obj/gd32f10x_fwdgt.o
                0x08003ea8                fwdgt_enable
 .text.fwdgt_counter_reload
                0x08003ec0       0x18 /workspaces/qgv/hovercar-gd32/build/obj/gd32f10x_fwdgt.o
                0x08003ec0                fwdgt_counter_reload
 .text.fwdgt_config
                0x08003ed8       0xa8 /workspaces/qgv/hovercar-gd32/build/obj/gd32f10x_fwdgt.o
                0x08003ed8                fwdgt_config
 .text.fmc_wscnt_set
                0x08003f80       0x30 /workspaces/qgv/hovercar-gd32/build/obj/gd32f10x_fmc.o
                0x08003f80                fmc_wscnt_set
 .text.nvic_priority_group_set
                0x08003fb0       0x24 /workspaces/qgv/hovercar-gd32/build/obj/gd32f10x_misc.o
                0x08003fb0                nvic_priority_group_set
 .text.nvic_irq_enable
                0x08003fd4      0x100 /workspaces/qgv/hovercar-gd32/build/obj/gd32f10x_misc.o
                0x08003fd4                nvic_irq_enable
 .text.My_SystemInit
                0x080040d4       0x78 /workspaces/qgv/hovercar-gd32/build/obj/system_gd32f10x.o
                0x080040d4                My_SystemInit
 .text.SystemInit
                0x0800414c        0xc /workspaces/qgv/hovercar-gd32/build/obj/system_gd32f10x.o
                0x0800414c                SystemInit
 .text.Reset_Handler
                0x08004158       0x48 /workspaces/qgv/hovercar-gd32/build/obj/startup_gd32f10x_md.o
                0x08004158                Reset_Handler
 .text.Default_Handler
                0x080041a0        0x2 /workspaces/qgv/hovercar-gd32/build/obj/startup_gd32f10x_md.o
                0x080041a0                RTC_Alarm_IRQHandler
                0x080041a0                EXTI2_IRQHandler
                0x080041a0                TIMER2_IRQHandler
                0x080041a0                TIMER5_IRQHandler
                0x080041a0                DebugMon_Handler
                0x080041a0                LVD_IRQHandler
                0x080041a0                TIMER0_BRK_IRQHandler
                0x080041a0                HardFault_Handler
                0x080041a0                ADC0_1_IRQHandler
                0x080041a0                TIMER0_UP_IRQHandler
                0x080041a0                SDIO_IRQHandler
                0x080041a0                PendSV_Handler
                0x080041a0                NMI_Handler
                0x080041a0                EXTI3_IRQHandler
                0x080041a0                TIMER3_IRQHandler
                0x080041a0                DMA0_Channel6_IRQHandler
                0x080041a0                I2C0_EV_IRQHandler
                0x080041a0                EXTI0_IRQHandler
                0x080041a0                UsageFault_Handler
                0x080041a0                TIMER4_IRQHandler
                0x080041a0                SPI1_IRQHandler
                0x080041a0                TAMPER_IRQHandler
                0x080041a0                DMA1_Channel0_IRQHandler
                0x080041a0                TIMER6_IRQHandler
                0x080041a0                DMA0_Channel3_IRQHandler
                0x080041a0                I2C0_ER_IRQHandler
                0x080041a0                RTC_IRQHandler
                0x080041a0                TIMER7_UP_IRQHandler
                0x080041a0                DMA0_Channel2_IRQHandler
                0x080041a0                USART0_IRQHandler
                0x080041a0                TIMER1_IRQHandler
                0x080041a0                TIMER7_TRG_CMT_IRQHandler
                0x080041a0                TIMER0_TRG_CMT_IRQHandler
                0x080041a0                I2C1_EV_IRQHandler
                0x080041a0                UART4_IRQHandler
                0x080041a0                EXTI10_15_IRQHandler
                0x080041a0                DMA1_Channel1_IRQHandler
                0x080041a0                Default_Handler
                0x080041a0                TIMER7_Channel_IRQHandler
                0x080041a0                WWDGT_IRQHandler
                0x080041a0                EXMC_IRQHandler
                0x080041a0                ADC2_IRQHandler
                0x080041a0                SPI2_IRQHandler
                0x080041a0                MemManage_Handler
                0x080041a0                USBD_WKUP_IRQHandler
                0x080041a0                SVC_Handler
                0x080041a0                TIMER7_BRK_IRQHandler
                0x080041a0                EXTI4_IRQHandler
                0x080041a0                USBD_HP_CAN0_TX_IRQHandler
                0x080041a0                CAN0_RX1_IRQHandler
                0x080041a0                DMA0_Channel5_IRQHandler
                0x080041a0                EXTI5_9_IRQHandler
                0x080041a0                RCU_IRQHandler
                0x080041a0                DMA0_Channel1_IRQHandler
                0x080041a0                TIMER0_Channel_IRQHandler
                0x080041a0                EXTI1_IRQHandler
                0x080041a0                SPI0_IRQHandler
                0x080041a0                DMA1_Channel3_4_IRQHandler
                0x080041a0                CAN0_EWMC_IRQHandler
                0x080041a0                DMA1_Channel2_IRQHandler
                0x080041a0                USBD_LP_CAN0_RX0_IRQHandler
                0x080041a0                BusFault_Handler
                0x080041a0                USART1_IRQHandler
                0x080041a0                UART3_IRQHandler
                0x080041a0                I2C1_ER_IRQHandler
                0x080041a0                FMC_IRQHandler
                0x080041a0                DMA0_Channel4_IRQHandler
 *fill*         0x080041a2        0x2 
 .text          0x080041a4       0xe4 /usr/lib/gcc/arm-none-eabi/13.2.1/../../../arm-none-eabi/lib/thumb/v7-m/nofp/libc_nano.a(libc_a-vsnprintf.o)
                0x080041a4                vsnprintf
                0x080041a4                vsniprintf
                0x08004218                _vsnprintf_r
                0x08004218                _vsniprintf_r
 .text          0x08004288       0x5c /usr/lib/gcc/arm-none-eabi/13.2.1/../../../arm-none-eabi/lib/thumb/v7-m/nofp/libc_nano.a(libc_a-strlen-stub.o)
                0x08004288                strlen
 .text          0x080042e4      0x400 /usr/lib/gcc/arm-none-eabi/13.2.1/../../../arm-none-eabi/lib/thumb/v7-m/nofp/libc_nano.a(libc_a-nano-svfprintf.o)
                0x080042e4                __ssputs_r
                0x080043a4                __ssprint_r
                0x080044b4                _svfprintf_r
                0x080044b4                _svfiprintf_r
 .text          0x080046e4       0x50 /usr/lib/gcc/arm-none-eabi/13.2.1/../../../arm-none-eabi/lib/thumb/v7-m/nofp/libc_nano.a(libc_a-init.o)
                0x080046e4                __libc_init_array
 .text          0x08004734       0x98 /usr/lib/gcc/arm-none-eabi/13.2.1/../../../arm-none-eabi/lib/thumb/v7-m/nofp/libc_nano.a(libc_a-puts.o)
                0x08004734                _puts_r
                0x080047bc                puts
 .text          0x080047cc      0x224 /usr/lib/gcc/arm-none-eabi/13.2.1/../../../arm-none-eabi/lib/thumb/v7-m/nofp/libc_nano.a(libc_a-findfp.o)
                0x080048fc                __sfp
                0x080049a0                __sinit
                0x080049c0                __sfp_lock_acquire
                0x080049c4                __sfp_lock_release
                0x080049c8                __fp_lock_all
                0x080049dc                __fp_unlock_all
 .text          0x080049f0       0xa0 /usr/lib/gcc/arm-none-eabi/13.2.1/../../../arm-none-eabi/lib/thumb/v7-m/nofp/libc_nano.a(libc_a-memset.o)
                0x080049f0                memset
 .text          0x08004a90      0x198 /usr/lib/gcc/arm-none-eabi/13.2.1/../../../arm-none-eabi/lib/thumb/v7-m/nofp/libc_nano.a(libc_a-fflush.o)
                0x08004a90                __sflush_r
                0x08004ba4                _fflush_r
                0x08004bdc                fflush
 .text          0x08004c28      0x6f4 /usr/lib/gcc/arm-none-eabi/13.2.1/../../../arm-none-eabi/lib/thumb/v7-m/nofp/libc_nano.a(libc_a-nano-vfprintf_float.o)
                0x08004c28                __cvt
                0x08004d50                __exponent
                0x08004dd8                _printf_float
 .text          0x0800531c      0x14c /usr/lib/gcc/arm-none-eabi/13.2.1/../../../arm-none-eabi/lib/thumb/v7-m/nofp/libc_nano.a(libc_a-mallocr.o)
                0x08005368                _malloc_r
 .text          0x08005468      0xff0 /usr/lib/gcc/arm-none-eabi/13.2.1/../../../arm-none-eabi/lib/thumb/v7-m/nofp/libc_nano.a(libc_a-dtoa.o)
                0x080055a4                _dtoa_r
 .text          0x08006458       0xbc /usr/lib/gcc/arm-none-eabi/13.2.1/../../../arm-none-eabi/lib/thumb/v7-m/nofp/libc_nano.a(libc_a-freer.o)
                0x08006458                _free_r
 .text          0x08006514       0xfc /usr/lib/gcc/arm-none-eabi/13.2.1/../../../arm-none-eabi/lib/thumb/v7-m/nofp/libc_nano.a(libc_a-memmove.o)
                0x08006514                memmove
 .text          0x08006610       0x10 /usr/lib/gcc/arm-none-eabi/13.2.1/../../../arm-none-eabi/lib/thumb/v7-m/nofp/libc_nano.a(libc_a-atoi.o)
                0x08006610                atoi
                0x08006618                _atoi_r
 .text          0x08006620      0x174 /usr/lib/gcc/arm-none-eabi/13.2.1/../../../arm-none-eabi/lib/thumb/v7-m/nofp/libc_nano.a(libc_a-strtol.o)
                0x08006758                _strtol_r
                0x0800675c                strtol_l
                0x08006778                strtol
 .text          0x08006794       0x44 /usr/lib/gcc/arm-none-eabi/13.2.1/../../../arm-none-eabi/lib/thumb/v7-m/nofp/libc_nano.a(libc_a-fwalk.o)
                0x08006794                _fwalk_sglue
 .text          0x080067d8       0xc4 /usr/lib/gcc/arm-none-eabi/13.2.1/../../../arm-none-eabi/lib/thumb/v7-m/nofp/libc_nano.a(libc_a-wsetup.o)
                0x080067d8                __swsetup_r
 .text          0x0800689c       0xec /usr/lib/gcc/arm-none-eabi/13.2.1/../../../arm-none-eabi/lib/thumb/v7-m/nofp/libc_nano.a(libc_a-memcpy.o)
                0x0800689c                memcpy
 .text          0x08006988       0x20 /usr/lib/gcc/arm-none-eabi/13.2.1/../../../arm-none-eabi/lib/thumb/v7-m/nofp/libc_nano.a(libc_a-malloc.o)
                0x08006988                malloc
                0x08006998                free
 .text          0x080069a8       0x74 /usr/lib/gcc/arm-none-eabi/13.2.1/../../../arm-none-eabi/lib/thumb/v7-m/nofp/libc_nano.a(libc_a-strtok.o)
                0x080069a8                strtok
 .text          0x08006a1c       0x64 /usr/lib/gcc/arm-none-eabi/13.2.1/../../../arm-none-eabi/lib/thumb/v7-m/nofp/libc_nano.a(libc_a-reallocr.o)
                0x08006a1c                _realloc_r
 .text          0x08006a80      0x3a8 /usr/lib/gcc/arm-none-eabi/13.2.1/../../../arm-none-eabi/lib/thumb/v7-m/nofp/libc_nano.a(libc_a-nano-vfprintf_i.o)
                0x08006a80                _printf_common
                0x08006ba4                _printf_i
 .text          0x08006e28        0x8 /usr/lib/gcc/arm-none-eabi/13.2.1/../../../arm-none-eabi/lib/thumb/v7-m/nofp/libc_nano.a(libc_a-mlock.o)
                0x08006e28                __malloc_lock
                0x08006e2c                __malloc_unlock
 .text          0x08006e30       0x8c /usr/lib/gcc/arm-none-eabi/13.2.1/../../../arm-none-eabi/lib/thumb/v7-m/nofp/libc_nano.a(libc_a-strncmp.o)
                0x08006e30                strncmp
 .text          0x08006ebc      0x110 /usr/lib/gcc/arm-none-eabi/13.2.1/../../../arm-none-eabi/lib/thumb/v7-m/nofp/libc_nano.a(libc_a-makebuf.o)
                0x08006ebc                __smakebuf_r
                0x08006f80                __swhatbuf_r
 .text          0x08006fcc      0x1bc /usr/lib/gcc/arm-none-eabi/13.2.1/../../../arm-none-eabi/lib/thumb/v7-m/nofp/libc_nano.a(libc_a-strcmp.o)
                0x08006fcc                strcmp
 .text          0x08007188       0x98 /usr/lib/gcc/arm-none-eabi/13.2.1/../../../arm-none-eabi/lib/thumb/v7-m/nofp/libc_nano.a(libc_a-memchr-stub.o)
                0x08007188                memchr
 .text          0x08007220       0x48 /usr/lib/gcc/arm-none-eabi/13.2.1/../../../arm-none-eabi/lib/thumb/v7-m/nofp/libc_nano.a(libc_a-printf.o)
                0x08007220                _printf_r
                0x08007220                _iprintf_r
                0x08007240                printf
                0x08007240                iprintf
 .text          0x08007268       0x24 /usr/lib/gcc/arm-none-eabi/13.2.1/../../../arm-none-eabi/lib/thumb/v7-m/nofp/libc_nano.a(libc_a-isattyr.o)
                0x08007268                _isatty_r
 .text          0x0800728c      0x2ec /usr/lib/gcc/arm-none-eabi/13.2.1/../../../arm-none-eabi/lib/thumb/v7-m/nofp/libc_nano.a(libc_a-nano-vfprintf.o)
                0x080072b4                __sfputs_r
                0x080072e4                __sprint_r
                0x08007304                _vfiprintf_r
                0x08007304                _vfprintf_r
                0x0800755c                vfiprintf
                0x0800755c                vfprintf
 .text          0x08007578       0x9c /usr/lib/gcc/arm-none-eabi/13.2.1/../../../arm-none-eabi/lib/thumb/v7-m/nofp/libc_nano.a(libc_a-wbuf.o)
                0x08007578                __swbuf_r
                0x08007600                __swbuf
 .text          0x08007614       0x4c /usr/lib/gcc/arm-none-eabi/13.2.1/../../../arm-none-eabi/lib/thumb/v7-m/nofp/libc_nano.a(libc_a-assert.o)
                0x08007614                __assert_func
                0x08007654                __assert
 .text          0x08007660      0xad0 /usr/lib/gcc/arm-none-eabi/13.2.1/../../../arm-none-eabi/lib/thumb/v7-m/nofp/libc_nano.a(libc_a-mprec.o)
                0x08007660                _Balloc
                0x080076e0                _Bfree
                0x08007728                __multadd
                0x080077c4                __s2b
                0x08007874                __hi0bits
                0x080078b8                __lo0bits
                0x08007914                __i2b
                0x08007940                __multiply
                0x08007aa4                __pow5mult
                0x08007b84                __lshift
                0x08007c6c                __mcmp
                0x08007cac                __mdiff
                0x08007e24                __ulp
                0x08007e74                __b2d
                0x08007f28                __d2b
                0x08007fe4                __ratio
                0x08008040                _mprec_log10
                0x08008078                __copybits
                0x080080d8                __any_on
 .text          0x08008130       0x24 /usr/lib/gcc/arm-none-eabi/13.2.1/../../../arm-none-eabi/lib/thumb/v7-m/nofp/libc_nano.a(libc_a-sbrkr.o)
                0x08008130                _sbrk_r
 .text          0x08008154       0x94 /usr/lib/gcc/arm-none-eabi/13.2.1/../../../arm-none-eabi/lib/thumb/v7-m/nofp/libc_nano.a(libc_a-stdio.o)
                0x08008154                __sread
                0x08008178                __seofread
                0x0800817c                __swrite
                0x080081bc                __sseek
                0x080081e0                __sclose
 .text          0x080081e8       0x10 /usr/lib/gcc/arm-none-eabi/13.2.1/../../../arm-none-eabi/lib/thumb/v7-m/nofp/libc_nano.a(libc_a-msizer.o)
                0x080081e8                _malloc_usable_size_r
 .text          0x080081f8       0x14 /usr/lib/gcc/arm-none-eabi/13.2.1/../../../arm-none-eabi/lib/thumb/v7-m/nofp/libc_nano.a(libc_a-localeconv.o)
                0x080081f8                __localeconv_l
                0x080081fc                _localeconv_r
                0x08008204                localeconv
 .text          0x0800820c      0x2ec /usr/lib/gcc/arm-none-eabi/13.2.1/../../../arm-none-eabi/lib/thumb/v7-m/nofp/libc_nano.a(libc_a-fvwrite.o)
                0x0800820c                __sfvwrite_r
 .text          0x080084f8       0x10 /usr/lib/gcc/arm-none-eabi/13.2.1/../../../arm-none-eabi/lib/thumb/v7-m/nofp/libc_nano.a(libc_a-abort.o)
                0x080084f8                abort
 .text          0x08008508       0x24 /usr/lib/gcc/arm-none-eabi/13.2.1/../../../arm-none-eabi/lib/thumb/v7-m/nofp/libc_nano.a(libc_a-closer.o)
                0x08008508                _close_r
 .text          0x0800852c       0x6c /usr/lib/gcc/arm-none-eabi/13.2.1/../../../arm-none-eabi/lib/thumb/v7-m/nofp/libc_nano.a(libc_a-strtok_r.o)
                0x0800852c                __strtok_r
                0x08008590                strtok_r
 .text          0x08008598       0x28 /usr/lib/gcc/arm-none-eabi/13.2.1/../../../arm-none-eabi/lib/thumb/v7-m/nofp/libc_nano.a(libc_a-callocr.o)
                0x08008598                _calloc_r
 .text          0x080085c0        0xc /usr/lib/gcc/arm-none-eabi/13.2.1/../../../arm-none-eabi/lib/thumb/v7-m/nofp/libc_nano.a(libc_a-errno.o)
                0x080085c0                __errno
 .text          0x080085cc       0x30 /usr/lib/gcc/arm-none-eabi/13.2.1/../../../arm-none-eabi/lib/thumb/v7-m/nofp/libc_nano.a(libc_a-wctomb_r.o)
                0x080085cc                _wctomb_r
                0x080085e0                __ascii_wctomb
 .text          0x080085fc       0x2c /usr/lib/gcc/arm-none-eabi/13.2.1/../../../arm-none-eabi/lib/thumb/v7-m/nofp/libc_nano.a(libc_a-readr.o)
                0x080085fc                _read_r
 .text          0x08008628       0x44 /usr/lib/gcc/arm-none-eabi/13.2.1/../../../arm-none-eabi/lib/thumb/v7-m/nofp/libc_nano.a(libc_a-fprintf.o)
                0x08008628                _fprintf_r
                0x08008628                _fiprintf_r
                0x08008644                fprintf
                0x08008644                fiprintf
 .text          0x0800866c       0x28 /usr/lib/gcc/arm-none-eabi/13.2.1/../../../arm-none-eabi/lib/thumb/v7-m/nofp/libc_nano.a(libc_a-fstatr.o)
                0x0800866c                _fstat_r
 .text          0x08008694       0x2c /usr/lib/gcc/arm-none-eabi/13.2.1/../../../arm-none-eabi/lib/thumb/v7-m/nofp/libc_nano.a(libc_a-lseekr.o)
                0x08008694                _lseek_r
 .text          0x080086c0       0x2c /usr/lib/gcc/arm-none-eabi/13.2.1/../../../arm-none-eabi/lib/thumb/v7-m/nofp/libc_nano.a(libc_a-writer.o)
                0x080086c0                _write_r
 .text          0x080086ec       0x40 /usr/lib/gcc/arm-none-eabi/13.2.1/../../../arm-none-eabi/lib/thumb/v7-m/nofp/libc_nano.a(libc_a-mbtowc_r.o)
                0x080086ec                _mbtowc_r
                0x08008700                __ascii_mbtowc
 .text          0x0800872c      0x264 /usr/lib/gcc/arm-none-eabi/13.2.1/../../../arm-none-eabi/lib/thumb/v7-m/nofp/libc_nano.a(libc_a-signal.o)
                0x0800872c                _init_signal_r
                0x08008758                _signal_r
                0x080087a4                _raise_r
                0x080087f4                __sigtramp_r
                0x08008858                raise
                0x080088ac                signal
                0x080088f8                _init_signal
                0x0800892c                __sigtramp
 .text          0x08008990       0x2c /usr/lib/gcc/arm-none-eabi/13.2.1/../../../arm-none-eabi/lib/thumb/v7-m/nofp/libc_nano.a(libc_a-signalr.o)
                0x08008990                _kill_r
                0x080089b8                _getpid_r
 .text          0x080089bc       0x10 /usr/lib/gcc/arm-none-eabi/13.2.1/../../../arm-none-eabi/lib/thumb/v7-m/nofp/libnosys.a(close.o)
                0x080089bc                _close
 .text          0x080089cc       0x10 /usr/lib/gcc/arm-none-eabi/13.2.1/../../../arm-none-eabi/lib/thumb/v7-m/nofp/libnosys.a(fstat.o)
                0x080089cc                _fstat
 .text          0x080089dc       0x10 /usr/lib/gcc/arm-none-eabi/13.2.1/../../../arm-none-eabi/lib/thumb/v7-m/nofp/libnosys.a(getpid.o)
                0x080089dc                _getpid
 .text          0x080089ec       0x10 /usr/lib/gcc/arm-none-eabi/13.2.1/../../../arm-none-eabi/lib/thumb/v7-m/nofp/libnosys.a(isatty.o)
                0x080089ec                _isatty
 .text          0x080089fc       0x10 /usr/lib/gcc/arm-none-eabi/13.2.1/../../../arm-none-eabi/lib/thumb/v7-m/nofp/libnosys.a(kill.o)
                0x080089fc                _kill
 .text          0x08008a0c       0x10 /usr/lib/gcc/arm-none-eabi/13.2.1/../../../arm-none-eabi/lib/thumb/v7-m/nofp/libnosys.a(lseek.o)
                0x08008a0c                _lseek
 .text          0x08008a1c       0x10 /usr/lib/gcc/arm-none-eabi/13.2.1/../../../arm-none-eabi/lib/thumb/v7-m/nofp/libnosys.a(read.o)
                0x08008a1c                _read
 .text          0x08008a2c       0x1c /usr/lib/gcc/arm-none-eabi/13.2.1/../../../arm-none-eabi/lib/thumb/v7-m/nofp/libnosys.a(sbrk.o)
                0x08008a2c                _sbrk
 .text          0x08008a48        0x4 /usr/lib/gcc/arm-none-eabi/13.2.1/../../../arm-none-eabi/lib/thumb/v7-m/nofp/libnosys.a(_exit.o)
                0x08008a48                _exit
 .text          0x08008a4c      0x378 /usr/lib/gcc/arm-none-eabi/13.2.1/thumb/v7-m/nofp/libgcc.a(_arm_addsubdf3.o)
                0x08008a4c                __aeabi_drsub
                0x08008a54                __aeabi_dsub
                0x08008a54                __subdf3
                0x08008a58                __adddf3
                0x08008a58                __aeabi_dadd
                0x08008cd0                __aeabi_ui2d
                0x08008cd0                __floatunsidf
                0x08008cf0                __floatsidf
                0x08008cf0                __aeabi_i2d
                0x08008d14                __extendsfdf2
                0x08008d14                __aeabi_f2d
                0x08008d58                __aeabi_ul2d
                0x08008d58                __floatundidf
                0x08008d68                __floatdidf
                0x08008d68                __aeabi_l2d
 .text          0x08008dc4      0x424 /usr/lib/gcc/arm-none-eabi/13.2.1/thumb/v7-m/nofp/libgcc.a(_arm_muldivdf3.o)
                0x08008dc4                __aeabi_dmul
                0x08008dc4                __muldf3
                0x08009018                __aeabi_ddiv
                0x08009018                __divdf3
 .text          0x080091e8      0x110 /usr/lib/gcc/arm-none-eabi/13.2.1/thumb/v7-m/nofp/libgcc.a(_arm_cmpdf2.o)
                0x080091e8                __gtdf2
                0x080091e8                __gedf2
                0x080091f0                __ltdf2
                0x080091f0                __ledf2
                0x080091f8                __cmpdf2
                0x080091f8                __eqdf2
                0x080091f8                __nedf2
                0x08009274                __aeabi_cdrcmple
                0x08009284                __aeabi_cdcmple
                0x08009284                __aeabi_cdcmpeq
                0x08009294                __aeabi_dcmpeq
                0x080092a8                __aeabi_dcmplt
                0x080092bc                __aeabi_dcmple
                0x080092d0                __aeabi_dcmpge
                0x080092e4                __aeabi_dcmpgt
 .text          0x080092f8       0x2c /usr/lib/gcc/arm-none-eabi/13.2.1/thumb/v7-m/nofp/libgcc.a(_arm_unorddf2.o)
                0x080092f8                __aeabi_dcmpun
                0x080092f8                __unorddf2
 .text          0x08009324       0x50 /usr/lib/gcc/arm-none-eabi/13.2.1/thumb/v7-m/nofp/libgcc.a(_arm_fixdfsi.o)
                0x08009324                __fixdfsi
                0x08009324                __aeabi_d2iz
 .text          0x08009374      0x21c /usr/lib/gcc/arm-none-eabi/13.2.1/thumb/v7-m/nofp/libgcc.a(_arm_addsubsf3.o)
                0x08009374                __aeabi_frsub
                0x0800937c                __subsf3
                0x0800937c                __aeabi_fsub
                0x08009380                __aeabi_fadd
                0x08009380                __addsf3
                0x080094e0                __aeabi_ui2f
                0x080094e0                __floatunsisf
                0x080094e8                __aeabi_i2f
                0x080094e8                __floatsisf
                0x08009504                __floatundisf
                0x08009504                __aeabi_ul2f
                0x08009514                __floatdisf
                0x08009514                __aeabi_l2f
 .text          0x08009590      0x2a0 /usr/lib/gcc/arm-none-eabi/13.2.1/thumb/v7-m/nofp/libgcc.a(_arm_muldivsf3.o)
                0x08009590                __mulsf3
                0x08009590                __aeabi_fmul
                0x080096f8                __divsf3
                0x080096f8                __aeabi_fdiv
 .text          0x08009830       0xec /usr/lib/gcc/arm-none-eabi/13.2.1/thumb/v7-m/nofp/libgcc.a(_arm_cmpsf2.o)
                0x08009830                __gtsf2
                0x08009830                __gesf2
                0x08009838                __lesf2
                0x08009838                __ltsf2
                0x08009840                __nesf2
                0x08009840                __eqsf2
                0x08009840                __cmpsf2
                0x080098a0                __aeabi_cfrcmple
                0x080098a8                __aeabi_cfcmple
                0x080098a8                __aeabi_cfcmpeq
                0x080098b8                __aeabi_fcmpeq
                0x080098cc                __aeabi_fcmplt
                0x080098e0                __aeabi_fcmple
                0x080098f4                __aeabi_fcmpge
                0x08009908                __aeabi_fcmpgt
 .text          0x0800991c       0x4c /usr/lib/gcc/arm-none-eabi/13.2.1/thumb/v7-m/nofp/libgcc.a(_arm_fixsfsi.o)
                0x0800991c                __fixsfsi
                0x0800991c                __aeabi_f2iz
 *(.rodata*)
 .rodata        0x08009968      0x236 /workspaces/qgv/hovercar-gd32/build/obj/main.o
 *fill*         0x08009b9e        0x2 
 .rodata.buzzer_startup_sequence
                0x08009ba0       0x24 /workspaces/qgv/hovercar-gd32/build/obj/buzzer.o
 .rodata.buzzer_shutdown_sequence
                0x08009bc4       0x24 /workspaces/qgv/hovercar-gd32/build/obj/buzzer.o
 .rodata.buzzer_confirm_sequence
                0x08009be8       0x18 /workspaces/qgv/hovercar-gd32/build/obj/buzzer.o
 .rodata.buzzer_cancel_sequence
                0x08009c00       0x12 /workspaces/qgv/hovercar-gd32/build/obj/buzzer.o
 *fill*         0x08009c12        0x2 
 .rodata.buzzer_info_sequence
                0x08009c14        0xc /workspaces/qgv/hovercar-gd32/build/obj/buzzer.o
 .rodata.buzzer_alert_sequence
                0x08009c20        0xc /workspaces/qgv/hovercar-gd32/build/obj/buzzer.o
 .rodata.buzzer_battery_low_sequence
                0x08009c2c       0x12 /workspaces/qgv/hovercar-gd32/build/obj/buzzer.o
 *fill*         0x08009c3e        0x2 
 .rodata.buzzer_init_sequence
                0x08009c40        0xc /workspaces/qgv/hovercar-gd32/build/obj/buzzer.o
 .rodata.buzzer_ready_sequence
                0x08009c4c        0xc /workspaces/qgv/hovercar-gd32/build/obj/buzzer.o
 .rodata.buzzer_enable_sequence
                0x08009c58        0xc /workspaces/qgv/hovercar-gd32/build/obj/buzzer.o
 .rodata.buzzer_disable_sequence
                0x08009c64        0xc /workspaces/qgv/hovercar-gd32/build/obj/buzzer.o
 .rodata.buzzer_warning_sequence
                0x08009c70        0xc /workspaces/qgv/hovercar-gd32/build/obj/buzzer.o
 .rodata.buzzer_error_sequence
                0x08009c7c        0xc /workspaces/qgv/hovercar-gd32/build/obj/buzzer.o
 .rodata.buzzer_ping_sequence
                0x08009c88        0xc /workspaces/qgv/hovercar-gd32/build/obj/buzzer.o
 .rodata        0x08009c94       0x36 /workspaces/qgv/hovercar-gd32/build/obj/bldc.o
 *fill*         0x08009cca        0x2 
 .rodata        0x08009ccc       0xf9 /workspaces/qgv/hovercar-gd32/build/obj/setup.o
 *fill*         0x08009dc5        0x3 
 .rodata        0x08009dc8      0x11b /workspaces/qgv/hovercar-gd32/build/obj/remote.o
 *fill*         0x08009ee3        0x1 
 .rodata        0x08009ee4      0x287 /workspaces/qgv/hovercar-gd32/build/obj/usart.o
 *fill*         0x0800a16b        0x1 
 .rodata        0x0800a16c       0x43 /workspaces/qgv/hovercar-gd32/build/obj/power.o
 *fill*         0x0800a1af        0x1 
 .rodata        0x0800a1b0       0x18 /workspaces/qgv/hovercar-gd32/build/obj/gd32f10x_rcu.o
 .rodata.str1.4
                0x0800a1c8      0x166 /usr/lib/gcc/arm-none-eabi/13.2.1/../../../arm-none-eabi/lib/thumb/v7-m/nofp/libc_nano.a(libc_a-nano-svfprintf.o)
                                 0x13 (size before relaxing)
 .rodata.str1.4
                0x0800a32e       0x12 /usr/lib/gcc/arm-none-eabi/13.2.1/../../../arm-none-eabi/lib/thumb/v7-m/nofp/libc_nano.a(libc_a-nano-vfprintf_float.o)
 .rodata.str1.4
                0x0800a32e       0x69 /usr/lib/gcc/arm-none-eabi/13.2.1/../../../arm-none-eabi/lib/thumb/v7-m/nofp/libc_nano.a(libc_a-dtoa.o)
 .rodata.str1.4
                0x0800a32e       0x46 /usr/lib/gcc/arm-none-eabi/13.2.1/../../../arm-none-eabi/lib/thumb/v7-m/nofp/libc_nano.a(libc_a-strtok.o)
 .rodata.str1.4
                0x0800a32e       0x25 /usr/lib/gcc/arm-none-eabi/13.2.1/../../../arm-none-eabi/lib/thumb/v7-m/nofp/libc_nano.a(libc_a-nano-vfprintf_i.o)
 *fill*         0x0800a32e        0x2 
 .rodata        0x0800a330      0x101 /usr/lib/gcc/arm-none-eabi/13.2.1/../../../arm-none-eabi/lib/thumb/v7-m/nofp/libc_nano.a(libc_a-ctype_.o)
                0x0800a330                _ctype_
 .rodata.str1.4
                0x0800a431       0x13 /usr/lib/gcc/arm-none-eabi/13.2.1/../../../arm-none-eabi/lib/thumb/v7-m/nofp/libc_nano.a(libc_a-nano-vfprintf.o)
 .rodata.str1.4
                0x0800a431       0x43 /usr/lib/gcc/arm-none-eabi/13.2.1/../../../arm-none-eabi/lib/thumb/v7-m/nofp/libc_nano.a(libc_a-assert.o)
 .rodata.str1.4
                0x0800a431       0x59 /usr/lib/gcc/arm-none-eabi/13.2.1/../../../arm-none-eabi/lib/thumb/v7-m/nofp/libc_nano.a(libc_a-mprec.o)
 *fill*         0x0800a431        0x7 
 .rodata        0x0800a438      0x128 /usr/lib/gcc/arm-none-eabi/13.2.1/../../../arm-none-eabi/lib/thumb/v7-m/nofp/libc_nano.a(libc_a-mprec.o)
                0x0800a448                __mprec_tens
                0x0800a510                __mprec_tinytens
                0x0800a538                __mprec_bigtens
 .rodata.str1.4
                0x0800a560       0x12 /usr/lib/gcc/arm-none-eabi/13.2.1/../../../arm-none-eabi/lib/thumb/v7-m/nofp/libc_nano.a(libc_a-locale.o)
 *(.glue_7)
 .glue_7        0x0800a560        0x0 linker stubs
 *(.glue_7t)
 .glue_7t       0x0800a560        0x0 linker stubs
 *(.eh_frame)
 *(.init)
 .init          0x0800a560        0x4 /usr/lib/gcc/arm-none-eabi/13.2.1/thumb/v7-m/nofp/crti.o
                0x0800a560                _init
 .init          0x0800a564        0x8 /usr/lib/gcc/arm-none-eabi/13.2.1/thumb/v7-m/nofp/crtn.o
 *(.fini)
 .fini          0x0800a56c        0x4 /usr/lib/gcc/arm-none-eabi/13.2.1/thumb/v7-m/nofp/crti.o
                0x0800a56c                _fini
 .fini          0x0800a570        0x8 /usr/lib/gcc/arm-none-eabi/13.2.1/thumb/v7-m/nofp/crtn.o
                0x0800a578                        . = ALIGN (0x4)
                0x0800a578                        _etext = .
                0x0800a580                        _sidata = LOADADDR (.data)

.vfp11_veneer   0x0800a578        0x0
 .vfp11_veneer  0x0800a578        0x0 linker stubs

.v4_bx          0x0800a578        0x0
 .v4_bx         0x0800a578        0x0 linker stubs

.iplt           0x0800a578        0x0
 .iplt          0x0800a578        0x0 /workspaces/qgv/hovercar-gd32/build/obj/main.o

.rel.dyn        0x0800a578        0x0
 .rel.iplt      0x0800a578        0x0 /workspaces/qgv/hovercar-gd32/build/obj/main.o

.ARM.exidx      0x0800a578        0x8
 .ARM.exidx     0x0800a578        0x8 /usr/lib/gcc/arm-none-eabi/13.2.1/../../../arm-none-eabi/lib/thumb/v7-m/nofp/libc_nano.a(libc_a-memcpy.o)
 .ARM.exidx     0x0800a580        0x0 /usr/lib/gcc/arm-none-eabi/13.2.1/../../../arm-none-eabi/lib/thumb/v7-m/nofp/libc_nano.a(libc_a-strcmp.o)
                                  0x8 (size before relaxing)

.data           0x20000000      0x1dc load address 0x0800a580
                0x20000000                        . = ALIGN (0x4)
                0x20000000                        _sdata = .
 *(.data*)
 .data.battery_voltage
                0x20000000        0x4 /workspaces/qgv/hovercar-gd32/build/obj/bldc.o
                0x20000000                battery_voltage
 .data.remote_config
                0x20000004        0xa /workspaces/qgv/hovercar-gd32/build/obj/remote.o
 *fill*         0x2000000e        0x2 
 .data.SystemCoreClock
                0x20000010        0x4 /workspaces/qgv/hovercar-gd32/build/obj/system_gd32f10x.o
                0x20000010                SystemCoreClock
 .data          0x20000014       0x50 /usr/lib/gcc/arm-none-eabi/13.2.1/../../../arm-none-eabi/lib/thumb/v7-m/nofp/libc_nano.a(libc_a-impure.o)
                0x20000014                _impure_ptr
                0x20000018                _impure_data
 .data          0x20000064        0xc /usr/lib/gcc/arm-none-eabi/13.2.1/../../../arm-none-eabi/lib/thumb/v7-m/nofp/libc_nano.a(libc_a-findfp.o)
                0x20000064                __sglue
 .data          0x20000070      0x16c /usr/lib/gcc/arm-none-eabi/13.2.1/../../../arm-none-eabi/lib/thumb/v7-m/nofp/libc_nano.a(libc_a-locale.o)
                0x20000070                __global_locale
                0x200001dc                        . = ALIGN (0x4)
                0x200001dc                        _edata = .

.igot.plt       0x200001dc        0x0 load address 0x0800a75c
 .igot.plt      0x200001dc        0x0 /workspaces/qgv/hovercar-gd32/build/obj/main.o

.bss            0x200001dc      0x35c load address 0x0800a75c
                0x200001dc                        . = ALIGN (0x4)
                0x200001dc                        _sbss = .
 *(.bss*)
 .bss.vehicle   0x200001dc        0xc /workspaces/qgv/hovercar-gd32/build/obj/main.o
                0x200001dc                vehicle
 .bss.inactivity_counter
                0x200001e8        0x4 /workspaces/qgv/hovercar-gd32/build/obj/main.o
 .bss.remote_timeout
                0x200001ec        0x1 /workspaces/qgv/hovercar-gd32/build/obj/main.o
 .bss.battery_voltage_check_enabled
                0x200001ed        0x1 /workspaces/qgv/hovercar-gd32/build/obj/main.o
 .bss.system_state
                0x200001ee        0x1 /workspaces/qgv/hovercar-gd32/build/obj/main.o
 *fill*         0x200001ef        0x1 
 .bss.last_loop_time.9
                0x200001f0        0x4 /workspaces/qgv/hovercar-gd32/build/obj/main.o
 .bss.debug_counter.8
                0x200001f4        0x4 /workspaces/qgv/hovercar-gd32/build/obj/main.o
 .bss.low_bat_blink.7
                0x200001f8        0x4 /workspaces/qgv/hovercar-gd32/build/obj/main.o
 .bss.error_count.6
                0x200001fc        0x1 /workspaces/qgv/hovercar-gd32/build/obj/main.o
 .bss.last_error.5
                0x200001fd        0x1 /workspaces/qgv/hovercar-gd32/build/obj/main.o
 .bss.filtered_throttle.4
                0x200001fe        0x2 /workspaces/qgv/hovercar-gd32/build/obj/main.o
 .bss.filtered_steering.3
                0x20000200        0x2 /workspaces/qgv/hovercar-gd32/build/obj/main.o
 .bss.button_handled.2
                0x20000202        0x1 /workspaces/qgv/hovercar-gd32/build/obj/main.o
 *fill*         0x20000203        0x1 
 .bss.button_press_time.1
                0x20000204        0x4 /workspaces/qgv/hovercar-gd32/build/obj/main.o
 .bss.led_counter.0
                0x20000208        0x4 /workspaces/qgv/hovercar-gd32/build/obj/main.o
 .bss.buzzer_state
                0x2000020c       0x10 /workspaces/qgv/hovercar-gd32/build/obj/buzzer.o
 .bss.left_motor
                0x2000021c        0xc /workspaces/qgv/hovercar-gd32/build/obj/bldc.o
                0x2000021c                left_motor
 .bss.right_motor
                0x20000228        0xc /workspaces/qgv/hovercar-gd32/build/obj/bldc.o
                0x20000228                right_motor
 .bss.adc_buffer
                0x20000234        0x6 /workspaces/qgv/hovercar-gd32/build/obj/bldc.o
                0x20000234                adc_buffer
 *fill*         0x2000023a        0x2 
 .bss.dc_current
                0x2000023c        0x4 /workspaces/qgv/hovercar-gd32/build/obj/bldc.o
                0x2000023c                dc_current
 .bss.motors_enabled
                0x20000240        0x1 /workspaces/qgv/hovercar-gd32/build/obj/bldc.o
                0x20000240                motors_enabled
 *fill*         0x20000241        0x3 
 .bss.system_ticks
                0x20000244        0x4 /workspaces/qgv/hovercar-gd32/build/obj/setup.o
                0x20000244                system_ticks
 .bss.remote_channels
                0x20000248       0x10 /workspaces/qgv/hovercar-gd32/build/obj/remote.o
 .bss.last_remote_update
                0x20000258        0x4 /workspaces/qgv/hovercar-gd32/build/obj/remote.o
 .bss.remote_connected
                0x2000025c        0x1 /workspaces/qgv/hovercar-gd32/build/obj/remote.o
 .bss.remote_mode
                0x2000025d        0x1 /workspaces/qgv/hovercar-gd32/build/obj/remote.o
 *fill*         0x2000025e        0x2 
 .bss.uart_rx_buffer
                0x20000260       0x80 /workspaces/qgv/hovercar-gd32/build/obj/remote.o
 .bss.uart_rx_index
                0x200002e0        0x2 /workspaces/qgv/hovercar-gd32/build/obj/remote.o
 *fill*         0x200002e2        0x2 
 .bss.last_update_time.3
                0x200002e4        0x4 /workspaces/qgv/hovercar-gd32/build/obj/remote.o
 .bss.rx_buffer
                0x200002e8      0x100 /workspaces/qgv/hovercar-gd32/build/obj/usart.o
 .bss.rx_index  0x200003e8        0x2 /workspaces/qgv/hovercar-gd32/build/obj/usart.o
 .bss.rx_ready  0x200003ea        0x1 /workspaces/qgv/hovercar-gd32/build/obj/usart.o
 .bss.latched   0x200003eb        0x1 /workspaces/qgv/hovercar-gd32/build/obj/power.o
 .bss           0x200003ec      0x13c /usr/lib/gcc/arm-none-eabi/13.2.1/../../../arm-none-eabi/lib/thumb/v7-m/nofp/libc_nano.a(libc_a-findfp.o)
                0x200003ec                __sf
                0x20000524                __stdio_exit_handler
 .bss           0x20000528        0x8 /usr/lib/gcc/arm-none-eabi/13.2.1/../../../arm-none-eabi/lib/thumb/v7-m/nofp/libc_nano.a(libc_a-mallocr.o)
                0x20000528                __malloc_sbrk_start
                0x2000052c                __malloc_free_list
 .bss           0x20000530        0x4 /usr/lib/gcc/arm-none-eabi/13.2.1/../../../arm-none-eabi/lib/thumb/v7-m/nofp/libc_nano.a(libc_a-reent.o)
                0x20000530                errno
 .bss           0x20000534        0x4 /usr/lib/gcc/arm-none-eabi/13.2.1/../../../arm-none-eabi/lib/thumb/v7-m/nofp/libnosys.a(sbrk.o)
 *(COMMON)
                0x20000538                        . = ALIGN (0x4)
                0x20000538                        _ebss = .

._user_heap_stack
                0x20000538      0x600 load address 0x0800a75c
                0x20000538                        . = ALIGN (0x8)
                0x20000538                        PROVIDE (end = .)
                [!provide]                        PROVIDE (_end = .)
                0x20000738                        . = (. + 0x200)
 *fill*         0x20000538      0x200 
                0x20000b38                        . = (. + 0x400)
 *fill*         0x20000738      0x400 
                0x20000b38                        . = ALIGN (0x8)

.ARM.attributes
                0x00000000       0x29
 *(.ARM.attributes)
 .ARM.attributes
                0x00000000       0x1d /usr/lib/gcc/arm-none-eabi/13.2.1/thumb/v7-m/nofp/crti.o
 .ARM.attributes
                0x0000001d       0x2d /workspaces/qgv/hovercar-gd32/build/obj/main.o
 .ARM.attributes
                0x0000004a       0x2d /workspaces/qgv/hovercar-gd32/build/obj/buzzer.o
 .ARM.attributes
                0x00000077       0x2d /workspaces/qgv/hovercar-gd32/build/obj/bldc.o
 .ARM.attributes
                0x000000a4       0x2d /workspaces/qgv/hovercar-gd32/build/obj/setup.o
 .ARM.attributes
                0x000000d1       0x2d /workspaces/qgv/hovercar-gd32/build/obj/remote.o
 .ARM.attributes
                0x000000fe       0x2d /workspaces/qgv/hovercar-gd32/build/obj/usart.o
 .ARM.attributes
                0x0000012b       0x2d /workspaces/qgv/hovercar-gd32/build/obj/power.o
 .ARM.attributes
                0x00000158       0x2d /workspaces/qgv/hovercar-gd32/build/obj/gd32f10x_gpio.o
 .ARM.attributes
                0x00000185       0x2d /workspaces/qgv/hovercar-gd32/build/obj/gd32f10x_rcu.o
 .ARM.attributes
                0x000001b2       0x2d /workspaces/qgv/hovercar-gd32/build/obj/gd32f10x_timer.o
 .ARM.attributes
                0x000001df       0x2d /workspaces/qgv/hovercar-gd32/build/obj/gd32f10x_adc.o
 .ARM.attributes
                0x0000020c       0x2d /workspaces/qgv/hovercar-gd32/build/obj/gd32f10x_dma.o
 .ARM.attributes
                0x00000239       0x2d /workspaces/qgv/hovercar-gd32/build/obj/gd32f10x_usart.o
 .ARM.attributes
                0x00000266       0x2d /workspaces/qgv/hovercar-gd32/build/obj/gd32f10x_fwdgt.o
 .ARM.attributes
                0x00000293       0x2d /workspaces/qgv/hovercar-gd32/build/obj/gd32f10x_fmc.o
 .ARM.attributes
                0x000002c0       0x2d /workspaces/qgv/hovercar-gd32/build/obj/gd32f10x_misc.o
 .ARM.attributes
                0x000002ed       0x2d /workspaces/qgv/hovercar-gd32/build/obj/system_gd32f10x.o
 .ARM.attributes
                0x0000031a       0x21 /workspaces/qgv/hovercar-gd32/build/obj/startup_gd32f10x_md.o
 .ARM.attributes
                0x0000033b       0x2d /usr/lib/gcc/arm-none-eabi/13.2.1/../../../arm-none-eabi/lib/thumb/v7-m/nofp/libc_nano.a(libc_a-vsnprintf.o)
 .ARM.attributes
                0x00000368       0x2d /usr/lib/gcc/arm-none-eabi/13.2.1/../../../arm-none-eabi/lib/thumb/v7-m/nofp/libc_nano.a(libc_a-strlen-stub.o)
 .ARM.attributes
                0x00000395       0x2d /usr/lib/gcc/arm-none-eabi/13.2.1/../../../arm-none-eabi/lib/thumb/v7-m/nofp/libc_nano.a(libc_a-impure.o)
 .ARM.attributes
                0x000003c2       0x2d /usr/lib/gcc/arm-none-eabi/13.2.1/../../../arm-none-eabi/lib/thumb/v7-m/nofp/libc_nano.a(libc_a-nano-svfprintf.o)
 .ARM.attributes
                0x000003ef       0x2d /usr/lib/gcc/arm-none-eabi/13.2.1/../../../arm-none-eabi/lib/thumb/v7-m/nofp/libc_nano.a(libc_a-init.o)
 .ARM.attributes
                0x0000041c       0x2d /usr/lib/gcc/arm-none-eabi/13.2.1/../../../arm-none-eabi/lib/thumb/v7-m/nofp/libc_nano.a(libc_a-puts.o)
 .ARM.attributes
                0x00000449       0x2d /usr/lib/gcc/arm-none-eabi/13.2.1/../../../arm-none-eabi/lib/thumb/v7-m/nofp/libc_nano.a(libc_a-findfp.o)
 .ARM.attributes
                0x00000476       0x2d /usr/lib/gcc/arm-none-eabi/13.2.1/../../../arm-none-eabi/lib/thumb/v7-m/nofp/libc_nano.a(libc_a-memset.o)
 .ARM.attributes
                0x000004a3       0x2d /usr/lib/gcc/arm-none-eabi/13.2.1/../../../arm-none-eabi/lib/thumb/v7-m/nofp/libc_nano.a(libc_a-fflush.o)
 .ARM.attributes
                0x000004d0       0x2d /usr/lib/gcc/arm-none-eabi/13.2.1/../../../arm-none-eabi/lib/thumb/v7-m/nofp/libc_nano.a(libc_a-nano-vfprintf_float.o)
 .ARM.attributes
                0x000004fd       0x2d /usr/lib/gcc/arm-none-eabi/13.2.1/../../../arm-none-eabi/lib/thumb/v7-m/nofp/libc_nano.a(libc_a-mallocr.o)
 .ARM.attributes
                0x0000052a       0x2d /usr/lib/gcc/arm-none-eabi/13.2.1/../../../arm-none-eabi/lib/thumb/v7-m/nofp/libc_nano.a(libc_a-dtoa.o)
 .ARM.attributes
                0x00000557       0x2d /usr/lib/gcc/arm-none-eabi/13.2.1/../../../arm-none-eabi/lib/thumb/v7-m/nofp/libc_nano.a(libc_a-freer.o)
 .ARM.attributes
                0x00000584       0x2d /usr/lib/gcc/arm-none-eabi/13.2.1/../../../arm-none-eabi/lib/thumb/v7-m/nofp/libc_nano.a(libc_a-memmove.o)
 .ARM.attributes
                0x000005b1       0x2d /usr/lib/gcc/arm-none-eabi/13.2.1/../../../arm-none-eabi/lib/thumb/v7-m/nofp/libc_nano.a(libc_a-atoi.o)
 .ARM.attributes
                0x000005de       0x2d /usr/lib/gcc/arm-none-eabi/13.2.1/../../../arm-none-eabi/lib/thumb/v7-m/nofp/libc_nano.a(libc_a-strtol.o)
 .ARM.attributes
                0x0000060b       0x2d /usr/lib/gcc/arm-none-eabi/13.2.1/../../../arm-none-eabi/lib/thumb/v7-m/nofp/libc_nano.a(libc_a-fwalk.o)
 .ARM.attributes
                0x00000638       0x2d /usr/lib/gcc/arm-none-eabi/13.2.1/../../../arm-none-eabi/lib/thumb/v7-m/nofp/libc_nano.a(libc_a-wsetup.o)
 .ARM.attributes
                0x00000665       0x1b /usr/lib/gcc/arm-none-eabi/13.2.1/../../../arm-none-eabi/lib/thumb/v7-m/nofp/libc_nano.a(libc_a-memcpy.o)
 .ARM.attributes
                0x00000680       0x2d /usr/lib/gcc/arm-none-eabi/13.2.1/../../../arm-none-eabi/lib/thumb/v7-m/nofp/libc_nano.a(libc_a-malloc.o)
 .ARM.attributes
                0x000006ad       0x2d /usr/lib/gcc/arm-none-eabi/13.2.1/../../../arm-none-eabi/lib/thumb/v7-m/nofp/libc_nano.a(libc_a-strtok.o)
 .ARM.attributes
                0x000006da       0x2d /usr/lib/gcc/arm-none-eabi/13.2.1/../../../arm-none-eabi/lib/thumb/v7-m/nofp/libc_nano.a(libc_a-reallocr.o)
 .ARM.attributes
                0x00000707       0x2d /usr/lib/gcc/arm-none-eabi/13.2.1/../../../arm-none-eabi/lib/thumb/v7-m/nofp/libc_nano.a(libc_a-nano-vfprintf_i.o)
 .ARM.attributes
                0x00000734       0x2d /usr/lib/gcc/arm-none-eabi/13.2.1/../../../arm-none-eabi/lib/thumb/v7-m/nofp/libc_nano.a(libc_a-mlock.o)
 .ARM.attributes
                0x00000761       0x2d /usr/lib/gcc/arm-none-eabi/13.2.1/../../../arm-none-eabi/lib/thumb/v7-m/nofp/libc_nano.a(libc_a-strncmp.o)
 .ARM.attributes
                0x0000078e       0x2d /usr/lib/gcc/arm-none-eabi/13.2.1/../../../arm-none-eabi/lib/thumb/v7-m/nofp/libc_nano.a(libc_a-makebuf.o)
 .ARM.attributes
                0x000007bb       0x1b /usr/lib/gcc/arm-none-eabi/13.2.1/../../../arm-none-eabi/lib/thumb/v7-m/nofp/libc_nano.a(libc_a-strcmp.o)
 .ARM.attributes
                0x000007d6       0x2d /usr/lib/gcc/arm-none-eabi/13.2.1/../../../arm-none-eabi/lib/thumb/v7-m/nofp/libc_nano.a(libc_a-ctype_.o)
 .ARM.attributes
                0x00000803       0x2d /usr/lib/gcc/arm-none-eabi/13.2.1/../../../arm-none-eabi/lib/thumb/v7-m/nofp/libc_nano.a(libc_a-memchr-stub.o)
 .ARM.attributes
                0x00000830       0x2d /usr/lib/gcc/arm-none-eabi/13.2.1/../../../arm-none-eabi/lib/thumb/v7-m/nofp/libc_nano.a(libc_a-printf.o)
 .ARM.attributes
                0x0000085d       0x2d /usr/lib/gcc/arm-none-eabi/13.2.1/../../../arm-none-eabi/lib/thumb/v7-m/nofp/libc_nano.a(libc_a-isattyr.o)
 .ARM.attributes
                0x0000088a       0x2d /usr/lib/gcc/arm-none-eabi/13.2.1/../../../arm-none-eabi/lib/thumb/v7-m/nofp/libc_nano.a(libc_a-nano-vfprintf.o)
 .ARM.attributes
                0x000008b7       0x2d /usr/lib/gcc/arm-none-eabi/13.2.1/../../../arm-none-eabi/lib/thumb/v7-m/nofp/libc_nano.a(libc_a-wbuf.o)
 .ARM.attributes
                0x000008e4       0x2d /usr/lib/gcc/arm-none-eabi/13.2.1/../../../arm-none-eabi/lib/thumb/v7-m/nofp/libc_nano.a(libc_a-assert.o)
 .ARM.attributes
                0x00000911       0x2d /usr/lib/gcc/arm-none-eabi/13.2.1/../../../arm-none-eabi/lib/thumb/v7-m/nofp/libc_nano.a(libc_a-mprec.o)
 .ARM.attributes
                0x0000093e       0x2d /usr/lib/gcc/arm-none-eabi/13.2.1/../../../arm-none-eabi/lib/thumb/v7-m/nofp/libc_nano.a(libc_a-sbrkr.o)
 .ARM.attributes
                0x0000096b       0x2d /usr/lib/gcc/arm-none-eabi/13.2.1/../../../arm-none-eabi/lib/thumb/v7-m/nofp/libc_nano.a(libc_a-stdio.o)
 .ARM.attributes
                0x00000998       0x2d /usr/lib/gcc/arm-none-eabi/13.2.1/../../../arm-none-eabi/lib/thumb/v7-m/nofp/libc_nano.a(libc_a-msizer.o)
 .ARM.attributes
                0x000009c5       0x2d /usr/lib/gcc/arm-none-eabi/13.2.1/../../../arm-none-eabi/lib/thumb/v7-m/nofp/libc_nano.a(libc_a-localeconv.o)
 .ARM.attributes
                0x000009f2       0x2d /usr/lib/gcc/arm-none-eabi/13.2.1/../../../arm-none-eabi/lib/thumb/v7-m/nofp/libc_nano.a(libc_a-fvwrite.o)
 .ARM.attributes
                0x00000a1f       0x2d /usr/lib/gcc/arm-none-eabi/13.2.1/../../../arm-none-eabi/lib/thumb/v7-m/nofp/libc_nano.a(libc_a-abort.o)
 .ARM.attributes
                0x00000a4c       0x2d /usr/lib/gcc/arm-none-eabi/13.2.1/../../../arm-none-eabi/lib/thumb/v7-m/nofp/libc_nano.a(libc_a-closer.o)
 .ARM.attributes
                0x00000a79       0x2d /usr/lib/gcc/arm-none-eabi/13.2.1/../../../arm-none-eabi/lib/thumb/v7-m/nofp/libc_nano.a(libc_a-strtok_r.o)
 .ARM.attributes
                0x00000aa6       0x2d /usr/lib/gcc/arm-none-eabi/13.2.1/../../../arm-none-eabi/lib/thumb/v7-m/nofp/libc_nano.a(libc_a-callocr.o)
 .ARM.attributes
                0x00000ad3       0x2d /usr/lib/gcc/arm-none-eabi/13.2.1/../../../arm-none-eabi/lib/thumb/v7-m/nofp/libc_nano.a(libc_a-errno.o)
 .ARM.attributes
                0x00000b00       0x2d /usr/lib/gcc/arm-none-eabi/13.2.1/../../../arm-none-eabi/lib/thumb/v7-m/nofp/libc_nano.a(libc_a-locale.o)
 .ARM.attributes
                0x00000b2d       0x2d /usr/lib/gcc/arm-none-eabi/13.2.1/../../../arm-none-eabi/lib/thumb/v7-m/nofp/libc_nano.a(libc_a-wctomb_r.o)
 .ARM.attributes
                0x00000b5a       0x2d /usr/lib/gcc/arm-none-eabi/13.2.1/../../../arm-none-eabi/lib/thumb/v7-m/nofp/libc_nano.a(libc_a-readr.o)
 .ARM.attributes
                0x00000b87       0x2d /usr/lib/gcc/arm-none-eabi/13.2.1/../../../arm-none-eabi/lib/thumb/v7-m/nofp/libc_nano.a(libc_a-fprintf.o)
 .ARM.attributes
                0x00000bb4       0x2d /usr/lib/gcc/arm-none-eabi/13.2.1/../../../arm-none-eabi/lib/thumb/v7-m/nofp/libc_nano.a(libc_a-reent.o)
 .ARM.attributes
                0x00000be1       0x2d /usr/lib/gcc/arm-none-eabi/13.2.1/../../../arm-none-eabi/lib/thumb/v7-m/nofp/libc_nano.a(libc_a-fstatr.o)
 .ARM.attributes
                0x00000c0e       0x2d /usr/lib/gcc/arm-none-eabi/13.2.1/../../../arm-none-eabi/lib/thumb/v7-m/nofp/libc_nano.a(libc_a-lseekr.o)
 .ARM.attributes
                0x00000c3b       0x2d /usr/lib/gcc/arm-none-eabi/13.2.1/../../../arm-none-eabi/lib/thumb/v7-m/nofp/libc_nano.a(libc_a-writer.o)
 .ARM.attributes
                0x00000c68       0x2d /usr/lib/gcc/arm-none-eabi/13.2.1/../../../arm-none-eabi/lib/thumb/v7-m/nofp/libc_nano.a(libc_a-mbtowc_r.o)
 .ARM.attributes
                0x00000c95       0x2d /usr/lib/gcc/arm-none-eabi/13.2.1/../../../arm-none-eabi/lib/thumb/v7-m/nofp/libc_nano.a(libc_a-signal.o)
 .ARM.attributes
                0x00000cc2       0x2d /usr/lib/gcc/arm-none-eabi/13.2.1/../../../arm-none-eabi/lib/thumb/v7-m/nofp/libc_nano.a(libc_a-signalr.o)
 .ARM.attributes
                0x00000cef       0x2d /usr/lib/gcc/arm-none-eabi/13.2.1/../../../arm-none-eabi/lib/thumb/v7-m/nofp/libnosys.a(close.o)
 .ARM.attributes
                0x00000d1c       0x2d /usr/lib/gcc/arm-none-eabi/13.2.1/../../../arm-none-eabi/lib/thumb/v7-m/nofp/libnosys.a(fstat.o)
 .ARM.attributes
                0x00000d49       0x2d /usr/lib/gcc/arm-none-eabi/13.2.1/../../../arm-none-eabi/lib/thumb/v7-m/nofp/libnosys.a(getpid.o)
 .ARM.attributes
                0x00000d76       0x2d /usr/lib/gcc/arm-none-eabi/13.2.1/../../../arm-none-eabi/lib/thumb/v7-m/nofp/libnosys.a(isatty.o)
 .ARM.attributes
                0x00000da3       0x2d /usr/lib/gcc/arm-none-eabi/13.2.1/../../../arm-none-eabi/lib/thumb/v7-m/nofp/libnosys.a(kill.o)
 .ARM.attributes
                0x00000dd0       0x2d /usr/lib/gcc/arm-none-eabi/13.2.1/../../../arm-none-eabi/lib/thumb/v7-m/nofp/libnosys.a(lseek.o)
 .ARM.attributes
                0x00000dfd       0x2d /usr/lib/gcc/arm-none-eabi/13.2.1/../../../arm-none-eabi/lib/thumb/v7-m/nofp/libnosys.a(read.o)
 .ARM.attributes
                0x00000e2a       0x2d /usr/lib/gcc/arm-none-eabi/13.2.1/../../../arm-none-eabi/lib/thumb/v7-m/nofp/libnosys.a(sbrk.o)
 .ARM.attributes
                0x00000e57       0x2d /usr/lib/gcc/arm-none-eabi/13.2.1/../../../arm-none-eabi/lib/thumb/v7-m/nofp/libnosys.a(_exit.o)
 .ARM.attributes
                0x00000e84       0x1d /usr/lib/gcc/arm-none-eabi/13.2.1/thumb/v7-m/nofp/libgcc.a(_arm_addsubdf3.o)
 .ARM.attributes
                0x00000ea1       0x1d /usr/lib/gcc/arm-none-eabi/13.2.1/thumb/v7-m/nofp/libgcc.a(_arm_muldivdf3.o)
 .ARM.attributes
                0x00000ebe       0x1d /usr/lib/gcc/arm-none-eabi/13.2.1/thumb/v7-m/nofp/libgcc.a(_arm_cmpdf2.o)
 .ARM.attributes
                0x00000edb       0x1d /usr/lib/gcc/arm-none-eabi/13.2.1/thumb/v7-m/nofp/libgcc.a(_arm_unorddf2.o)
 .ARM.attributes
                0x00000ef8       0x1d /usr/lib/gcc/arm-none-eabi/13.2.1/thumb/v7-m/nofp/libgcc.a(_arm_fixdfsi.o)
 .ARM.attributes
                0x00000f15       0x1d /usr/lib/gcc/arm-none-eabi/13.2.1/thumb/v7-m/nofp/libgcc.a(_arm_addsubsf3.o)
 .ARM.attributes
                0x00000f32       0x1d /usr/lib/gcc/arm-none-eabi/13.2.1/thumb/v7-m/nofp/libgcc.a(_arm_muldivsf3.o)
 .ARM.attributes
                0x00000f4f       0x1d /usr/lib/gcc/arm-none-eabi/13.2.1/thumb/v7-m/nofp/libgcc.a(_arm_cmpsf2.o)
 .ARM.attributes
                0x00000f6c       0x1d /usr/lib/gcc/arm-none-eabi/13.2.1/thumb/v7-m/nofp/libgcc.a(_arm_fixsfsi.o)
 .ARM.attributes
                0x00000f89       0x1d /usr/lib/gcc/arm-none-eabi/13.2.1/thumb/v7-m/nofp/crtn.o
OUTPUT(/workspaces/qgv/hovercar-gd32/build/hovercar-gd32.elf elf32-littlearm)
LOAD linker stubs

.debug_info     0x00000000    0x27dd4
 .debug_info    0x00000000      0x788 /workspaces/qgv/hovercar-gd32/build/obj/main.o
 .debug_info    0x00000788      0x4d9 /workspaces/qgv/hovercar-gd32/build/obj/buzzer.o
 .debug_info    0x00000c61      0x60e /workspaces/qgv/hovercar-gd32/build/obj/bldc.o
 .debug_info    0x0000126f     0x10c6 /workspaces/qgv/hovercar-gd32/build/obj/setup.o
 .debug_info    0x00002335      0x710 /workspaces/qgv/hovercar-gd32/build/obj/remote.o
 .debug_info    0x00002a45      0xd62 /workspaces/qgv/hovercar-gd32/build/obj/usart.o
 .debug_info    0x000037a7      0x174 /workspaces/qgv/hovercar-gd32/build/obj/power.o
 .debug_info    0x0000391b      0x5ce /workspaces/qgv/hovercar-gd32/build/obj/gd32f10x_gpio.o
 .debug_info    0x00003ee9      0xbc4 /workspaces/qgv/hovercar-gd32/build/obj/gd32f10x_rcu.o
 .debug_info    0x00004aad     0x123b /workspaces/qgv/hovercar-gd32/build/obj/gd32f10x_timer.o
 .debug_info    0x00005ce8      0x96f /workspaces/qgv/hovercar-gd32/build/obj/gd32f10x_adc.o
 .debug_info    0x00006657      0x893 /workspaces/qgv/hovercar-gd32/build/obj/gd32f10x_dma.o
 .debug_info    0x00006eea      0xab9 /workspaces/qgv/hovercar-gd32/build/obj/gd32f10x_usart.o
 .debug_info    0x000079a3      0x224 /workspaces/qgv/hovercar-gd32/build/obj/gd32f10x_fwdgt.o
 .debug_info    0x00007bc7      0x70b /workspaces/qgv/hovercar-gd32/build/obj/gd32f10x_fmc.o
 .debug_info    0x000082d2      0x4e8 /workspaces/qgv/hovercar-gd32/build/obj/gd32f10x_misc.o
 .debug_info    0x000087ba      0x1fe /workspaces/qgv/hovercar-gd32/build/obj/system_gd32f10x.o
 .debug_info    0x000089b8       0x30 /workspaces/qgv/hovercar-gd32/build/obj/startup_gd32f10x_md.o
 .debug_info    0x000089e8      0x95a /usr/lib/gcc/arm-none-eabi/13.2.1/../../../arm-none-eabi/lib/thumb/v7-m/nofp/libc_nano.a(libc_a-vsnprintf.o)
 .debug_info    0x00009342       0xbd /usr/lib/gcc/arm-none-eabi/13.2.1/../../../arm-none-eabi/lib/thumb/v7-m/nofp/libc_nano.a(libc_a-strlen-stub.o)
 .debug_info    0x000093ff      0x70b /usr/lib/gcc/arm-none-eabi/13.2.1/../../../arm-none-eabi/lib/thumb/v7-m/nofp/libc_nano.a(libc_a-impure.o)
 .debug_info    0x00009b0a     0x1094 /usr/lib/gcc/arm-none-eabi/13.2.1/../../../arm-none-eabi/lib/thumb/v7-m/nofp/libc_nano.a(libc_a-nano-svfprintf.o)
 .debug_info    0x0000ab9e      0x10b /usr/lib/gcc/arm-none-eabi/13.2.1/../../../arm-none-eabi/lib/thumb/v7-m/nofp/libc_nano.a(libc_a-init.o)
 .debug_info    0x0000aca9      0x905 /usr/lib/gcc/arm-none-eabi/13.2.1/../../../arm-none-eabi/lib/thumb/v7-m/nofp/libc_nano.a(libc_a-puts.o)
 .debug_info    0x0000b5ae      0xe8c /usr/lib/gcc/arm-none-eabi/13.2.1/../../../arm-none-eabi/lib/thumb/v7-m/nofp/libc_nano.a(libc_a-findfp.o)
 .debug_info    0x0000c43a      0x135 /usr/lib/gcc/arm-none-eabi/13.2.1/../../../arm-none-eabi/lib/thumb/v7-m/nofp/libc_nano.a(libc_a-memset.o)
 .debug_info    0x0000c56f      0xa30 /usr/lib/gcc/arm-none-eabi/13.2.1/../../../arm-none-eabi/lib/thumb/v7-m/nofp/libc_nano.a(libc_a-fflush.o)
 .debug_info    0x0000cf9f     0x13d2 /usr/lib/gcc/arm-none-eabi/13.2.1/../../../arm-none-eabi/lib/thumb/v7-m/nofp/libc_nano.a(libc_a-nano-vfprintf_float.o)
 .debug_info    0x0000e371      0x9b6 /usr/lib/gcc/arm-none-eabi/13.2.1/../../../arm-none-eabi/lib/thumb/v7-m/nofp/libc_nano.a(libc_a-mallocr.o)
 .debug_info    0x0000ed27     0x1943 /usr/lib/gcc/arm-none-eabi/13.2.1/../../../arm-none-eabi/lib/thumb/v7-m/nofp/libc_nano.a(libc_a-dtoa.o)
 .debug_info    0x0001066a      0x87f /usr/lib/gcc/arm-none-eabi/13.2.1/../../../arm-none-eabi/lib/thumb/v7-m/nofp/libc_nano.a(libc_a-freer.o)
 .debug_info    0x00010ee9      0x148 /usr/lib/gcc/arm-none-eabi/13.2.1/../../../arm-none-eabi/lib/thumb/v7-m/nofp/libc_nano.a(libc_a-memmove.o)
 .debug_info    0x00011031      0x7cf /usr/lib/gcc/arm-none-eabi/13.2.1/../../../arm-none-eabi/lib/thumb/v7-m/nofp/libc_nano.a(libc_a-atoi.o)
 .debug_info    0x00011800      0xd77 /usr/lib/gcc/arm-none-eabi/13.2.1/../../../arm-none-eabi/lib/thumb/v7-m/nofp/libc_nano.a(libc_a-strtol.o)
 .debug_info    0x00012577      0x7c8 /usr/lib/gcc/arm-none-eabi/13.2.1/../../../arm-none-eabi/lib/thumb/v7-m/nofp/libc_nano.a(libc_a-fwalk.o)
 .debug_info    0x00012d3f      0x7b1 /usr/lib/gcc/arm-none-eabi/13.2.1/../../../arm-none-eabi/lib/thumb/v7-m/nofp/libc_nano.a(libc_a-wsetup.o)
 .debug_info    0x000134f0       0x33 /usr/lib/gcc/arm-none-eabi/13.2.1/../../../arm-none-eabi/lib/thumb/v7-m/nofp/libc_nano.a(libc_a-memcpy.o)
 .debug_info    0x00013523      0x796 /usr/lib/gcc/arm-none-eabi/13.2.1/../../../arm-none-eabi/lib/thumb/v7-m/nofp/libc_nano.a(libc_a-malloc.o)
 .debug_info    0x00013cb9      0x864 /usr/lib/gcc/arm-none-eabi/13.2.1/../../../arm-none-eabi/lib/thumb/v7-m/nofp/libc_nano.a(libc_a-strtok.o)
 .debug_info    0x0001451d      0x8cd /usr/lib/gcc/arm-none-eabi/13.2.1/../../../arm-none-eabi/lib/thumb/v7-m/nofp/libc_nano.a(libc_a-reallocr.o)
 .debug_info    0x00014dea      0xdd7 /usr/lib/gcc/arm-none-eabi/13.2.1/../../../arm-none-eabi/lib/thumb/v7-m/nofp/libc_nano.a(libc_a-nano-vfprintf_i.o)
 .debug_info    0x00015bc1      0x71c /usr/lib/gcc/arm-none-eabi/13.2.1/../../../arm-none-eabi/lib/thumb/v7-m/nofp/libc_nano.a(libc_a-mlock.o)
 .debug_info    0x000162dd      0x108 /usr/lib/gcc/arm-none-eabi/13.2.1/../../../arm-none-eabi/lib/thumb/v7-m/nofp/libc_nano.a(libc_a-strncmp.o)
 .debug_info    0x000163e5      0xbe6 /usr/lib/gcc/arm-none-eabi/13.2.1/../../../arm-none-eabi/lib/thumb/v7-m/nofp/libc_nano.a(libc_a-makebuf.o)
 .debug_info    0x00016fcb       0x33 /usr/lib/gcc/arm-none-eabi/13.2.1/../../../arm-none-eabi/lib/thumb/v7-m/nofp/libc_nano.a(libc_a-strcmp.o)
 .debug_info    0x00016ffe       0xb9 /usr/lib/gcc/arm-none-eabi/13.2.1/../../../arm-none-eabi/lib/thumb/v7-m/nofp/libc_nano.a(libc_a-ctype_.o)
 .debug_info    0x000170b7      0x14a /usr/lib/gcc/arm-none-eabi/13.2.1/../../../arm-none-eabi/lib/thumb/v7-m/nofp/libc_nano.a(libc_a-memchr-stub.o)
 .debug_info    0x00017201      0x837 /usr/lib/gcc/arm-none-eabi/13.2.1/../../../arm-none-eabi/lib/thumb/v7-m/nofp/libc_nano.a(libc_a-printf.o)
 .debug_info    0x00017a38      0x752 /usr/lib/gcc/arm-none-eabi/13.2.1/../../../arm-none-eabi/lib/thumb/v7-m/nofp/libc_nano.a(libc_a-isattyr.o)
 .debug_info    0x0001818a     0x108a /usr/lib/gcc/arm-none-eabi/13.2.1/../../../arm-none-eabi/lib/thumb/v7-m/nofp/libc_nano.a(libc_a-nano-vfprintf.o)
 .debug_info    0x00019214      0x863 /usr/lib/gcc/arm-none-eabi/13.2.1/../../../arm-none-eabi/lib/thumb/v7-m/nofp/libc_nano.a(libc_a-wbuf.o)
 .debug_info    0x00019a77      0x825 /usr/lib/gcc/arm-none-eabi/13.2.1/../../../arm-none-eabi/lib/thumb/v7-m/nofp/libc_nano.a(libc_a-assert.o)
 .debug_info    0x0001a29c     0x1f12 /usr/lib/gcc/arm-none-eabi/13.2.1/../../../arm-none-eabi/lib/thumb/v7-m/nofp/libc_nano.a(libc_a-mprec.o)
 .debug_info    0x0001c1ae      0x778 /usr/lib/gcc/arm-none-eabi/13.2.1/../../../arm-none-eabi/lib/thumb/v7-m/nofp/libc_nano.a(libc_a-sbrkr.o)
 .debug_info    0x0001c926      0xa80 /usr/lib/gcc/arm-none-eabi/13.2.1/../../../arm-none-eabi/lib/thumb/v7-m/nofp/libc_nano.a(libc_a-stdio.o)
 .debug_info    0x0001d3a6      0x78a /usr/lib/gcc/arm-none-eabi/13.2.1/../../../arm-none-eabi/lib/thumb/v7-m/nofp/libc_nano.a(libc_a-msizer.o)
 .debug_info    0x0001db30      0xa0e /usr/lib/gcc/arm-none-eabi/13.2.1/../../../arm-none-eabi/lib/thumb/v7-m/nofp/libc_nano.a(libc_a-localeconv.o)
 .debug_info    0x0001e53e      0xb1e /usr/lib/gcc/arm-none-eabi/13.2.1/../../../arm-none-eabi/lib/thumb/v7-m/nofp/libc_nano.a(libc_a-fvwrite.o)
 .debug_info    0x0001f05c       0xd8 /usr/lib/gcc/arm-none-eabi/13.2.1/../../../arm-none-eabi/lib/thumb/v7-m/nofp/libc_nano.a(libc_a-abort.o)
 .debug_info    0x0001f134      0x752 /usr/lib/gcc/arm-none-eabi/13.2.1/../../../arm-none-eabi/lib/thumb/v7-m/nofp/libc_nano.a(libc_a-closer.o)
 .debug_info    0x0001f886      0x1ab /usr/lib/gcc/arm-none-eabi/13.2.1/../../../arm-none-eabi/lib/thumb/v7-m/nofp/libc_nano.a(libc_a-strtok_r.o)
 .debug_info    0x0001fa31      0x7c9 /usr/lib/gcc/arm-none-eabi/13.2.1/../../../arm-none-eabi/lib/thumb/v7-m/nofp/libc_nano.a(libc_a-callocr.o)
 .debug_info    0x000201fa      0x6f1 /usr/lib/gcc/arm-none-eabi/13.2.1/../../../arm-none-eabi/lib/thumb/v7-m/nofp/libc_nano.a(libc_a-errno.o)
 .debug_info    0x000208eb      0xbb9 /usr/lib/gcc/arm-none-eabi/13.2.1/../../../arm-none-eabi/lib/thumb/v7-m/nofp/libc_nano.a(libc_a-locale.o)
 .debug_info    0x000214a4      0xa70 /usr/lib/gcc/arm-none-eabi/13.2.1/../../../arm-none-eabi/lib/thumb/v7-m/nofp/libc_nano.a(libc_a-wctomb_r.o)
 .debug_info    0x00021f14      0x7b5 /usr/lib/gcc/arm-none-eabi/13.2.1/../../../arm-none-eabi/lib/thumb/v7-m/nofp/libc_nano.a(libc_a-readr.o)
 .debug_info    0x000226c9      0x85d /usr/lib/gcc/arm-none-eabi/13.2.1/../../../arm-none-eabi/lib/thumb/v7-m/nofp/libc_nano.a(libc_a-fprintf.o)
 .debug_info    0x00022f26      0x89f /usr/lib/gcc/arm-none-eabi/13.2.1/../../../arm-none-eabi/lib/thumb/v7-m/nofp/libc_nano.a(libc_a-reent.o)
 .debug_info    0x000237c5      0x977 /usr/lib/gcc/arm-none-eabi/13.2.1/../../../arm-none-eabi/lib/thumb/v7-m/nofp/libc_nano.a(libc_a-fstatr.o)
 .debug_info    0x0002413c      0x79e /usr/lib/gcc/arm-none-eabi/13.2.1/../../../arm-none-eabi/lib/thumb/v7-m/nofp/libc_nano.a(libc_a-lseekr.o)
 .debug_info    0x000248da      0x7bb /usr/lib/gcc/arm-none-eabi/13.2.1/../../../arm-none-eabi/lib/thumb/v7-m/nofp/libc_nano.a(libc_a-writer.o)
 .debug_info    0x00025095      0xab0 /usr/lib/gcc/arm-none-eabi/13.2.1/../../../arm-none-eabi/lib/thumb/v7-m/nofp/libc_nano.a(libc_a-mbtowc_r.o)
 .debug_info    0x00025b45      0xc39 /usr/lib/gcc/arm-none-eabi/13.2.1/../../../arm-none-eabi/lib/thumb/v7-m/nofp/libc_nano.a(libc_a-signal.o)
 .debug_info    0x0002677e      0x7df /usr/lib/gcc/arm-none-eabi/13.2.1/../../../arm-none-eabi/lib/thumb/v7-m/nofp/libc_nano.a(libc_a-signalr.o)
 .debug_info    0x00026f5d       0xde /usr/lib/gcc/arm-none-eabi/13.2.1/../../../arm-none-eabi/lib/thumb/v7-m/nofp/libnosys.a(close.o)
 .debug_info    0x0002703b      0x2f7 /usr/lib/gcc/arm-none-eabi/13.2.1/../../../arm-none-eabi/lib/thumb/v7-m/nofp/libnosys.a(fstat.o)
 .debug_info    0x00027332       0xc9 /usr/lib/gcc/arm-none-eabi/13.2.1/../../../arm-none-eabi/lib/thumb/v7-m/nofp/libnosys.a(getpid.o)
 .debug_info    0x000273fb       0xde /usr/lib/gcc/arm-none-eabi/13.2.1/../../../arm-none-eabi/lib/thumb/v7-m/nofp/libnosys.a(isatty.o)
 .debug_info    0x000274d9       0xec /usr/lib/gcc/arm-none-eabi/13.2.1/../../../arm-none-eabi/lib/thumb/v7-m/nofp/libnosys.a(kill.o)
 .debug_info    0x000275c5      0x100 /usr/lib/gcc/arm-none-eabi/13.2.1/../../../arm-none-eabi/lib/thumb/v7-m/nofp/libnosys.a(lseek.o)
 .debug_info    0x000276c5      0x106 /usr/lib/gcc/arm-none-eabi/13.2.1/../../../arm-none-eabi/lib/thumb/v7-m/nofp/libnosys.a(read.o)
 .debug_info    0x000277cb       0xac /usr/lib/gcc/arm-none-eabi/13.2.1/../../../arm-none-eabi/lib/thumb/v7-m/nofp/libnosys.a(sbrk.o)
 .debug_info    0x00027877       0xa4 /usr/lib/gcc/arm-none-eabi/13.2.1/../../../arm-none-eabi/lib/thumb/v7-m/nofp/libnosys.a(_exit.o)
 .debug_info    0x0002791b       0xd3 /usr/lib/gcc/arm-none-eabi/13.2.1/thumb/v7-m/nofp/libgcc.a(_arm_addsubdf3.o)
 .debug_info    0x000279ee       0x57 /usr/lib/gcc/arm-none-eabi/13.2.1/thumb/v7-m/nofp/libgcc.a(_arm_muldivdf3.o)
 .debug_info    0x00027a45       0xdf /usr/lib/gcc/arm-none-eabi/13.2.1/thumb/v7-m/nofp/libgcc.a(_arm_cmpdf2.o)
 .debug_info    0x00027b24       0x3c /usr/lib/gcc/arm-none-eabi/13.2.1/thumb/v7-m/nofp/libgcc.a(_arm_unorddf2.o)
 .debug_info    0x00027b60       0x3c /usr/lib/gcc/arm-none-eabi/13.2.1/thumb/v7-m/nofp/libgcc.a(_arm_fixdfsi.o)
 .debug_info    0x00027b9c       0xca /usr/lib/gcc/arm-none-eabi/13.2.1/thumb/v7-m/nofp/libgcc.a(_arm_addsubsf3.o)
 .debug_info    0x00027c66       0x57 /usr/lib/gcc/arm-none-eabi/13.2.1/thumb/v7-m/nofp/libgcc.a(_arm_muldivsf3.o)
 .debug_info    0x00027cbd       0xdb /usr/lib/gcc/arm-none-eabi/13.2.1/thumb/v7-m/nofp/libgcc.a(_arm_cmpsf2.o)
 .debug_info    0x00027d98       0x3c /usr/lib/gcc/arm-none-eabi/13.2.1/thumb/v7-m/nofp/libgcc.a(_arm_fixsfsi.o)

.debug_abbrev   0x00000000     0x9394
 .debug_abbrev  0x00000000      0x256 /workspaces/qgv/hovercar-gd32/build/obj/main.o
 .debug_abbrev  0x00000256      0x1c3 /workspaces/qgv/hovercar-gd32/build/obj/buzzer.o
 .debug_abbrev  0x00000419      0x263 /workspaces/qgv/hovercar-gd32/build/obj/bldc.o
 .debug_abbrev  0x0000067c      0x382 /workspaces/qgv/hovercar-gd32/build/obj/setup.o
 .debug_abbrev  0x000009fe      0x318 /workspaces/qgv/hovercar-gd32/build/obj/remote.o
 .debug_abbrev  0x00000d16      0x32f /workspaces/qgv/hovercar-gd32/build/obj/usart.o
 .debug_abbrev  0x00001045       0xd5 /workspaces/qgv/hovercar-gd32/build/obj/power.o
 .debug_abbrev  0x0000111a      0x1cc /workspaces/qgv/hovercar-gd32/build/obj/gd32f10x_gpio.o
 .debug_abbrev  0x000012e6      0x1b1 /workspaces/qgv/hovercar-gd32/build/obj/gd32f10x_rcu.o
 .debug_abbrev  0x00001497      0x1d0 /workspaces/qgv/hovercar-gd32/build/obj/gd32f10x_timer.o
 .debug_abbrev  0x00001667      0x188 /workspaces/qgv/hovercar-gd32/build/obj/gd32f10x_adc.o
 .debug_abbrev  0x000017ef      0x1ec /workspaces/qgv/hovercar-gd32/build/obj/gd32f10x_dma.o
 .debug_abbrev  0x000019db      0x1be /workspaces/qgv/hovercar-gd32/build/obj/gd32f10x_usart.o
 .debug_abbrev  0x00001b99       0xd3 /workspaces/qgv/hovercar-gd32/build/obj/gd32f10x_fwdgt.o
 .debug_abbrev  0x00001c6c      0x1d5 /workspaces/qgv/hovercar-gd32/build/obj/gd32f10x_fmc.o
 .debug_abbrev  0x00001e41      0x15f /workspaces/qgv/hovercar-gd32/build/obj/gd32f10x_misc.o
 .debug_abbrev  0x00001fa0      0x110 /workspaces/qgv/hovercar-gd32/build/obj/system_gd32f10x.o
 .debug_abbrev  0x000020b0       0x24 /workspaces/qgv/hovercar-gd32/build/obj/startup_gd32f10x_md.o
 .debug_abbrev  0x000020d4      0x281 /usr/lib/gcc/arm-none-eabi/13.2.1/../../../arm-none-eabi/lib/thumb/v7-m/nofp/libc_nano.a(libc_a-vsnprintf.o)
 .debug_abbrev  0x00002355       0x78 /usr/lib/gcc/arm-none-eabi/13.2.1/../../../arm-none-eabi/lib/thumb/v7-m/nofp/libc_nano.a(libc_a-strlen-stub.o)
 .debug_abbrev  0x000023cd      0x149 /usr/lib/gcc/arm-none-eabi/13.2.1/../../../arm-none-eabi/lib/thumb/v7-m/nofp/libc_nano.a(libc_a-impure.o)
 .debug_abbrev  0x00002516      0x32f /usr/lib/gcc/arm-none-eabi/13.2.1/../../../arm-none-eabi/lib/thumb/v7-m/nofp/libc_nano.a(libc_a-nano-svfprintf.o)
 .debug_abbrev  0x00002845       0xc9 /usr/lib/gcc/arm-none-eabi/13.2.1/../../../arm-none-eabi/lib/thumb/v7-m/nofp/libc_nano.a(libc_a-init.o)
 .debug_abbrev  0x0000290e      0x29c /usr/lib/gcc/arm-none-eabi/13.2.1/../../../arm-none-eabi/lib/thumb/v7-m/nofp/libc_nano.a(libc_a-puts.o)
 .debug_abbrev  0x00002baa      0x408 /usr/lib/gcc/arm-none-eabi/13.2.1/../../../arm-none-eabi/lib/thumb/v7-m/nofp/libc_nano.a(libc_a-findfp.o)
 .debug_abbrev  0x00002fb2       0xb7 /usr/lib/gcc/arm-none-eabi/13.2.1/../../../arm-none-eabi/lib/thumb/v7-m/nofp/libc_nano.a(libc_a-memset.o)
 .debug_abbrev  0x00003069      0x2e1 /usr/lib/gcc/arm-none-eabi/13.2.1/../../../arm-none-eabi/lib/thumb/v7-m/nofp/libc_nano.a(libc_a-fflush.o)
 .debug_abbrev  0x0000334a      0x2ee /usr/lib/gcc/arm-none-eabi/13.2.1/../../../arm-none-eabi/lib/thumb/v7-m/nofp/libc_nano.a(libc_a-nano-vfprintf_float.o)
 .debug_abbrev  0x00003638      0x24a /usr/lib/gcc/arm-none-eabi/13.2.1/../../../arm-none-eabi/lib/thumb/v7-m/nofp/libc_nano.a(libc_a-mallocr.o)
 .debug_abbrev  0x00003882      0x333 /usr/lib/gcc/arm-none-eabi/13.2.1/../../../arm-none-eabi/lib/thumb/v7-m/nofp/libc_nano.a(libc_a-dtoa.o)
 .debug_abbrev  0x00003bb5      0x249 /usr/lib/gcc/arm-none-eabi/13.2.1/../../../arm-none-eabi/lib/thumb/v7-m/nofp/libc_nano.a(libc_a-freer.o)
 .debug_abbrev  0x00003dfe       0xc3 /usr/lib/gcc/arm-none-eabi/13.2.1/../../../arm-none-eabi/lib/thumb/v7-m/nofp/libc_nano.a(libc_a-memmove.o)
 .debug_abbrev  0x00003ec1      0x1b2 /usr/lib/gcc/arm-none-eabi/13.2.1/../../../arm-none-eabi/lib/thumb/v7-m/nofp/libc_nano.a(libc_a-atoi.o)
 .debug_abbrev  0x00004073      0x2ea /usr/lib/gcc/arm-none-eabi/13.2.1/../../../arm-none-eabi/lib/thumb/v7-m/nofp/libc_nano.a(libc_a-strtol.o)
 .debug_abbrev  0x0000435d      0x19b /usr/lib/gcc/arm-none-eabi/13.2.1/../../../arm-none-eabi/lib/thumb/v7-m/nofp/libc_nano.a(libc_a-fwalk.o)
 .debug_abbrev  0x000044f8      0x1e2 /usr/lib/gcc/arm-none-eabi/13.2.1/../../../arm-none-eabi/lib/thumb/v7-m/nofp/libc_nano.a(libc_a-wsetup.o)