Archive member included to satisfy reference by file (symbol)

/usr/lib/gcc/arm-none-eabi/13.2.1/../../../arm-none-eabi/lib/thumb/v7-m/nofp/libc_nano.a(libc_a-init.o)
                              /usr/lib/gcc/arm-none-eabi/13.2.1/../../../arm-none-eabi/lib/thumb/v7-m/nofp/crt0.o (__libc_init_array)
/usr/lib/gcc/arm-none-eabi/13.2.1/../../../arm-none-eabi/lib/thumb/v7-m/nofp/libc_nano.a(libc_a-sscanf.o)
                              /workspaces/hoverboard-firmware-hack-FOC/build/util.o (sscanf)
/usr/lib/gcc/arm-none-eabi/13.2.1/../../../arm-none-eabi/lib/thumb/v7-m/nofp/libc_nano.a(libc_a-memset.o)
                              /usr/lib/gcc/arm-none-eabi/13.2.1/../../../arm-none-eabi/lib/thumb/v7-m/nofp/crt0.o (memset)
/usr/lib/gcc/arm-none-eabi/13.2.1/../../../arm-none-eabi/lib/thumb/v7-m/nofp/libc_nano.a(libc_a-memcpy.o)
                              /workspaces/hoverboard-firmware-hack-FOC/build/util.o (memcpy)
/usr/lib/gcc/arm-none-eabi/13.2.1/../../../arm-none-eabi/lib/thumb/v7-m/nofp/libc_nano.a(libc_a-strcmp.o)
                              /workspaces/hoverboard-firmware-hack-FOC/build/util.o (strcmp)
/usr/lib/gcc/arm-none-eabi/13.2.1/../../../arm-none-eabi/lib/thumb/v7-m/nofp/libc_nano.a(libc_a-exit.o)
                              /usr/lib/gcc/arm-none-eabi/13.2.1/../../../arm-none-eabi/lib/thumb/v7-m/nofp/crt0.o (exit)
/usr/lib/gcc/arm-none-eabi/13.2.1/../../../arm-none-eabi/lib/thumb/v7-m/nofp/libc_nano.a(libc_a-ctype_.o)
                              /workspaces/hoverboard-firmware-hack-FOC/build/util.o (_ctype_)
/usr/lib/gcc/arm-none-eabi/13.2.1/../../../arm-none-eabi/lib/thumb/v7-m/nofp/libc_nano.a(libc_a-atexit.o)
                              /usr/lib/gcc/arm-none-eabi/13.2.1/../../../arm-none-eabi/lib/thumb/v7-m/nofp/crt0.o (atexit)
/usr/lib/gcc/arm-none-eabi/13.2.1/../../../arm-none-eabi/lib/thumb/v7-m/nofp/libc_nano.a(libc_a-snprintf.o)
                              /workspaces/hoverboard-firmware-hack-FOC/build/util.o (snprintf)
/usr/lib/gcc/arm-none-eabi/13.2.1/../../../arm-none-eabi/lib/thumb/v7-m/nofp/libc_nano.a(libc_a-printf.o)
                              /workspaces/hoverboard-firmware-hack-FOC/build/util.o (printf)
/usr/lib/gcc/arm-none-eabi/13.2.1/../../../arm-none-eabi/lib/thumb/v7-m/nofp/libc_nano.a(libc_a-nano-vfprintf.o)
                              /usr/lib/gcc/arm-none-eabi/13.2.1/../../../arm-none-eabi/lib/thumb/v7-m/nofp/libc_nano.a(libc_a-printf.o) (_vfprintf_r)
/usr/lib/gcc/arm-none-eabi/13.2.1/../../../arm-none-eabi/lib/thumb/v7-m/nofp/libc_nano.a(libc_a-fini.o)
                              /usr/lib/gcc/arm-none-eabi/13.2.1/../../../arm-none-eabi/lib/thumb/v7-m/nofp/crt0.o (__libc_fini_array)
/usr/lib/gcc/arm-none-eabi/13.2.1/../../../arm-none-eabi/lib/thumb/v7-m/nofp/libc_nano.a(libc_a-wbuf.o)
                              /usr/lib/gcc/arm-none-eabi/13.2.1/../../../arm-none-eabi/lib/thumb/v7-m/nofp/libc_nano.a(libc_a-nano-vfprintf.o) (__swbuf_r)
/usr/lib/gcc/arm-none-eabi/13.2.1/../../../arm-none-eabi/lib/thumb/v7-m/nofp/libc_nano.a(libc_a-strlen-stub.o)
                              /usr/lib/gcc/arm-none-eabi/13.2.1/../../../arm-none-eabi/lib/thumb/v7-m/nofp/libc_nano.a(libc_a-sscanf.o) (strlen)
/usr/lib/gcc/arm-none-eabi/13.2.1/../../../arm-none-eabi/lib/thumb/v7-m/nofp/libc_nano.a(libc_a-stdio.o)
                              /usr/lib/gcc/arm-none-eabi/13.2.1/../../../arm-none-eabi/lib/thumb/v7-m/nofp/libc_nano.a(libc_a-sscanf.o) (__seofread)
/usr/lib/gcc/arm-none-eabi/13.2.1/../../../arm-none-eabi/lib/thumb/v7-m/nofp/libc_nano.a(libc_a-impure.o)
                              /usr/lib/gcc/arm-none-eabi/13.2.1/../../../arm-none-eabi/lib/thumb/v7-m/nofp/libc_nano.a(libc_a-sscanf.o) (_impure_ptr)
/usr/lib/gcc/arm-none-eabi/13.2.1/../../../arm-none-eabi/lib/thumb/v7-m/nofp/libc_nano.a(libc_a-nano-svfprintf.o)
                              /usr/lib/gcc/arm-none-eabi/13.2.1/../../../arm-none-eabi/lib/thumb/v7-m/nofp/libc_nano.a(libc_a-snprintf.o) (_svfprintf_r)
/usr/lib/gcc/arm-none-eabi/13.2.1/../../../arm-none-eabi/lib/thumb/v7-m/nofp/libc_nano.a(libc_a-fvwrite.o)
                              /usr/lib/gcc/arm-none-eabi/13.2.1/../../../arm-none-eabi/lib/thumb/v7-m/nofp/libc_nano.a(libc_a-nano-vfprintf.o) (__sfvwrite_r)
/usr/lib/gcc/arm-none-eabi/13.2.1/../../../arm-none-eabi/lib/thumb/v7-m/nofp/libc_nano.a(libc_a-nano-svfscanf.o)
                              /usr/lib/gcc/arm-none-eabi/13.2.1/../../../arm-none-eabi/lib/thumb/v7-m/nofp/libc_nano.a(libc_a-sscanf.o) (__ssvfscanf_r)
/usr/lib/gcc/arm-none-eabi/13.2.1/../../../arm-none-eabi/lib/thumb/v7-m/nofp/libc_nano.a(libc_a-nano-vfscanf_i.o)
                              /usr/lib/gcc/arm-none-eabi/13.2.1/../../../arm-none-eabi/lib/thumb/v7-m/nofp/libc_nano.a(libc_a-nano-svfscanf.o) (_scanf_chars)
/usr/lib/gcc/arm-none-eabi/13.2.1/../../../arm-none-eabi/lib/thumb/v7-m/nofp/libc_nano.a(libc_a-findfp.o)
[...]
Memory Configuration

Name             Origin             Length             Attributes
RAM              0x20000000         0x0000c000         xrw
FLASH            0x08000000         0x00040000         xr
*default*        0x00000000         0xffffffff

Linker script and memory map

LOAD /usr/lib/gcc/arm-none-eabi/13.2.1/thumb/v7-m/nofp/crti.o
LOAD /usr/lib/gcc/arm-none-eabi/13.2.1/thumb/v7-m/nofp/crtbegin.o
LOAD /usr/lib/gcc/arm-none-eabi/13.2.1/../../../arm-none-eabi/lib/thumb/v7-m/nofp/crt0.o
LOAD /workspaces/hoverboard-firmware-hack-FOC/build/stm32f1xx_hal_flash.o
LOAD /workspaces/hoverboard-firmware-hack-FOC/build/stm32f1xx_hal_pwr.o
LOAD /workspaces/hoverboard-firmware-hack-FOC/build/stm32f1xx_hal_rcc.o
LOAD /workspaces/hoverboard-firmware-hack-FOC/build/stm32f1xx_hal_tim.o
LOAD /workspaces/hoverboard-firmware-hack-FOC/build/stm32f1xx_hal_tim_ex.o
LOAD /workspaces/hoverboard-firmware-hack-FOC/build/stm32f1xx_hal_gpio_ex.o
LOAD /workspaces/hoverboard-firmware-hack-FOC/build/stm32f1xx_hal_adc_ex.o
LOAD /workspaces/hoverboard-firmware-hack-FOC/build/stm32f1xx_hal_cortex.o
LOAD /workspaces/hoverboard-firmware-hack-FOC/build/stm32f1xx_hal_flash_ex.o
LOAD /workspaces/hoverboard-firmware-hack-FOC/build/stm32f1xx_hal_gpio.o
LOAD /workspaces/hoverboard-firmware-hack-FOC/build/stm32f1xx_hal_rcc_ex.o
LOAD /workspaces/hoverboard-firmware-hack-FOC/build/stm32f1xx_hal.o
LOAD /workspaces/hoverboard-firmware-hack-FOC/build/stm32f1xx_hal_adc.o
LOAD /workspaces/hoverboard-firmware-hack-FOC/build/stm32f1xx_hal_uart.o
LOAD /workspaces/hoverboard-firmware-hack-FOC/build/stm32f1xx_hal_i2c.o
LOAD /workspaces/hoverboard-firmware-hack-FOC/build/stm32f1xx_hal_dma.o
LOAD /workspaces/hoverboard-firmware-hack-FOC/build/system_stm32f1xx.o
LOAD /workspaces/hoverboard-firmware-hack-FOC/build/setup.o
LOAD /workspaces/hoverboard-firmware-hack-FOC/build/control.o
LOAD /workspaces/hoverboard-firmware-hack-FOC/build/comms.o
LOAD /workspaces/hoverboard-firmware-hack-FOC/build/util.o
LOAD /workspaces/hoverboard-firmware-hack-FOC/build/main.o
LOAD /workspaces/hoverboard-firmware-hack-FOC/build/bldc.o
LOAD /workspaces/hoverboard-firmware-hack-FOC/build/eeprom.o
LOAD /workspaces/hoverboard-firmware-hack-FOC/build/hd44780.o
LOAD /workspaces/hoverboard-firmware-hack-FOC/build/pcf8574.o
LOAD /workspaces/hoverboard-firmware-hack-FOC/build/stm32f1xx_it.o
LOAD /workspaces/hoverboard-firmware-hack-FOC/build/BLDC_controller_data.o
LOAD /workspaces/hoverboard-firmware-hack-FOC/build/BLDC_controller.o
LOAD /workspaces/hoverboard-firmware-hack-FOC/build/startup_stm32f103xe.o
LOAD /usr/lib/gcc/arm-none-eabi/13.2.1/../../../arm-none-eabi/lib/thumb/v7-m/nofp/libc_nano.a
LOAD /usr/lib/gcc/arm-none-eabi/13.2.1/../../../arm-none-eabi/lib/thumb/v7-m/nofp/libm.a
LOAD /usr/lib/gcc/arm-none-eabi/13.2.1/../../../arm-none-eabi/lib/thumb/v7-m/nofp/libnosys.a
START GROUP
LOAD /usr/lib/gcc/arm-none-eabi/13.2.1/thumb/v7-m/nofp/libgcc.a
LOAD /usr/lib/gcc/arm-none-eabi/13.2.1/../../../arm-none-eabi/lib/thumb/v7-m/nofp/libc_nano.a
END GROUP
START GROUP
LOAD /usr/lib/gcc/arm-none-eabi/13.2.1/thumb/v7-m/nofp/libgcc.a
LOAD /usr/lib/gcc/arm-none-eabi/13.2.1/../../../arm-none-eabi/lib/thumb/v7-m/nofp/libc_nano.a
END GROUP
LOAD /usr/lib/gcc/arm-none-eabi/13.2.1/thumb/v7-m/nofp/crtend.o
LOAD /usr/lib/gcc/arm-none-eabi/13.2.1/thumb/v7-m/nofp/crtn.o
                0x2000c000                        _estack = 0x2000c000
                0x00000200                        _Min_Heap_Size = 0x200
                0x00000400                        _Min_Stack_Size = 0x400

.isr_vector     0x08000000      0x1e4
                0x08000000                        . = ALIGN (0x4)
 *(.isr_vector)
 .isr_vector    0x08000000      0x1e4 /workspaces/hoverboard-firmware-hack-FOC/build/startup_stm32f103xe.o
                0x08000000                g_pfnVectors
                0x080001e4                        . = ALIGN (0x4)

.text           0x080001e4     0x9b94
                0x080001e4                        . = ALIGN (0x4)
 *(.text)
 .text          0x080001e4       0x88 /usr/lib/gcc/arm-none-eabi/13.2.1/thumb/v7-m/nofp/crtbegin.o
 .text          0x0800026c       0x50 /usr/lib/gcc/arm-none-eabi/13.2.1/../../../arm-none-eabi/lib/thumb/v7-m/nofp/libc_nano.a(libc_a-init.o)
                0x0800026c                __libc_init_array
 .text          0x080002bc       0xb0 /usr/lib/gcc/arm-none-eabi/13.2.1/../../../arm-none-eabi/lib/thumb/v7-m/nofp/libc_nano.a(libc_a-sscanf.o)
                0x080002bc                sscanf
                0x080002bc                siscanf
                0x08000314                _siscanf_r
                0x08000314                _sscanf_r
 .text          0x0800036c       0xa0 /usr/lib/gcc/arm-none-eabi/13.2.1/../../../arm-none-eabi/lib/thumb/v7-m/nofp/libc_nano.a(libc_a-memset.o)
                0x0800036c                memset
 .text          0x0800040c       0xec /usr/lib/gcc/arm-none-eabi/13.2.1/../../../arm-none-eabi/lib/thumb/v7-m/nofp/libc_nano.a(libc_a-memcpy.o)
                0x0800040c                memcpy
 .text          0x080004f8      0x1bc /usr/lib/gcc/arm-none-eabi/13.2.1/../../../arm-none-eabi/lib/thumb/v7-m/nofp/libc_nano.a(libc_a-strcmp.o)
                0x080004f8                strcmp
 .text          0x080006b4      0x10c /usr/lib/gcc/arm-none-eabi/13.2.1/../../../arm-none-eabi/lib/thumb/v7-m/nofp/libc_nano.a(libc_a-snprintf.o)
                0x080006b4                _sniprintf_r
                0x080006b4                _snprintf_r
                0x08000734                snprintf
                0x08000734                sniprintf
 .text          0x080007c0       0x48 /usr/lib/gcc/arm-none-eabi/13.2.1/../../../arm-none-eabi/lib/thumb/v7-m/nofp/libc_nano.a(libc_a-printf.o)
                0x080007c0                _printf_r
                0x080007c0                _iprintf_r
                0x080007e0                printf
                0x080007e0                iprintf
 .text          0x08000808      0x2ec /usr/lib/gcc/arm-none-eabi/13.2.1/../../../arm-none-eabi/lib/thumb/v7-m/nofp/libc_nano.a(libc_a-nano-vfprintf.o)
                0x08000830                __sfputs_r
                0x08000860                __sprint_r
                0x08000880                _vfiprintf_r
                0x08000880                _vfprintf_r
                0x08000ad8                vfiprintf
                0x08000ad8                vfprintf
 .text          0x08000af4       0x9c /usr/lib/gcc/arm-none-eabi/13.2.1/../../../arm-none-eabi/lib/thumb/v7-m/nofp/libc_nano.a(libc_a-wbuf.o)
                0x08000af4                __swbuf_r
                0x08000b7c                __swbuf
 .text          0x08000b90       0x5c /usr/lib/gcc/arm-none-eabi/13.2.1/../../../arm-none-eabi/lib/thumb/v7-m/nofp/libc_nano.a(libc_a-strlen-stub.o)
                0x08000b90                strlen
 .text          0x08000bec       0x94 /usr/lib/gcc/arm-none-eabi/13.2.1/../../../arm-none-eabi/lib/thumb/v7-m/nofp/libc_nano.a(libc_a-stdio.o)
                0x08000bec                __sread
                0x08000c10                __seofread
                0x08000c14                __swrite
                0x08000c54                __sseek
                0x08000c78                __sclose
 .text          0x08000c80      0x400 /usr/lib/gcc/arm-none-eabi/13.2.1/../../../arm-none-eabi/lib/thumb/v7-m/nofp/libc_nano.a(libc_a-nano-svfprintf.o)
                0x08000c80                __ssputs_r
                0x08000d40                __ssprint_r
                0x08000e50                _svfprintf_r
                0x08000e50                _svfiprintf_r
 .text          0x08001080      0x2ec /usr/lib/gcc/arm-none-eabi/13.2.1/../../../arm-none-eabi/lib/thumb/v7-m/nofp/libc_nano.a(libc_a-fvwrite.o)
                0x08001080                __sfvwrite_r
 .text          0x0800136c      0x434 /usr/lib/gcc/arm-none-eabi/13.2.1/../../../arm-none-eabi/lib/thumb/v7-m/nofp/libc_nano.a(libc_a-nano-svfscanf.o)
                0x0800136c                _sungetc_r
                0x080013e8                __ssrefill_r
                0x08001420                __ssvfscanf_r
                0x08001420                __ssvfiscanf_r
 .text          0x080017a0      0x2fc /usr/lib/gcc/arm-none-eabi/13.2.1/../../../arm-none-eabi/lib/thumb/v7-m/nofp/libc_nano.a(libc_a-nano-vfscanf_i.o)
                0x080017a0                _scanf_chars
                0x0800186c                _scanf_i
 .text          0x08001a9c      0x224 /usr/lib/gcc/arm-none-eabi/13.2.1/../../../arm-none-eabi/lib/thumb/v7-m/nofp/libc_nano.a(libc_a-findfp.o)
                0x08001bcc                __sfp
                0x08001c70                __sinit
                0x08001c90                __sfp_lock_acquire
                0x08001c94                __sfp_lock_release
                0x08001c98                __fp_lock_all
                0x08001cac                __fp_unlock_all
 .text          0x08001cc0       0x24 /usr/lib/gcc/arm-none-eabi/13.2.1/../../../arm-none-eabi/lib/thumb/v7-m/nofp/libc_nano.a(libc_a-closer.o)
                0x08001cc0                _close_r
 .text          0x08001ce4      0x198 /usr/lib/gcc/arm-none-eabi/13.2.1/../../../arm-none-eabi/lib/thumb/v7-m/nofp/libc_nano.a(libc_a-fflush.o)
                0x08001ce4                __sflush_r
                0x08001df8                _fflush_r
                0x08001e30                fflush
 .text          0x08001e7c      0x14c /usr/lib/gcc/arm-none-eabi/13.2.1/../../../arm-none-eabi/lib/thumb/v7-m/nofp/libc_nano.a(libc_a-mallocr.o)
                0x08001ec8                _malloc_r
 .text          0x08001fc8       0xbc /usr/lib/gcc/arm-none-eabi/13.2.1/../../../arm-none-eabi/lib/thumb/v7-m/nofp/libc_nano.a(libc_a-freer.o)
                0x08001fc8                _free_r
 .text          0x08002084       0xfc /usr/lib/gcc/arm-none-eabi/13.2.1/../../../arm-none-eabi/lib/thumb/v7-m/nofp/libc_nano.a(libc_a-memmove.o)
                0x08002084                memmove
 .text          0x08002180      0x174 /usr/lib/gcc/arm-none-eabi/13.2.1/../../../arm-none-eabi/lib/thumb/v7-m/nofp/libc_nano.a(libc_a-strtol.o)
                0x080022b8                _strtol_r
                0x080022bc                strtol_l
                0x080022d8                strtol
 .text          0x080022f4       0x44 /usr/lib/gcc/arm-none-eabi/13.2.1/../../../arm-none-eabi/lib/thumb/v7-m/nofp/libc_nano.a(libc_a-fwalk.o)
                0x080022f4                _fwalk_sglue
 .text          0x08002338       0xc4 /usr/lib/gcc/arm-none-eabi/13.2.1/../../../arm-none-eabi/lib/thumb/v7-m/nofp/libc_nano.a(libc_a-wsetup.o)
                0x08002338                __swsetup_r
 .text          0x080023fc       0x2c /usr/lib/gcc/arm-none-eabi/13.2.1/../../../arm-none-eabi/lib/thumb/v7-m/nofp/libc_nano.a(libc_a-readr.o)
                0x080023fc                _read_r
 .text          0x08002428       0x64 /usr/lib/gcc/arm-none-eabi/13.2.1/../../../arm-none-eabi/lib/thumb/v7-m/nofp/libc_nano.a(libc_a-reallocr.o)
                0x08002428                _realloc_r
 .text          0x0800248c      0x3a8 /usr/lib/gcc/arm-none-eabi/13.2.1/../../../arm-none-eabi/lib/thumb/v7-m/nofp/libc_nano.a(libc_a-nano-vfprintf_i.o)
                0x0800248c                _printf_common
                0x080025b0                _printf_i
 .text          0x08002834       0x9c /usr/lib/gcc/arm-none-eabi/13.2.1/../../../arm-none-eabi/lib/thumb/v7-m/nofp/libc_nano.a(libc_a-sccl.o)
                0x08002834                __sccl
 .text          0x080028d0        0x8 /usr/lib/gcc/arm-none-eabi/13.2.1/../../../arm-none-eabi/lib/thumb/v7-m/nofp/libc_nano.a(libc_a-mlock.o)
                0x080028d0                __malloc_lock
                0x080028d4                __malloc_unlock
 .text          0x080028d8      0x110 /usr/lib/gcc/arm-none-eabi/13.2.1/../../../arm-none-eabi/lib/thumb/v7-m/nofp/libc_nano.a(libc_a-makebuf.o)
                0x080028d8                __smakebuf_r
                0x0800299c                __swhatbuf_r
 .text          0x080029e8       0x2c /usr/lib/gcc/arm-none-eabi/13.2.1/../../../arm-none-eabi/lib/thumb/v7-m/nofp/libc_nano.a(libc_a-lseekr.o)
                0x080029e8                _lseek_r
 .text          0x08002a14      0x148 /usr/lib/gcc/arm-none-eabi/13.2.1/../../../arm-none-eabi/lib/thumb/v7-m/nofp/libc_nano.a(libc_a-ungetc.o)
                0x08002a14                __submore
                0x08002a88                _ungetc_r
                0x08002b48                ungetc
 .text          0x08002b5c       0x98 /usr/lib/gcc/arm-none-eabi/13.2.1/../../../arm-none-eabi/lib/thumb/v7-m/nofp/libc_nano.a(libc_a-memchr-stub.o)
                0x08002b5c                memchr
 .text          0x08002bf4       0x2c /usr/lib/gcc/arm-none-eabi/13.2.1/../../../arm-none-eabi/lib/thumb/v7-m/nofp/libc_nano.a(libc_a-writer.o)
                0x08002bf4                _write_r
 .text          0x08002c20       0x24 /usr/lib/gcc/arm-none-eabi/13.2.1/../../../arm-none-eabi/lib/thumb/v7-m/nofp/libc_nano.a(libc_a-isattyr.o)
                0x08002c20                _isatty_r
 .text          0x08002c44       0x24 /usr/lib/gcc/arm-none-eabi/13.2.1/../../../arm-none-eabi/lib/thumb/v7-m/nofp/libc_nano.a(libc_a-sbrkr.o)
                0x08002c44                _sbrk_r
 .text          0x08002c68       0x10 /usr/lib/gcc/arm-none-eabi/13.2.1/../../../arm-none-eabi/lib/thumb/v7-m/nofp/libc_nano.a(libc_a-msizer.o)
                0x08002c68                _malloc_usable_size_r
 .text          0x08002c78      0x170 /usr/lib/gcc/arm-none-eabi/13.2.1/../../../arm-none-eabi/lib/thumb/v7-m/nofp/libc_nano.a(libc_a-strtoul.o)
                0x08002dac                _strtoul_r
                0x08002db0                strtoul_l
                0x08002dcc                strtoul
 .text          0x08002de8        0xc /usr/lib/gcc/arm-none-eabi/13.2.1/../../../arm-none-eabi/lib/thumb/v7-m/nofp/libc_nano.a(libc_a-errno.o)
                0x08002de8                __errno
 .text          0x08002df4       0x28 /usr/lib/gcc/arm-none-eabi/13.2.1/../../../arm-none-eabi/lib/thumb/v7-m/nofp/libc_nano.a(libc_a-fstatr.o)
                0x08002df4                _fstat_r
 .text          0x08002e1c       0x10 /usr/lib/gcc/arm-none-eabi/13.2.1/../../../arm-none-eabi/lib/thumb/v7-m/nofp/libnosys.a(close.o)
                0x08002e1c                _close
 .text          0x08002e2c       0x10 /usr/lib/gcc/arm-none-eabi/13.2.1/../../../arm-none-eabi/lib/thumb/v7-m/nofp/libnosys.a(fstat.o)
                0x08002e2c                _fstat
 .text          0x08002e3c       0x10 /usr/lib/gcc/arm-none-eabi/13.2.1/../../../arm-none-eabi/lib/thumb/v7-m/nofp/libnosys.a(isatty.o)
                0x08002e3c                _isatty
 .text          0x08002e4c       0x10 /usr/lib/gcc/arm-none-eabi/13.2.1/../../../arm-none-eabi/lib/thumb/v7-m/nofp/libnosys.a(lseek.o)
                0x08002e4c                _lseek
 .text          0x08002e5c       0x10 /usr/lib/gcc/arm-none-eabi/13.2.1/../../../arm-none-eabi/lib/thumb/v7-m/nofp/libnosys.a(read.o)
                0x08002e5c                _read
 .text          0x08002e6c       0x1c /usr/lib/gcc/arm-none-eabi/13.2.1/../../../arm-none-eabi/lib/thumb/v7-m/nofp/libnosys.a(sbrk.o)
                0x08002e6c                _sbrk
 .text          0x08002e88       0x10 /usr/lib/gcc/arm-none-eabi/13.2.1/../../../arm-none-eabi/lib/thumb/v7-m/nofp/libnosys.a(write.o)
                0x08002e88                _write
 *(.text*)
 .text.FLASH_Program_HalfWord
                0x08002e98       0x1c /workspaces/hoverboard-firmware-hack-FOC/build/stm32f1xx_hal_flash.o
 .text.FLASH_SetErrorCode
                0x08002eb4       0x70 /workspaces/hoverboard-firmware-hack-FOC/build/stm32f1xx_hal_flash.o
 .text.HAL_FLASH_Unlock
                0x08002f24       0x28 /workspaces/hoverboard-firmware-hack-FOC/build/stm32f1xx_hal_flash.o
                0x08002f24                HAL_FLASH_Unlock
 .text.HAL_FLASH_Lock
                0x08002f4c       0x14 /workspaces/hoverboard-firmware-hack-FOC/build/stm32f1xx_hal_flash.o
                0x08002f4c                HAL_FLASH_Lock
 .text.FLASH_WaitForLastOperation
                0x08002f60       0x68 /workspaces/hoverboard-firmware-hack-FOC/build/stm32f1xx_hal_flash.o
                0x08002f60                FLASH_WaitForLastOperation
 .text.HAL_FLASH_Program
                0x08002fc8       0xa0 /workspaces/hoverboard-firmware-hack-FOC/build/stm32f1xx_hal_flash.o
                0x08002fc8                HAL_FLASH_Program
 .text.RCC_Delay
                0x08003068       0x2c /workspaces/hoverboard-firmware-hack-FOC/build/stm32f1xx_hal_rcc.o
 .text.HAL_RCC_OscConfig
                0x08003094      0x3e0 /workspaces/hoverboard-firmware-hack-FOC/build/stm32f1xx_hal_rcc.o
                0x08003094                HAL_RCC_OscConfig
 .text.HAL_RCC_GetSysClockFreq
                0x08003474       0x70 /workspaces/hoverboard-firmware-hack-FOC/build/stm32f1xx_hal_rcc.o
                0x08003474                HAL_RCC_GetSysClockFreq
 .text.HAL_RCC_ClockConfig
                0x080034e4      0x17c /workspaces/hoverboard-firmware-hack-FOC/build/stm32f1xx_hal_rcc.o
                0x080034e4                HAL_RCC_ClockConfig
 .text.HAL_RCC_GetHCLKFreq
                0x08003660        0xc /workspaces/hoverboard-firmware-hack-FOC/build/stm32f1xx_hal_rcc.o
                0x08003660                HAL_RCC_GetHCLKFreq
 .text.HAL_RCC_GetPCLK1Freq
                0x0800366c       0x20 /workspaces/hoverboard-firmware-hack-FOC/build/stm32f1xx_hal_rcc.o
                0x0800366c                HAL_RCC_GetPCLK1Freq
 .text.HAL_RCC_GetPCLK2Freq
                0x0800368c       0x20 /workspaces/hoverboard-firmware-hack-FOC/build/stm32f1xx_hal_rcc.o
                0x0800368c                HAL_RCC_GetPCLK2Freq
 .text.TIM_OC1_SetConfig
                0x080036ac       0x70 /workspaces/hoverboard-firmware-hack-FOC/build/stm32f1xx_hal_tim.o
 .text.TIM_OC3_SetConfig
                0x0800371c       0x70 /workspaces/hoverboard-firmware-hack-FOC/build/stm32f1xx_hal_tim.o
 .text.TIM_OC4_SetConfig
                0x0800378c       0x50 /workspaces/hoverboard-firmware-hack-FOC/build/stm32f1xx_hal_tim.o
 .text.TIM_TI1_ConfigInputStage
                0x080037dc       0x24 /workspaces/hoverboard-firmware-hack-FOC/build/stm32f1xx_hal_tim.o
 .text.TIM_TI2_ConfigInputStage
                0x08003800       0x26 /workspaces/hoverboard-firmware-hack-FOC/build/stm32f1xx_hal_tim.o
 .text.TIM_ETR_SetConfig
                0x08003826       0x18 /workspaces/hoverboard-firmware-hack-FOC/build/stm32f1xx_hal_tim.o
 .text.TIM_SlaveTimer_SetConfig
                0x0800383e       0x74 /workspaces/hoverboard-firmware-hack-FOC/build/stm32f1xx_hal_tim.o
 .text.HAL_TIM_PWM_MspInit
                0x080038b2        0x2 /workspaces/hoverboard-firmware-hack-FOC/build/stm32f1xx_hal_tim.o
                0x080038b2                HAL_TIM_PWM_MspInit
 .text.HAL_TIM_SlaveConfigSynchronization
                0x080038b4       0x40 /workspaces/hoverboard-firmware-hack-FOC/build/stm32f1xx_hal_tim.o
                0x080038b4                HAL_TIM_SlaveConfigSynchronization
 .text.TIM_Base_SetConfig
                0x080038f4       0x98 /workspaces/hoverboard-firmware-hack-FOC/build/stm32f1xx_hal_tim.o
                0x080038f4                TIM_Base_SetConfig
 .text.HAL_TIM_PWM_Init
                0x0800398c       0x34 /workspaces/hoverboard-firmware-hack-FOC/build/stm32f1xx_hal_tim.o
                0x0800398c                HAL_TIM_PWM_Init
 .text.TIM_OC2_SetConfig
                0x080039c0       0x70 /workspaces/hoverboard-firmware-hack-FOC/build/stm32f1xx_hal_tim.o
                0x080039c0                TIM_OC2_SetConfig
 .text.HAL_TIM_PWM_ConfigChannel
                0x08003a30       0xdc /workspaces/hoverboard-firmware-hack-FOC/build/stm32f1xx_hal_tim.o
                0x08003a30                HAL_TIM_PWM_ConfigChannel
 .text.TIM_CCxChannelCmd
                0x08003b0c       0x1a /workspaces/hoverboard-firmware-hack-FOC/build/stm32f1xx_hal_tim.o
                0x08003b0c                TIM_CCxChannelCmd
 *fill*         0x08003b26        0x2 
 .text.HAL_TIM_PWM_Start
                0x08003b28       0x38 /workspaces/hoverboard-firmware-hack-FOC/build/stm32f1xx_hal_tim.o
                0x08003b28                HAL_TIM_PWM_Start
 .text.TIM_CCxNChannelCmd
                0x08003b60       0x1a /workspaces/hoverboard-firmware-hack-FOC/build/stm32f1xx_hal_tim_ex.o
 .text.HAL_TIMEx_PWMN_Start
                0x08003b7a       0x24 /workspaces/hoverboard-firmware-hack-FOC/build/stm32f1xx_hal_tim_ex.o
                0x08003b7a                HAL_TIMEx_PWMN_Start
 .text.HAL_TIMEx_ConfigBreakDeadTime
                0x08003b9e       0x52 /workspaces/hoverboard-firmware-hack-FOC/build/stm32f1xx_hal_tim_ex.o
                0x08003b9e                HAL_TIMEx_ConfigBreakDeadTime
 .text.HAL_TIMEx_MasterConfigSynchronization
                0x08003bf0       0x52 /workspaces/hoverboard-firmware-hack-FOC/build/stm32f1xx_hal_tim_ex.o
                0x08003bf0                HAL_TIMEx_MasterConfigSynchronization
 *fill*         0x08003c42        0x2 
 .text.HAL_ADCEx_MultiModeConfigChannel
                0x08003c44       0x60 /workspaces/hoverboard-firmware-hack-FOC/build/stm32f1xx_hal_adc_ex.o
                0x08003c44                HAL_ADCEx_MultiModeConfigChannel
 .text.NVIC_SetPriority
                0x08003ca4       0x28 /workspaces/hoverboard-firmware-hack-FOC/build/stm32f1xx_hal_cortex.o
 .text.NVIC_EncodePriority
                0x08003ccc       0x3e /workspaces/hoverboard-firmware-hack-FOC/build/stm32f1xx_hal_cortex.o
 *fill*         0x08003d0a        0x2 
 .text.HAL_NVIC_SetPriorityGrouping
                0x08003d0c       0x24 /workspaces/hoverboard-firmware-hack-FOC/build/stm32f1xx_hal_cortex.o
                0x08003d0c                HAL_NVIC_SetPriorityGrouping
 .text.HAL_NVIC_SetPriority
                0x08003d30       0x20 /workspaces/hoverboard-firmware-hack-FOC/build/stm32f1xx_hal_cortex.o
                0x08003d30                HAL_NVIC_SetPriority
 .text.HAL_NVIC_EnableIRQ
                0x08003d50       0x18 /workspaces/hoverboard-firmware-hack-FOC/build/stm32f1xx_hal_cortex.o
                0x08003d50                HAL_NVIC_EnableIRQ
 .text.HAL_SYSTICK_Config
                0x08003d68       0x28 /workspaces/hoverboard-firmware-hack-FOC/build/stm32f1xx_hal_cortex.o
                0x08003d68                HAL_SYSTICK_Config
 .text.HAL_SYSTICK_CLKSourceConfig
                0x08003d90       0x20 /workspaces/hoverboard-firmware-hack-FOC/build/stm32f1xx_hal_cortex.o
                0x08003d90                HAL_SYSTICK_CLKSourceConfig
 .text.HAL_SYSTICK_Callback
                0x08003db0        0x2 /workspaces/hoverboard-firmware-hack-FOC/build/stm32f1xx_hal_cortex.o
                0x08003db0                HAL_SYSTICK_Callback
 .text.HAL_SYSTICK_IRQHandler
                0x08003db2        0x8 /workspaces/hoverboard-firmware-hack-FOC/build/stm32f1xx_hal_cortex.o
                0x08003db2                HAL_SYSTICK_IRQHandler
 *fill*         0x08003dba        0x2 
 .text.FLASH_MassErase
                0x08003dbc       0x24 /workspaces/hoverboard-firmware-hack-FOC/build/stm32f1xx_hal_flash_ex.o
 .text.FLASH_PageErase
                0x08003de0       0x24 /workspaces/hoverboard-firmware-hack-FOC/build/stm32f1xx_hal_flash_ex.o
                0x08003de0                FLASH_PageErase
 .text.HAL_FLASHEx_Erase
                0x08003e04       0xa4 /workspaces/hoverboard-firmware-hack-FOC/build/stm32f1xx_hal_flash_ex.o
                0x08003e04                HAL_FLASHEx_Erase
 .text.HAL_GPIO_Init
                0x08003ea8      0x238 /workspaces/hoverboard-firmware-hack-FOC/build/stm32f1xx_hal_gpio.o
                0x08003ea8                HAL_GPIO_Init
 .text.HAL_GPIO_ReadPin
                0x080040e0        0xe /workspaces/hoverboard-firmware-hack-FOC/build/stm32f1xx_hal_gpio.o
                0x080040e0                HAL_GPIO_ReadPin
 .text.HAL_GPIO_WritePin
                0x080040ee        0xc /workspaces/hoverboard-firmware-hack-FOC/build/stm32f1xx_hal_gpio.o
                0x080040ee                HAL_GPIO_WritePin
 .text.HAL_GPIO_TogglePin
                0x080040fa        0x8 /workspaces/hoverboard-firmware-hack-FOC/build/stm32f1xx_hal_gpio.o
                0x080040fa                HAL_GPIO_TogglePin
 *fill*         0x08004102        0x2 
 .text.HAL_RCCEx_PeriphCLKConfig
                0x08004104      0x118 /workspaces/hoverboard-firmware-hack-FOC/build/stm32f1xx_hal_rcc_ex.o
                0x08004104                HAL_RCCEx_PeriphCLKConfig
 .text.HAL_MspInit
                0x0800421c        0x2 /workspaces/hoverboard-firmware-hack-FOC/build/stm32f1xx_hal.o
                0x0800421c                HAL_MspInit
 *fill*         0x0800421e        0x2 
 .text.HAL_InitTick
                0x08004220       0x2c /workspaces/hoverboard-firmware-hack-FOC/build/stm32f1xx_hal.o
                0x08004220                HAL_InitTick
 .text.HAL_Init
                0x0800424c       0x24 /workspaces/hoverboard-firmware-hack-FOC/build/stm32f1xx_hal.o
                0x0800424c                HAL_Init
 .text.HAL_IncTick
                0x08004270       0x10 /workspaces/hoverboard-firmware-hack-FOC/build/stm32f1xx_hal.o
                0x08004270                HAL_IncTick
 .text.HAL_GetTick
                0x08004280        0xc /workspaces/hoverboard-firmware-hack-FOC/build/stm32f1xx_hal.o
                0x08004280                HAL_GetTick
 .text.HAL_Delay
                0x0800428c       0x24 /workspaces/hoverboard-firmware-hack-FOC/build/stm32f1xx_hal.o
                0x0800428c                HAL_Delay
 .text.HAL_ADC_MspInit
                0x080042b0        0x2 /workspaces/hoverboard-firmware-hack-FOC/build/stm32f1xx_hal_adc.o
                0x080042b0                HAL_ADC_MspInit
 *fill*         0x080042b2        0x2 
 .text.HAL_ADC_ConfigChannel
                0x080042b4      0x140 /workspaces/hoverboard-firmware-hack-FOC/build/stm32f1xx_hal_adc.o
                0x080042b4                HAL_ADC_ConfigChannel
 .text.ADC_Enable
                0x080043f4       0x80 /workspaces/hoverboard-firmware-hack-FOC/build/stm32f1xx_hal_adc.o
                0x080043f4                ADC_Enable
 .text.HAL_ADC_Start
                0x08004474       0xe8 /workspaces/hoverboard-firmware-hack-FOC/build/stm32f1xx_hal_adc.o
                0x08004474                HAL_ADC_Start
 .text.ADC_ConversionStop_Disable
                0x0800455c       0x4c /workspaces/hoverboard-firmware-hack-FOC/build/stm32f1xx_hal_adc.o
                0x0800455c                ADC_ConversionStop_Disable
 .text.HAL_ADC_Init
                0x080045a8      0x124 /workspaces/hoverboard-firmware-hack-FOC/build/stm32f1xx_hal_adc.o
                0x080045a8                HAL_ADC_Init
 .text.UART_EndTxTransfer
                0x080046cc       0x12 /workspaces/hoverboard-firmware-hack-FOC/build/stm32f1xx_hal_uart.o
 .text.UART_EndRxTransfer
                0x080046de       0x1c /workspaces/hoverboard-firmware-hack-FOC/build/stm32f1xx_hal_uart.o
 .text.UART_Transmit_IT
                0x080046fa       0x66 /workspaces/hoverboard-firmware-hack-FOC/build/stm32f1xx_hal_uart.o
 .text.UART_SetConfig
                0x08004760      0x1a4 /workspaces/hoverboard-firmware-hack-FOC/build/stm32f1xx_hal_uart.o
 .text.UART_WaitOnFlagUntilTimeout
                0x08004904       0x68 /workspaces/hoverboard-firmware-hack-FOC/build/stm32f1xx_hal_uart.o
 .text.HAL_UART_Init
                0x0800496c       0x5e /workspaces/hoverboard-firmware-hack-FOC/build/stm32f1xx_hal_uart.o
                0x0800496c                HAL_UART_Init
 .text.HAL_UART_Transmit
                0x080049ca       0xde /workspaces/hoverboard-firmware-hack-FOC/build/stm32f1xx_hal_uart.o
                0x080049ca                HAL_UART_Transmit
 .text.HAL_UART_Transmit_DMA
                0x08004aa8       0x8c /workspaces/hoverboard-firmware-hack-FOC/build/stm32f1xx_hal_uart.o
                0x08004aa8                HAL_UART_Transmit_DMA
 .text.HAL_UART_Receive_DMA
                0x08004b34       0xa8 /workspaces/hoverboard-firmware-hack-FOC/build/stm32f1xx_hal_uart.o
                0x08004b34                HAL_UART_Receive_DMA
 .text.HAL_UART_TxCpltCallback
                0x08004bdc        0x2 /workspaces/hoverboard-firmware-hack-FOC/build/stm32f1xx_hal_uart.o
                0x08004bdc                HAL_UART_TxCpltCallback
 .text.UART_DMATransmitCplt
                0x08004bde       0x30 /workspaces/hoverboard-firmware-hack-FOC/build/stm32f1xx_hal_uart.o
 .text.UART_EndTransmit_IT
                0x08004c0e       0x1a /workspaces/hoverboard-firmware-hack-FOC/build/stm32f1xx_hal_uart.o
 .text.HAL_UART_TxHalfCpltCallback
                0x08004c28        0x2 /workspaces/hoverboard-firmware-hack-FOC/build/stm32f1xx_hal_uart.o
                0x08004c28                HAL_UART_TxHalfCpltCallback
 .text.UART_DMATxHalfCplt
                0x08004c2a        0xa /workspaces/hoverboard-firmware-hack-FOC/build/stm32f1xx_hal_uart.o
 .text.HAL_UART_RxCpltCallback
                0x08004c34        0x2 /workspaces/hoverboard-firmware-hack-FOC/build/stm32f1xx_hal_uart.o
                0x08004c34                HAL_UART_RxCpltCallback
 .text.UART_DMAReceiveCplt
                0x08004c36       0x3e /workspaces/hoverboard-firmware-hack-FOC/build/stm32f1xx_hal_uart.o
 .text.UART_Receive_IT
                0x08004c74       0x9e /workspaces/hoverboard-firmware-hack-FOC/build/stm32f1xx_hal_uart.o
 .text.HAL_UART_RxHalfCpltCallback
                0x08004d12        0x2 /workspaces/hoverboard-firmware-hack-FOC/build/stm32f1xx_hal_uart.o
                0x08004d12                HAL_UART_RxHalfCpltCallback
 .text.UART_DMARxHalfCplt
                0x08004d14        0xa /workspaces/hoverboard-firmware-hack-FOC/build/stm32f1xx_hal_uart.o
 .text.HAL_UART_ErrorCallback
                0x08004d1e        0x2 /workspaces/hoverboard-firmware-hack-FOC/build/stm32f1xx_hal_uart.o
                0x08004d1e                HAL_UART_ErrorCallback
 .text.UART_DMAError
                0x08004d20       0x58 /workspaces/hoverboard-firmware-hack-FOC/build/stm32f1xx_hal_uart.o
 .text.HAL_UART_IRQHandler
                0x08004d78      0x11c /workspaces/hoverboard-firmware-hack-FOC/build/stm32f1xx_hal_uart.o
                0x08004d78                HAL_UART_IRQHandler
 .text.UART_DMAAbortOnError
                0x08004e94       0x10 /workspaces/hoverboard-firmware-hack-FOC/build/stm32f1xx_hal_uart.o
 .text.DMA_SetConfig
                0x08004ea4       0x2c /workspaces/hoverboard-firmware-hack-FOC/build/stm32f1xx_hal_dma.o
 .text.HAL_DMA_Init
                0x08004ed0       0x9c /workspaces/hoverboard-firmware-hack-FOC/build/stm32f1xx_hal_dma.o
                0x08004ed0                HAL_DMA_Init
 .text.HAL_DMA_Start_IT
                0x08004f6c       0x74 /workspaces/hoverboard-firmware-hack-FOC/build/stm32f1xx_hal_dma.o
                0x08004f6c                HAL_DMA_Start_IT
 .text.HAL_DMA_Abort_IT
                0x08004fe0      0x168 /workspaces/hoverboard-firmware-hack-FOC/build/stm32f1xx_hal_dma.o
                0x08004fe0                HAL_DMA_Abort_IT
 .text.HAL_DMA_IRQHandler
                0x08005148      0x2ec /workspaces/hoverboard-firmware-hack-FOC/build/stm32f1xx_hal_dma.o
                0x08005148                HAL_DMA_IRQHandler
 .text.SystemInit
                0x08005434       0x4c /workspaces/hoverboard-firmware-hack-FOC/build/system_stm32f1xx.o
                0x08005434                SystemInit
 .text.UART3_Init
                0x08005480       0x6c /workspaces/hoverboard-firmware-hack-FOC/build/setup.o
                0x08005480                UART3_Init
 .text.HAL_UART_MspInit
                0x080054ec      0x1c8 /workspaces/hoverboard-firmware-hack-FOC/build/setup.o
                0x080054ec                HAL_UART_MspInit
 .text.MX_GPIO_Init
                0x080056b4      0x22c /workspaces/hoverboard-firmware-hack-FOC/build/setup.o
                0x080056b4                MX_GPIO_Init
 .text.MX_TIM_Init
                0x080058e0      0x208 /workspaces/hoverboard-firmware-hack-FOC/build/setup.o
                0x080058e0                MX_TIM_Init
 .text.MX_ADC1_Init
                0x08005ae8      0x130 /workspaces/hoverboard-firmware-hack-FOC/build/setup.o
                0x08005ae8                MX_ADC1_Init
 .text.MX_ADC2_Init
                0x08005c18       0xb0 /workspaces/hoverboard-firmware-hack-FOC/build/setup.o
                0x08005c18                MX_ADC2_Init
 .text.uart_echo_with_timestamp
                0x08005cc8      0x3a0 /workspaces/hoverboard-firmware-hack-FOC/build/util.o
                0x08005cc8                uart_echo_with_timestamp
 .text.BLDC_Init
                0x08006068       0xac /workspaces/hoverboard-firmware-hack-FOC/build/util.o
                0x08006068                BLDC_Init
 .text.Input_Lim_Init
                0x08006114       0x44 /workspaces/hoverboard-firmware-hack-FOC/build/util.o
                0x08006114                Input_Lim_Init
 .text.UART_DisableRxErrors
                0x08006158       0x16 /workspaces/hoverboard-firmware-hack-FOC/build/util.o
                0x08006158                UART_DisableRxErrors
 *fill*         0x0800616e        0x2 
 .text.poweronMelody
                0x08006170       0x2c /workspaces/hoverboard-firmware-hack-FOC/build/util.o
                0x08006170                poweronMelody
 .text.beepCount
                0x0800619c       0x1c /workspaces/hoverboard-firmware-hack-FOC/build/util.o
                0x0800619c                beepCount
 .text.beepLong
                0x080061b8       0x20 /workspaces/hoverboard-firmware-hack-FOC/build/util.o
                0x080061b8                beepLong
 .text.beepShort
                0x080061d8       0x20 /workspaces/hoverboard-firmware-hack-FOC/build/util.o
                0x080061d8                beepShort
 .text.beepShortMany
                0x080061f8       0x38 /workspaces/hoverboard-firmware-hack-FOC/build/util.o
                0x080061f8                beepShortMany
 .text.calcAvgSpeed
                0x08006230       0x40 /workspaces/hoverboard-firmware-hack-FOC/build/util.o
                0x08006230                calcAvgSpeed
 .text.cruiseControl
                0x08006270        0x2 /workspaces/hoverboard-firmware-hack-FOC/build/util.o
                0x08006270                cruiseControl
 *fill*         0x08006272        0x2 
 .text.checkInputType
                0x08006274       0x70 /workspaces/hoverboard-firmware-hack-FOC/build/util.o
                0x08006274                checkInputType
 .text.Input_Init
                0x080062e4      0x240 /workspaces/hoverboard-firmware-hack-FOC/build/util.o
                0x080062e4                Input_Init
 .text.calcInputCmd
                0x08006524       0xaa /workspaces/hoverboard-firmware-hack-FOC/build/util.o
                0x08006524                calcInputCmd
 *fill*         0x080065ce        0x2 
 .text.readInputRaw
                0x080065d0       0x60 /workspaces/hoverboard-firmware-hack-FOC/build/util.o
                0x080065d0                readInputRaw
 .text.handleTimeout
                0x08006630      0x144 /workspaces/hoverboard-firmware-hack-FOC/build/util.o
                0x08006630                handleTimeout
 .text.readCommand
                0x08006774       0x98 /workspaces/hoverboard-firmware-hack-FOC/build/util.o
                0x08006774                readCommand
 .text.usart_process_sideboard
                0x0800680c       0x7c /workspaces/hoverboard-firmware-hack-FOC/build/util.o
                0x0800680c                usart_process_sideboard
 .text.usart3_rx_check
                0x08006888       0xdc /workspaces/hoverboard-firmware-hack-FOC/build/util.o
                0x08006888                usart3_rx_check
 .text.sideboardLeds
                0x08006964      0x19c /workspaces/hoverboard-firmware-hack-FOC/build/util.o
                0x08006964                sideboardLeds
 .text.sideboardSensors
                0x08006b00      0x1d0 /workspaces/hoverboard-firmware-hack-FOC/build/util.o
                0x08006b00                sideboardSensors
 .text.saveConfig
                0x08006cd0      0x100 /workspaces/hoverboard-firmware-hack-FOC/build/util.o
                0x08006cd0                saveConfig
 .text.poweroff
                0x08006dd0       0x48 /workspaces/hoverboard-firmware-hack-FOC/build/util.o
                0x08006dd0                poweroff
 .text.filtLowPass32
                0x08006e18       0x46 /workspaces/hoverboard-firmware-hack-FOC/build/util.o
                0x08006e18                filtLowPass32
 *fill*         0x08006e5e        0x2 
 .text.adcCalibLim
                0x08006e60      0x180 /workspaces/hoverboard-firmware-hack-FOC/build/util.o
                0x08006e60                adcCalibLim
 .text.updateCurSpdLim
                0x08006fe0      0x170 /workspaces/hoverboard-firmware-hack-FOC/build/util.o
                0x08006fe0                updateCurSpdLim
 .text.poweroffPressCheck
                0x08007150       0xa0 /workspaces/hoverboard-firmware-hack-FOC/build/util.o
                0x08007150                poweroffPressCheck
 .text.rateLimiter16
                0x080071f0       0x1e /workspaces/hoverboard-firmware-hack-FOC/build/util.o
                0x080071f0                rateLimiter16
 *fill*         0x0800720e        0x2 
 .text.mixerFcn
                0x08007210       0x7c /workspaces/hoverboard-firmware-hack-FOC/build/util.o
                0x08007210                mixerFcn
 .text.multipleTapDet
                0x0800728c       0x76 /workspaces/hoverboard-firmware-hack-FOC/build/util.o
                0x0800728c                multipleTapDet
 *fill*         0x08007302        0x2 
 .text.SystemClock_Config
                0x08007304       0x74 /workspaces/hoverboard-firmware-hack-FOC/build/main.o
                0x08007304                SystemClock_Config
 .text.main     0x08007378      0x7c8 /workspaces/hoverboard-firmware-hack-FOC/build/main.o
                0x08007378                main
 .text.DMA1_Channel1_IRQHandler
                0x08007b40      0x504 /workspaces/hoverboard-firmware-hack-FOC/build/bldc.o
                0x08007b40                DMA1_Channel1_IRQHandler
 .text.EE_VerifyPageFullyErased
                0x08008044       0x24 /workspaces/hoverboard-firmware-hack-FOC/build/eeprom.o
 .text.EE_FindValidPage
                0x08008068       0x50 /workspaces/hoverboard-firmware-hack-FOC/build/eeprom.o
 .text.EE_VerifyPageFullWriteVariable
                0x080080b8       0x54 /workspaces/hoverboard-firmware-hack-FOC/build/eeprom.o
 .text.EE_Format
                0x0800810c       0x60 /workspaces/hoverboard-firmware-hack-FOC/build/eeprom.o
 .text.EE_ReadVariable
                0x0800816c       0x48 /workspaces/hoverboard-firmware-hack-FOC/build/eeprom.o
                0x0800816c                EE_ReadVariable
 .text.EE_Init  0x080081b4      0x250 /workspaces/hoverboard-firmware-hack-FOC/build/eeprom.o
                0x080081b4                EE_Init
 .text.EE_PageTransfer
                0x08008404       0xc4 /workspaces/hoverboard-firmware-hack-FOC/build/eeprom.o
 .text.EE_WriteVariable
                0x080084c8       0x1a /workspaces/hoverboard-firmware-hack-FOC/build/eeprom.o
                0x080084c8                EE_WriteVariable
 .text.NMI_Handler
                0x080084e2        0x2 /workspaces/hoverboard-firmware-hack-FOC/build/stm32f1xx_it.o
                0x080084e2                NMI_Handler
 .text.HardFault_Handler
                0x080084e4        0x2 /workspaces/hoverboard-firmware-hack-FOC/build/stm32f1xx_it.o
                0x080084e4                HardFault_Handler
 .text.MemManage_Handler
                0x080084e6        0x2 /workspaces/hoverboard-firmware-hack-FOC/build/stm32f1xx_it.o
                0x080084e6                MemManage_Handler
 .text.BusFault_Handler
                0x080084e8        0x2 /workspaces/hoverboard-firmware-hack-FOC/build/stm32f1xx_it.o
                0x080084e8                BusFault_Handler
 .text.UsageFault_Handler
                0x080084ea        0x2 /workspaces/hoverboard-firmware-hack-FOC/build/stm32f1xx_it.o
                0x080084ea                UsageFault_Handler
 .text.SVC_Handler
                0x080084ec        0x2 /workspaces/hoverboard-firmware-hack-FOC/build/stm32f1xx_it.o
                0x080084ec                SVC_Handler
 .text.DebugMon_Handler
                0x080084ee        0x2 /workspaces/hoverboard-firmware-hack-FOC/build/stm32f1xx_it.o
                0x080084ee                DebugMon_Handler
 .text.PendSV_Handler
                0x080084f0        0x2 /workspaces/hoverboard-firmware-hack-FOC/build/stm32f1xx_it.o
                0x080084f0                PendSV_Handler
 .text.SysTick_Handler
                0x080084f2        0xc /workspaces/hoverboard-firmware-hack-FOC/build/stm32f1xx_it.o
                0x080084f2                SysTick_Handler
 *fill*         0x080084fe        0x2 
 .text.DMA1_Channel2_IRQHandler
                0x08008500       0x10 /workspaces/hoverboard-firmware-hack-FOC/build/stm32f1xx_it.o
                0x08008500                DMA1_Channel2_IRQHandler
 .text.DMA1_Channel3_IRQHandler
                0x08008510       0x10 /workspaces/hoverboard-firmware-hack-FOC/build/stm32f1xx_it.o
                0x08008510                DMA1_Channel3_IRQHandler
 .text.USART3_IRQHandler
                0x08008520       0x34 /workspaces/hoverboard-firmware-hack-FOC/build/stm32f1xx_it.o
                0x08008520                USART3_IRQHandler
 .text.plook_u8s16_evencka
                0x08008554       0x1c /workspaces/hoverboard-firmware-hack-FOC/build/BLDC_controller.o
                0x08008554                plook_u8s16_evencka
 .text.plook_u8u16_evencka
                0x08008570       0x1c /workspaces/hoverboard-firmware-hack-FOC/build/BLDC_controller.o
                0x08008570                plook_u8u16_evencka
 .text.div_nde_s32_floor
                0x0800858c       0x22 /workspaces/hoverboard-firmware-hack-FOC/build/BLDC_controller.o
                0x0800858c                div_nde_s32_floor
 .text.Counter_Init
                0x080085ae        0x4 /workspaces/hoverboard-firmware-hack-FOC/build/BLDC_controller.o
                0x080085ae                Counter_Init
 .text.Counter  0x080085b2       0x1a /workspaces/hoverboard-firmware-hack-FOC/build/BLDC_controller.o
                0x080085b2                Counter
 .text.Low_Pass_Filter_Reset
                0x080085cc        0x8 /workspaces/hoverboard-firmware-hack-FOC/build/BLDC_controller.o
                0x080085cc                Low_Pass_Filter_Reset
 .text.Low_Pass_Filter
                0x080085d4       0x5c /workspaces/hoverboard-firmware-hack-FOC/build/BLDC_controller.o
                0x080085d4                Low_Pass_Filter
 .text.Counter_b_Init
                0x08008630        0x4 /workspaces/hoverboard-firmware-hack-FOC/build/BLDC_controller.o
                0x08008630                Counter_b_Init
 .text.Counter_n
                0x08008634       0x20 /workspaces/hoverboard-firmware-hack-FOC/build/BLDC_controller.o
                0x08008634                Counter_n
 .text.either_edge
                0x08008654        0xe /workspaces/hoverboard-firmware-hack-FOC/build/BLDC_controller.o
                0x08008654                either_edge
 .text.Debounce_Filter_Init
                0x08008662       0x16 /workspaces/hoverboard-firmware-hack-FOC/build/BLDC_controller.o
                0x08008662                Debounce_Filter_Init
 .text.Debounce_Filter
                0x08008678       0x8c /workspaces/hoverboard-firmware-hack-FOC/build/BLDC_controller.o
                0x08008678                Debounce_Filter
 .text.I_backCalc_fixdt_Init
                0x08008704        0x4 /workspaces/hoverboard-firmware-hack-FOC/build/BLDC_controller.o
                0x08008704                I_backCalc_fixdt_Init
 .text.I_backCalc_fixdt_Reset
                0x08008708        0x8 /workspaces/hoverboard-firmware-hack-FOC/build/BLDC_controller.o
                0x08008708                I_backCalc_fixdt_Reset
 .text.I_backCalc_fixdt
                0x08008710       0x72 /workspaces/hoverboard-firmware-hack-FOC/build/BLDC_controller.o
                0x08008710                I_backCalc_fixdt
 .text.PI_clamp_fixdt_Init
                0x08008782        0x6 /workspaces/hoverboard-firmware-hack-FOC/build/BLDC_controller.o
                0x08008782                PI_clamp_fixdt_Init
 .text.PI_clamp_fixdt_Reset
                0x08008788        0xa /workspaces/hoverboard-firmware-hack-FOC/build/BLDC_controller.o
                0x08008788                PI_clamp_fixdt_Reset
 *fill*         0x08008792        0x2 
 .text.PI_clamp_fixdt
                0x08008794       0xf4 /workspaces/hoverboard-firmware-hack-FOC/build/BLDC_controller.o
                0x08008794                PI_clamp_fixdt
 .text.PI_clamp_fixdt_d_Init
                0x08008888        0x6 /workspaces/hoverboard-firmware-hack-FOC/build/BLDC_controller.o
                0x08008888                PI_clamp_fixdt_d_Init
 .text.PI_clamp_fixdt_b_Reset
                0x0800888e        0xa /workspaces/hoverboard-firmware-hack-FOC/build/BLDC_controller.o
                0x0800888e                PI_clamp_fixdt_b_Reset
 .text.PI_clamp_fixdt_l
                0x08008898       0xf8 /workspaces/hoverboard-firmware-hack-FOC/build/BLDC_controller.o
                0x08008898                PI_clamp_fixdt_l
 .text.PI_clamp_fixdt_f_Init
                0x08008990        0x6 /workspaces/hoverboard-firmware-hack-FOC/build/BLDC_controller.o
                0x08008990                PI_clamp_fixdt_f_Init
 .text.PI_clamp_fixdt_g_Reset
                0x08008996        0xa /workspaces/hoverboard-firmware-hack-FOC/build/BLDC_controller.o
                0x08008996                PI_clamp_fixdt_g_Reset
 .text.PI_clamp_fixdt_k
                0x080089a0      0x108 /workspaces/hoverboard-firmware-hack-FOC/build/BLDC_controller.o
                0x080089a0                PI_clamp_fixdt_k
 .text.BLDC_controller_step
                0x08008aa8     0x11ac /workspaces/hoverboard-firmware-hack-FOC/build/BLDC_controller.o
                0x08008aa8                BLDC_controller_step
 .text.BLDC_controller_initialize
                0x08009c54       0xc0 /workspaces/hoverboard-firmware-hack-FOC/build/BLDC_controller.o
                0x08009c54                BLDC_controller_initialize
 .text.Reset_Handler
                0x08009d14       0x48 /workspaces/hoverboard-firmware-hack-FOC/build/startup_stm32f103xe.o
                0x08009d14                Reset_Handler
 .text.Default_Handler
                0x08009d5c        0x2 /workspaces/hoverboard-firmware-hack-FOC/build/startup_stm32f103xe.o
                0x08009d5c                RTC_Alarm_IRQHandler
                0x08009d5c                EXTI2_IRQHandler
                0x08009d5c                TIM8_TRG_COM_IRQHandler
                0x08009d5c                TIM8_CC_IRQHandler
                0x08009d5c                TIM1_CC_IRQHandler
                0x08009d5c                TIM6_IRQHandler
                0x08009d5c                PVD_IRQHandler
                0x08009d5c                SDIO_IRQHandler
                0x08009d5c                EXTI3_IRQHandler
                0x08009d5c                EXTI0_IRQHandler
                0x08009d5c                I2C2_EV_IRQHandler
                0x08009d5c                ADC1_2_IRQHandler
                0x08009d5c                SPI1_IRQHandler
                0x08009d5c                TAMPER_IRQHandler
                0x08009d5c                TIM8_UP_IRQHandler
                0x08009d5c                DMA2_Channel2_IRQHandler
                0x08009d5c                DMA1_Channel4_IRQHandler
                0x08009d5c                RTC_IRQHandler
                0x08009d5c                DMA1_Channel7_IRQHandler
                0x08009d5c                CAN1_RX1_IRQHandler
                0x08009d5c                UART5_IRQHandler
                0x08009d5c                ADC3_IRQHandler
                0x08009d5c                TIM4_IRQHandler
                0x08009d5c                DMA2_Channel1_IRQHandler
                0x08009d5c                I2C1_EV_IRQHandler
                0x08009d5c                DMA1_Channel6_IRQHandler
                0x08009d5c                UART4_IRQHandler
                0x08009d5c                TIM3_IRQHandler
                0x08009d5c                RCC_IRQHandler
                0x08009d5c                TIM1_TRG_COM_IRQHandler
                0x08009d5c                Default_Handler
                0x08009d5c                EXTI15_10_IRQHandler
                0x08009d5c                TIM7_IRQHandler
                0x08009d5c                TIM5_IRQHandler
                0x08009d5c                EXTI9_5_IRQHandler
                0x08009d5c                SPI2_IRQHandler
                0x08009d5c                DMA1_Channel5_IRQHandler
                0x08009d5c                EXTI4_IRQHandler
                0x08009d5c                USB_LP_CAN1_RX0_IRQHandler
                0x08009d5c                USB_HP_CAN1_TX_IRQHandler
                0x08009d5c                FSMC_IRQHandler
                0x08009d5c                TIM1_UP_IRQHandler
                0x08009d5c                WWDG_IRQHandler
                0x08009d5c                TIM2_IRQHandler
                0x08009d5c                TIM1_BRK_IRQHandler
                0x08009d5c                EXTI1_IRQHandler
                0x08009d5c                DMA2_Channel4_5_IRQHandler
                0x08009d5c                USART2_IRQHandler
                0x08009d5c                I2C2_ER_IRQHandler
                0x08009d5c                TIM8_BRK_IRQHandler
                0x08009d5c                CAN1_SCE_IRQHandler
                0x08009d5c                FLASH_IRQHandler
                0x08009d5c                USART1_IRQHandler
                0x08009d5c                SPI3_IRQHandler
                0x08009d5c                I2C1_ER_IRQHandler
                0x08009d5c                USBWakeUp_IRQHandler
                0x08009d5c                DMA2_Channel3_IRQHandler
 *(.glue_7)
 .glue_7        0x08009d5e        0x0 linker stubs
 *(.glue_7t)
 .glue_7t       0x08009d5e        0x0 linker stubs
 *(.eh_frame)
 *fill*         0x08009d5e        0x2 
 .eh_frame      0x08009d60        0x0 /usr/lib/gcc/arm-none-eabi/13.2.1/thumb/v7-m/nofp/crtbegin.o
 *(.init)
 .init          0x08009d60        0x4 /usr/lib/gcc/arm-none-eabi/13.2.1/thumb/v7-m/nofp/crti.o
                0x08009d60                _init
 .init          0x08009d64        0x8 /usr/lib/gcc/arm-none-eabi/13.2.1/thumb/v7-m/nofp/crtn.o
 *(.fini)
 .fini          0x08009d6c        0x4 /usr/lib/gcc/arm-none-eabi/13.2.1/thumb/v7-m/nofp/crti.o
                0x08009d6c                _fini
 .fini          0x08009d70        0x8 /usr/lib/gcc/arm-none-eabi/13.2.1/thumb/v7-m/nofp/crtn.o
                0x08009d78                        . = ALIGN (0x4)
                0x08009d78                        _etext = .

.vfp11_veneer   0x08009d78        0x0
 .vfp11_veneer  0x08009d78        0x0 linker stubs

.v4_bx          0x08009d78        0x0
 .v4_bx         0x08009d78        0x0 linker stubs

.iplt           0x08009d78        0x0
 .iplt          0x08009d78        0x0 /usr/lib/gcc/arm-none-eabi/13.2.1/thumb/v7-m/nofp/crtbegin.o

.rodata         0x08009d78      0xadc
                0x08009d78                        . = ALIGN (0x4)
 *(.rodata)
 .rodata        0x08009d78      0x101 /usr/lib/gcc/arm-none-eabi/13.2.1/../../../arm-none-eabi/lib/thumb/v7-m/nofp/libc_nano.a(libc_a-ctype_.o)
                0x08009d78                _ctype_
 *fill*         0x08009e79        0x3 
 .rodata        0x08009e7c        0xc /usr/lib/gcc/arm-none-eabi/13.2.1/../../../arm-none-eabi/lib/thumb/v7-m/nofp/libc_nano.a(libc_a-nano-vfscanf_i.o)
 *(.rodata*)
 .rodata.HAL_RCC_GetSysClockFreq.str1.4
                0x08009e88      0x219 /workspaces/hoverboard-firmware-hack-FOC/build/stm32f1xx_hal_rcc.o
                                 0x11 (size before relaxing)
 *fill*         0x0800a0a1        0x3 
 .rodata.APBPrescTable
                0x0800a0a4        0x8 /workspaces/hoverboard-firmware-hack-FOC/build/system_stm32f1xx.o
                0x0800a0a4                APBPrescTable
 .rodata.AHBPrescTable
                0x0800a0ac       0x10 /workspaces/hoverboard-firmware-hack-FOC/build/system_stm32f1xx.o
                0x0800a0ac                AHBPrescTable
 .rodata.uart_echo_with_timestamp.str1.4
                0x0800a0bc      0x119 /workspaces/hoverboard-firmware-hack-FOC/build/util.o
 .rodata.Input_Init.str1.4
                0x0800a0bc       0x59 /workspaces/hoverboard-firmware-hack-FOC/build/util.o
 .rodata.rtM_Right
                0x0800a0bc        0x4 /workspaces/hoverboard-firmware-hack-FOC/build/util.o
                0x0800a0bc                rtM_Right
 .rodata.rtM_Left
                0x0800a0c0        0x4 /workspaces/hoverboard-firmware-hack-FOC/build/util.o
                0x0800a0c0                rtM_Left
 .rodata.main.str1.4
                0x0800a0c4       0x34 /workspaces/hoverboard-firmware-hack-FOC/build/main.o
 .rodata.rtConstP
                0x0800a0c4      0x790 /workspaces/hoverboard-firmware-hack-FOC/build/BLDC_controller_data.o
                0x0800a0c4                rtConstP
 .rodata.str1.4
                0x0800a854       0x13 /usr/lib/gcc/arm-none-eabi/13.2.1/../../../arm-none-eabi/lib/thumb/v7-m/nofp/libc_nano.a(libc_a-nano-vfprintf.o)
 .rodata.str1.4
                0x0800a854       0x13 /usr/lib/gcc/arm-none-eabi/13.2.1/../../../arm-none-eabi/lib/thumb/v7-m/nofp/libc_nano.a(libc_a-nano-svfprintf.o)
 .rodata.str1.4
                0x0800a854        0x4 /usr/lib/gcc/arm-none-eabi/13.2.1/../../../arm-none-eabi/lib/thumb/v7-m/nofp/libc_nano.a(libc_a-nano-svfscanf.o)
 .rodata.str1.4
                0x0800a854       0x1f /usr/lib/gcc/arm-none-eabi/13.2.1/../../../arm-none-eabi/lib/thumb/v7-m/nofp/libc_nano.a(libc_a-nano-vfscanf_i.o)
 .rodata.str1.4
                0x0800a854       0x25 /usr/lib/gcc/arm-none-eabi/13.2.1/../../../arm-none-eabi/lib/thumb/v7-m/nofp/libc_nano.a(libc_a-nano-vfprintf_i.o)
                0x0800a87c                        . = ALIGN (0x4)

.ARM.extab
 *(.ARM.extab* .gnu.linkonce.armextab.*)

.ARM            0x0800a854        0x8
                0x0800a854                        __exidx_start = .
 *(.ARM.exidx*)
 .ARM.exidx     0x0800a854        0x8 /usr/lib/gcc/arm-none-eabi/13.2.1/../../../arm-none-eabi/lib/thumb/v7-m/nofp/libc_nano.a(libc_a-memcpy.o)
 .ARM.exidx     0x0800a85c        0x0 /usr/lib/gcc/arm-none-eabi/13.2.1/../../../arm-none-eabi/lib/thumb/v7-m/nofp/libc_nano.a(libc_a-strcmp.o)
                                  0x8 (size before relaxing)
                0x0800a85c                        __exidx_end = .

.rel.dyn        0x0800a85c        0x0
 .rel.iplt      0x0800a85c        0x0 /usr/lib/gcc/arm-none-eabi/13.2.1/thumb/v7-m/nofp/crtbegin.o

.preinit_array  0x0800a85c        0x0
                0x0800a85c                        PROVIDE (__preinit_array_start = .)
 *(.preinit_array*)
                0x0800a85c                        PROVIDE (__preinit_array_end = .)

.init_array     0x0800a85c        0x4
                0x0800a85c                        PROVIDE (__init_array_start = .)
 *(SORT_BY_NAME(.init_array.*))
 *(.init_array*)
 .init_array    0x0800a85c        0x4 /usr/lib/gcc/arm-none-eabi/13.2.1/thumb/v7-m/nofp/crtbegin.o
                0x0800a860                        PROVIDE (__init_array_end = .)

.fini_array     0x0800a860        0x4
                0x0800a860                        PROVIDE (__fini_array_start = .)
 *(SORT_BY_NAME(.fini_array.*))
 *(.fini_array*)
 .fini_array    0x0800a860        0x4 /usr/lib/gcc/arm-none-eabi/13.2.1/thumb/v7-m/nofp/crtbegin.o
                0x0800a864                        PROVIDE (__fini_array_end = .)
                0x0800a864                        _sidata = LOADADDR (.data)

.data           0x20000000      0x1e4 load address 0x0800a864
                0x20000000                        . = ALIGN (0x4)
                0x20000000                        _sdata = .
 *(.data)
 .data          0x20000000       0x50 /usr/lib/gcc/arm-none-eabi/13.2.1/../../../arm-none-eabi/lib/thumb/v7-m/nofp/libc_nano.a(libc_a-impure.o)
                0x20000000                _impure_ptr
                0x20000004                _impure_data
 .data          0x20000050        0xc /usr/lib/gcc/arm-none-eabi/13.2.1/../../../arm-none-eabi/lib/thumb/v7-m/nofp/libc_nano.a(libc_a-findfp.o)
                0x20000050                __sglue
 *(.data*)
 .data.SystemCoreClock
                0x2000005c        0x4 /workspaces/hoverboard-firmware-hack-FOC/build/system_stm32f1xx.o
                0x2000005c                SystemCoreClock
 .data.sensor2_index.1
                0x20000060        0x1 /workspaces/hoverboard-firmware-hack-FOC/build/util.o
 *fill*         0x20000061        0x1 
 .data.timeoutCntSerial_R
                0x20000062        0x2 /workspaces/hoverboard-firmware-hack-FOC/build/util.o
 .data.timeoutCntADC
                0x20000064        0x2 /workspaces/hoverboard-firmware-hack-FOC/build/util.o
 *fill*         0x20000066        0x2 
 .data.VirtAddVarTab
                0x20000068       0x26 /workspaces/hoverboard-firmware-hack-FOC/build/util.o
                0x20000068                VirtAddVarTab
 .data.ctrlModReq
                0x2000008e        0x1 /workspaces/hoverboard-firmware-hack-FOC/build/util.o
                0x2000008e                ctrlModReq
 .data.ctrlModReqRaw
                0x2000008f        0x1 /workspaces/hoverboard-firmware-hack-FOC/build/util.o
                0x2000008f                ctrlModReqRaw
 .data.uartEchoMode
                0x20000090        0x1 /workspaces/hoverboard-firmware-hack-FOC/build/util.o
                0x20000090                uartEchoMode
 *fill*         0x20000091        0x3 
 .data.input2   0x20000094       0x1c /workspaces/hoverboard-firmware-hack-FOC/build/util.o
                0x20000094                input2
 .data.input1   0x200000b0       0x1c /workspaces/hoverboard-firmware-hack-FOC/build/util.o
                0x200000b0                input1
 .data.rate     0x200000cc        0x2 /workspaces/hoverboard-firmware-hack-FOC/build/main.o
 *fill*         0x200000ce        0x2 
 .data.batVoltageFixdt
                0x200000d0        0x4 /workspaces/hoverboard-firmware-hack-FOC/build/bldc.o
 .data.batVoltage
                0x200000d4        0x2 /workspaces/hoverboard-firmware-hack-FOC/build/bldc.o
                0x200000d4                batVoltage
 .data.offsetdcr
                0x200000d6        0x2 /workspaces/hoverboard-firmware-hack-FOC/build/bldc.o
 .data.offsetdcl
                0x200000d8        0x2 /workspaces/hoverboard-firmware-hack-FOC/build/bldc.o
 .data.offsetrrC
                0x200000da        0x2 /workspaces/hoverboard-firmware-hack-FOC/build/bldc.o
 .data.offsetrrB
                0x200000dc        0x2 /workspaces/hoverboard-firmware-hack-FOC/build/bldc.o
 .data.offsetrlB
                0x200000de        0x2 /workspaces/hoverboard-firmware-hack-FOC/build/bldc.o
 .data.offsetrlA
                0x200000e0        0x2 /workspaces/hoverboard-firmware-hack-FOC/build/bldc.o
 *fill*         0x200000e2        0x2 
 .data.rtP_Left
                0x200000e4      0x100 /workspaces/hoverboard-firmware-hack-FOC/build/BLDC_controller_data.o
                0x200000e4                rtP_Left
                0x200001e4                        . = ALIGN (0x4)
                0x200001e4                        _edata = .

.tm_clone_table
                0x200001e4        0x0 load address 0x0800aa48
 .tm_clone_table
                0x200001e4        0x0 /usr/lib/gcc/arm-none-eabi/13.2.1/thumb/v7-m/nofp/crtbegin.o
 .tm_clone_table
                0x200001e4        0x0 /usr/lib/gcc/arm-none-eabi/13.2.1/thumb/v7-m/nofp/crtend.o

.igot.plt       0x200001e4        0x0 load address 0x0800aa48
 .igot.plt      0x200001e4        0x0 /usr/lib/gcc/arm-none-eabi/13.2.1/thumb/v7-m/nofp/crtbegin.o
                0x200001e4                        . = ALIGN (0x4)

.bss            0x200001e8      0x7c0 load address 0x0800aa48
                0x200001e8                        _sbss = .
                0x200001e8                        __bss_start__ = _sbss
 *(.bss)
 .bss           0x200001e8       0x1c /usr/lib/gcc/arm-none-eabi/13.2.1/thumb/v7-m/nofp/crtbegin.o
 .bss           0x20000204      0x13c /usr/lib/gcc/arm-none-eabi/13.2.1/../../../arm-none-eabi/lib/thumb/v7-m/nofp/libc_nano.a(libc_a-findfp.o)
                0x20000204                __sf
                0x2000033c                __stdio_exit_handler
 .bss           0x20000340        0x8 /usr/lib/gcc/arm-none-eabi/13.2.1/../../../arm-none-eabi/lib/thumb/v7-m/nofp/libc_nano.a(libc_a-mallocr.o)
                0x20000340                __malloc_sbrk_start
                0x20000344                __malloc_free_list
 .bss           0x20000348        0x4 /usr/lib/gcc/arm-none-eabi/13.2.1/../../../arm-none-eabi/lib/thumb/v7-m/nofp/libc_nano.a(libc_a-reent.o)
                0x20000348                errno
 .bss           0x2000034c        0x4 /usr/lib/gcc/arm-none-eabi/13.2.1/../../../arm-none-eabi/lib/thumb/v7-m/nofp/libnosys.a(sbrk.o)
 *(.bss*)
 .bss.pFlash    0x20000350       0x20 /workspaces/hoverboard-firmware-hack-FOC/build/stm32f1xx_hal_flash.o
                0x20000350                pFlash
 .bss.uwTick    0x20000370        0x4 /workspaces/hoverboard-firmware-hack-FOC/build/stm32f1xx_hal.o
                0x20000370                uwTick
 .bss.adc_buffer
                0x20000374       0x14 /workspaces/hoverboard-firmware-hack-FOC/build/setup.o
                0x20000374                adc_buffer
 .bss.hdma_usart3_tx
                0x20000388       0x44 /workspaces/hoverboard-firmware-hack-FOC/build/setup.o
                0x20000388                hdma_usart3_tx
 .bss.hdma_usart3_rx
                0x200003cc       0x44 /workspaces/hoverboard-firmware-hack-FOC/build/setup.o
                0x200003cc                hdma_usart3_rx
 .bss.hdma_usart2_tx
                0x20000410       0x44 /workspaces/hoverboard-firmware-hack-FOC/build/setup.o
                0x20000410                hdma_usart2_tx
 .bss.hdma_usart2_rx
                0x20000454       0x44 /workspaces/hoverboard-firmware-hack-FOC/build/setup.o
                0x20000454                hdma_usart2_rx
 .bss.huart3    0x20000498       0x40 /workspaces/hoverboard-firmware-hack-FOC/build/setup.o
                0x20000498                huart3
 .bss.hadc2     0x200004d8       0x30 /workspaces/hoverboard-firmware-hack-FOC/build/setup.o
                0x200004d8                hadc2
 .bss.hadc1     0x20000508       0x30 /workspaces/hoverboard-firmware-hack-FOC/build/setup.o
                0x20000508                hadc1
 .bss.htim_left
                0x20000538       0x40 /workspaces/hoverboard-firmware-hack-FOC/build/setup.o
                0x20000538                htim_left
 .bss.htim_right
                0x20000578       0x40 /workspaces/hoverboard-firmware-hack-FOC/build/setup.o
                0x20000578                htim_right
 .bss.timeoutFlgGen
                0x200005b8        0x1 /workspaces/hoverboard-firmware-hack-FOC/build/control.o
                0x200005b8                timeoutFlgGen
 .bss.sensor2_prev.0
                0x200005b9        0x1 /workspaces/hoverboard-firmware-hack-FOC/build/util.o
 .bss.sensor1_prev.2
                0x200005ba        0x1 /workspaces/hoverboard-firmware-hack-FOC/build/util.o
 .bss.sensor1_index.3
                0x200005bb        0x1 /workspaces/hoverboard-firmware-hack-FOC/build/util.o
 .bss.old_pos.4
                0x200005bc        0x4 /workspaces/hoverboard-firmware-hack-FOC/build/util.o
 .bss.brakePressed
                0x200005c0        0x1 /workspaces/hoverboard-firmware-hack-FOC/build/util.o
 *fill*         0x200005c1        0x3 
 .bss.Sideboard_R_raw
                0x200005c4        0xe /workspaces/hoverboard-firmware-hack-FOC/build/util.o
                0x200005c4                Sideboard_R_raw
 *fill*         0x200005d2        0x2 
 .bss.Sideboard_R
                0x200005d4        0xe /workspaces/hoverboard-firmware-hack-FOC/build/util.o
                0x200005d4                Sideboard_R
 .bss.timeoutFlgSerial_R
                0x200005e2        0x1 /workspaces/hoverboard-firmware-hack-FOC/build/util.o
 *fill*         0x200005e3        0x1 
 .bss.rx_buffer_R
                0x200005e4       0x40 /workspaces/hoverboard-firmware-hack-FOC/build/util.o
 .bss.inp_cal_valid
                0x20000624        0x1 /workspaces/hoverboard-firmware-hack-FOC/build/util.o
 .bss.cur_spd_valid
                0x20000625        0x1 /workspaces/hoverboard-firmware-hack-FOC/build/util.o
 .bss.INPUT_MIN
                0x20000626        0x2 /workspaces/hoverboard-firmware-hack-FOC/build/util.o
 .bss.INPUT_MAX
                0x20000628        0x2 /workspaces/hoverboard-firmware-hack-FOC/build/util.o
 *fill*         0x2000062a        0x2 
 .bss.uart_echo_cmd_len
                0x2000062c        0x4 /workspaces/hoverboard-firmware-hack-FOC/build/util.o
 .bss.uart_echo_cmd_buffer
                0x20000630       0x40 /workspaces/hoverboard-firmware-hack-FOC/build/util.o
 .bss.feedbackSerialEnabled
                0x20000670        0x1 /workspaces/hoverboard-firmware-hack-FOC/build/util.o
                0x20000670                feedbackSerialEnabled
 .bss.timeoutFlgSerial
                0x20000671        0x1 /workspaces/hoverboard-firmware-hack-FOC/build/util.o
                0x20000671                timeoutFlgSerial
 .bss.timeoutFlgADC
                0x20000672        0x1 /workspaces/hoverboard-firmware-hack-FOC/build/util.o
                0x20000672                timeoutFlgADC
 *fill*         0x20000673        0x1 
 .bss.speedAvgAbs
                0x20000674        0x2 /workspaces/hoverboard-firmware-hack-FOC/build/util.o
                0x20000674                speedAvgAbs
 .bss.speedAvg  0x20000676        0x2 /workspaces/hoverboard-firmware-hack-FOC/build/util.o
                0x20000676                speedAvg
 .bss.inIdx_prev
                0x20000678        0x1 /workspaces/hoverboard-firmware-hack-FOC/build/util.o
                0x20000678                inIdx_prev
 .bss.inIdx     0x20000679        0x1 /workspaces/hoverboard-firmware-hack-FOC/build/util.o
                0x20000679                inIdx
 *fill*         0x2000067a        0x2 
 .bss.rtY_Right
                0x2000067c       0x10 /workspaces/hoverboard-firmware-hack-FOC/build/util.o
                0x2000067c                rtY_Right
 .bss.rtU_Right
                0x2000068c       0x10 /workspaces/hoverboard-firmware-hack-FOC/build/util.o
                0x2000068c                rtU_Right
 .bss.rtDW_Right
                0x2000069c       0xac /workspaces/hoverboard-firmware-hack-FOC/build/util.o
                0x2000069c                rtDW_Right
 .bss.rtP_Right
                0x20000748      0x100 /workspaces/hoverboard-firmware-hack-FOC/build/util.o
                0x20000748                rtP_Right
 .bss.rtY_Left  0x20000848       0x10 /workspaces/hoverboard-firmware-hack-FOC/build/util.o
                0x20000848                rtY_Left
 .bss.rtU_Left  0x20000858       0x10 /workspaces/hoverboard-firmware-hack-FOC/build/util.o
                0x20000858                rtU_Left
 .bss.rtDW_Left
                0x20000868       0xac /workspaces/hoverboard-firmware-hack-FOC/build/util.o
                0x20000868                rtDW_Left
 .bss.rtM_Right_
                0x20000914       0x10 /workspaces/hoverboard-firmware-hack-FOC/build/util.o
                0x20000914                rtM_Right_
 .bss.rtM_Left_
                0x20000924       0x10 /workspaces/hoverboard-firmware-hack-FOC/build/util.o
                0x20000924                rtM_Left_
 .bss.max_speed
                0x20000934        0x2 /workspaces/hoverboard-firmware-hack-FOC/build/main.o
 .bss.drive_mode
                0x20000936        0x1 /workspaces/hoverboard-firmware-hack-FOC/build/main.o
 *fill*         0x20000937        0x1 
 .bss.MultipleTapBrake
                0x20000938        0x8 /workspaces/hoverboard-firmware-hack-FOC/build/main.o
 .bss.inactivity_timeout_counter
                0x20000940        0x4 /workspaces/hoverboard-firmware-hack-FOC/build/main.o
 .bss.buzzerTimer_prev
                0x20000944        0x4 /workspaces/hoverboard-firmware-hack-FOC/build/main.o
 .bss.speedFixdt
                0x20000948        0x4 /workspaces/hoverboard-firmware-hack-FOC/build/main.o
 .bss.steerFixdt
                0x2000094c        0x4 /workspaces/hoverboard-firmware-hack-FOC/build/main.o
 .bss.speedRateFixdt
                0x20000950        0x2 /workspaces/hoverboard-firmware-hack-FOC/build/main.o
 .bss.steerRateFixdt
                0x20000952        0x2 /workspaces/hoverboard-firmware-hack-FOC/build/main.o
 .bss.steer     0x20000954        0x2 /workspaces/hoverboard-firmware-hack-FOC/build/main.o
 .bss.speed     0x20000956        0x2 /workspaces/hoverboard-firmware-hack-FOC/build/main.o
 .bss.sideboard_leds_R
                0x20000958        0x1 /workspaces/hoverboard-firmware-hack-FOC/build/main.o
 *fill*         0x20000959        0x3 
 .bss.Feedback  0x2000095c       0x12 /workspaces/hoverboard-firmware-hack-FOC/build/main.o
 .bss.cmdR      0x2000096e        0x2 /workspaces/hoverboard-firmware-hack-FOC/build/main.o
                0x2000096e                cmdR
 .bss.cmdL      0x20000970        0x2 /workspaces/hoverboard-firmware-hack-FOC/build/main.o
                0x20000970                cmdL
 .bss.dc_curr   0x20000972        0x2 /workspaces/hoverboard-firmware-hack-FOC/build/main.o
                0x20000972                dc_curr
 .bss.right_dc_curr
                0x20000974        0x2 /workspaces/hoverboard-firmware-hack-FOC/build/main.o
                0x20000974                right_dc_curr
 .bss.left_dc_curr
                0x20000976        0x2 /workspaces/hoverboard-firmware-hack-FOC/build/main.o
                0x20000976                left_dc_curr
 .bss.board_temp_deg_c
                0x20000978        0x2 /workspaces/hoverboard-firmware-hack-FOC/build/main.o
                0x20000978                board_temp_deg_c
 .bss.batVoltageCalib
                0x2000097a        0x2 /workspaces/hoverboard-firmware-hack-FOC/build/main.o
                0x2000097a                batVoltageCalib
 .bss.main_loop_counter
                0x2000097c        0x4 /workspaces/hoverboard-firmware-hack-FOC/build/main.o
                0x2000097c                main_loop_counter
 .bss.backwardDrive
                0x20000980        0x1 /workspaces/hoverboard-firmware-hack-FOC/build/main.o
                0x20000980                backwardDrive
 .bss.OverrunFlag.0
                0x20000981        0x1 /workspaces/hoverboard-firmware-hack-FOC/build/bldc.o
 .bss.offsetcount
                0x20000982        0x2 /workspaces/hoverboard-firmware-hack-FOC/build/bldc.o
 .bss.enableFin
                0x20000984        0x1 /workspaces/hoverboard-firmware-hack-FOC/build/bldc.o
 .bss.enable    0x20000985        0x1 /workspaces/hoverboard-firmware-hack-FOC/build/bldc.o
                0x20000985                enable
 .bss.buzzerIdx
                0x20000986        0x1 /workspaces/hoverboard-firmware-hack-FOC/build/bldc.o
 .bss.buzzerPrev
                0x20000987        0x1 /workspaces/hoverboard-firmware-hack-FOC/build/bldc.o
 .bss.buzzerTimer
                0x20000988        0x4 /workspaces/hoverboard-firmware-hack-FOC/build/bldc.o
                0x20000988                buzzerTimer
 .bss.buzzerCount
                0x2000098c        0x1 /workspaces/hoverboard-firmware-hack-FOC/build/bldc.o
                0x2000098c                buzzerCount
 .bss.buzzerPattern
                0x2000098d        0x1 /workspaces/hoverboard-firmware-hack-FOC/build/bldc.o
                0x2000098d                buzzerPattern
 .bss.buzzerFreq
                0x2000098e        0x1 /workspaces/hoverboard-firmware-hack-FOC/build/bldc.o
                0x2000098e                buzzerFreq
 *fill*         0x2000098f        0x1 
 .bss.pwmr      0x20000990        0x4 /workspaces/hoverboard-firmware-hack-FOC/build/bldc.o
                0x20000990                pwmr
 .bss.pwml      0x20000994        0x4 /workspaces/hoverboard-firmware-hack-FOC/build/bldc.o
                0x20000994                pwml
 .bss.curR_DC   0x20000998        0x2 /workspaces/hoverboard-firmware-hack-FOC/build/bldc.o
                0x20000998                curR_DC
 .bss.curR_phaC
                0x2000099a        0x2 /workspaces/hoverboard-firmware-hack-FOC/build/bldc.o
                0x2000099a                curR_phaC
 .bss.curR_phaB
                0x2000099c        0x2 /workspaces/hoverboard-firmware-hack-FOC/build/bldc.o
                0x2000099c                curR_phaB
 .bss.curL_DC   0x2000099e        0x2 /workspaces/hoverboard-firmware-hack-FOC/build/bldc.o
                0x2000099e                curL_DC
 .bss.curL_phaB
                0x200009a0        0x2 /workspaces/hoverboard-firmware-hack-FOC/build/bldc.o
                0x200009a0                curL_phaB
 .bss.curL_phaA
                0x200009a2        0x2 /workspaces/hoverboard-firmware-hack-FOC/build/bldc.o
                0x200009a2                curL_phaA
 .bss.pwm_margin
                0x200009a4        0x2 /workspaces/hoverboard-firmware-hack-FOC/build/bldc.o
 .bss.DataVar   0x200009a6        0x2 /workspaces/hoverboard-firmware-hack-FOC/build/eeprom.o
                0x200009a6                DataVar
 *(COMMON)
                0x200009a8                        . = ALIGN (0x4)
                0x200009a8                        _ebss = .
                0x200009a8                        __bss_end__ = _ebss

._user_heap_stack
                0x200009a8      0x600 load address 0x0800aa48
                0x200009a8                        . = ALIGN (0x8)
                0x200009a8                        PROVIDE (end = .)
                [!provide]                        PROVIDE (_end = .)
                0x20000ba8                        . = (. + _Min_Heap_Size)
 *fill*         0x200009a8      0x200 
                0x20000fa8                        . = (. + _Min_Stack_Size)
 *fill*         0x20000ba8      0x400 
                0x20000fa8                        . = ALIGN (0x8)

/DISCARD/
 libc.a(*)
 libm.a(*)
 libgcc.a(*)

.ARM.attributes
                0x00000000       0x29
 *(.ARM.attributes)
 .ARM.attributes
                0x00000000       0x1d /usr/lib/gcc/arm-none-eabi/13.2.1/thumb/v7-m/nofp/crti.o
 .ARM.attributes
                0x0000001d       0x2d /usr/lib/gcc/arm-none-eabi/13.2.1/thumb/v7-m/nofp/crtbegin.o
 .ARM.attributes
                0x0000004a       0x2d /workspaces/hoverboard-firmware-hack-FOC/build/stm32f1xx_hal_flash.o
 .ARM.attributes
                0x00000077       0x2d /workspaces/hoverboard-firmware-hack-FOC/build/stm32f1xx_hal_rcc.o
 .ARM.attributes
                0x000000a4       0x2d /workspaces/hoverboard-firmware-hack-FOC/build/stm32f1xx_hal_tim.o
 .ARM.attributes
                0x000000d1       0x2d /workspaces/hoverboard-firmware-hack-FOC/build/stm32f1xx_hal_tim_ex.o
 .ARM.attributes
                0x000000fe       0x2d /workspaces/hoverboard-firmware-hack-FOC/build/stm32f1xx_hal_adc_ex.o
 .ARM.attributes
                0x0000012b       0x2d /workspaces/hoverboard-firmware-hack-FOC/build/stm32f1xx_hal_cortex.o
 .ARM.attributes
                0x00000158       0x2d /workspaces/hoverboard-firmware-hack-FOC/build/stm32f1xx_hal_flash_ex.o
 .ARM.attributes
                0x00000185       0x2d /workspaces/hoverboard-firmware-hack-FOC/build/stm32f1xx_hal_gpio.o
 .ARM.attributes
                0x000001b2       0x2d /workspaces/hoverboard-firmware-hack-FOC/build/stm32f1xx_hal_rcc_ex.o
 .ARM.attributes
                0x000001df       0x2d /workspaces/hoverboard-firmware-hack-FOC/build/stm32f1xx_hal.o
 .ARM.attributes
                0x0000020c       0x2d /workspaces/hoverboard-firmware-hack-FOC/build/stm32f1xx_hal_adc.o
 .ARM.attributes
                0x00000239       0x2d /workspaces/hoverboard-firmware-hack-FOC/build/stm32f1xx_hal_uart.o
 .ARM.attributes
                0x00000266       0x2d /workspaces/hoverboard-firmware-hack-FOC/build/stm32f1xx_hal_dma.o
 .ARM.attributes
                0x00000293       0x2d /workspaces/hoverboard-firmware-hack-FOC/build/system_stm32f1xx.o
 .ARM.attributes
                0x000002c0       0x2d /workspaces/hoverboard-firmware-hack-FOC/build/setup.o
 .ARM.attributes
                0x000002ed       0x2d /workspaces/hoverboard-firmware-hack-FOC/build/control.o
 .ARM.attributes
                0x0000031a       0x2d /workspaces/hoverboard-firmware-hack-FOC/build/util.o
 .ARM.attributes
                0x00000347       0x2d /workspaces/hoverboard-firmware-hack-FOC/build/main.o
 .ARM.attributes
                0x00000374       0x2d /workspaces/hoverboard-firmware-hack-FOC/build/bldc.o
 .ARM.attributes
                0x000003a1       0x2d /workspaces/hoverboard-firmware-hack-FOC/build/eeprom.o
 .ARM.attributes
                0x000003ce       0x2d /workspaces/hoverboard-firmware-hack-FOC/build/stm32f1xx_it.o
 .ARM.attributes
                0x000003fb       0x2d /workspaces/hoverboard-firmware-hack-FOC/build/BLDC_controller_data.o
 .ARM.attributes
                0x00000428       0x2d /workspaces/hoverboard-firmware-hack-FOC/build/BLDC_controller.o
 .ARM.attributes
                0x00000455       0x21 /workspaces/hoverboard-firmware-hack-FOC/build/startup_stm32f103xe.o
 .ARM.attributes
                0x00000476       0x2d /usr/lib/gcc/arm-none-eabi/13.2.1/../../../arm-none-eabi/lib/thumb/v7-m/nofp/libc_nano.a(libc_a-init.o)
 .ARM.attributes
                0x000004a3       0x2d /usr/lib/gcc/arm-none-eabi/13.2.1/../../../arm-none-eabi/lib/thumb/v7-m/nofp/libc_nano.a(libc_a-sscanf.o)
 .ARM.attributes
                0x000004d0       0x2d /usr/lib/gcc/arm-none-eabi/13.2.1/../../../arm-none-eabi/lib/thumb/v7-m/nofp/libc_nano.a(libc_a-memset.o)
 .ARM.attributes
                0x000004fd       0x1b /usr/lib/gcc/arm-none-eabi/13.2.1/../../../arm-none-eabi/lib/thumb/v7-m/nofp/libc_nano.a(libc_a-memcpy.o)
 .ARM.attributes
                0x00000518       0x1b /usr/lib/gcc/arm-none-eabi/13.2.1/../../../arm-none-eabi/lib/thumb/v7-m/nofp/libc_nano.a(libc_a-strcmp.o)
 .ARM.attributes
                0x00000533       0x2d /usr/lib/gcc/arm-none-eabi/13.2.1/../../../arm-none-eabi/lib/thumb/v7-m/nofp/libc_nano.a(libc_a-ctype_.o)
 .ARM.attributes
                0x00000560       0x2d /usr/lib/gcc/arm-none-eabi/13.2.1/../../../arm-none-eabi/lib/thumb/v7-m/nofp/libc_nano.a(libc_a-snprintf.o)
 .ARM.attributes
                0x0000058d       0x2d /usr/lib/gcc/arm-none-eabi/13.2.1/../../../arm-none-eabi/lib/thumb/v7-m/nofp/libc_nano.a(libc_a-printf.o)
 .ARM.attributes
                0x000005ba       0x2d /usr/lib/gcc/arm-none-eabi/13.2.1/../../../arm-none-eabi/lib/thumb/v7-m/nofp/libc_nano.a(libc_a-nano-vfprintf.o)
 .ARM.attributes
                0x000005e7       0x2d /usr/lib/gcc/arm-none-eabi/13.2.1/../../../arm-none-eabi/lib/thumb/v7-m/nofp/libc_nano.a(libc_a-wbuf.o)
 .ARM.attributes
                0x00000614       0x2d /usr/lib/gcc/arm-none-eabi/13.2.1/../../../arm-none-eabi/lib/thumb/v7-m/nofp/libc_nano.a(libc_a-strlen-stub.o)
 .ARM.attributes
                0x00000641       0x2d /usr/lib/gcc/arm-none-eabi/13.2.1/../../../arm-none-eabi/lib/thumb/v7-m/nofp/libc_nano.a(libc_a-stdio.o)
 .ARM.attributes
                0x0000066e       0x2d /usr/lib/gcc/arm-none-eabi/13.2.1/../../../arm-none-eabi/lib/thumb/v7-m/nofp/libc_nano.a(libc_a-impure.o)
 .ARM.attributes
                0x0000069b       0x2d /usr/lib/gcc/arm-none-eabi/13.2.1/../../../arm-none-eabi/lib/thumb/v7-m/nofp/libc_nano.a(libc_a-nano-svfprintf.o)
 .ARM.attributes
                0x000006c8       0x2d /usr/lib/gcc/arm-none-eabi/13.2.1/../../../arm-none-eabi/lib/thumb/v7-m/nofp/libc_nano.a(libc_a-fvwrite.o)
 .ARM.attributes
                0x000006f5       0x2d /usr/lib/gcc/arm-none-eabi/13.2.1/../../../arm-none-eabi/lib/thumb/v7-m/nofp/libc_nano.a(libc_a-nano-svfscanf.o)
 .ARM.attributes
                0x00000722       0x2d /usr/lib/gcc/arm-none-eabi/13.2.1/../../../arm-none-eabi/lib/thumb/v7-m/nofp/libc_nano.a(libc_a-nano-vfscanf_i.o)
 .ARM.attributes
                0x0000074f       0x2d /usr/lib/gcc/arm-none-eabi/13.2.1/../../../arm-none-eabi/lib/thumb/v7-m/nofp/libc_nano.a(libc_a-findfp.o)
 .ARM.attributes
                0x0000077c       0x2d /usr/lib/gcc/arm-none-eabi/13.2.1/../../../arm-none-eabi/lib/thumb/v7-m/nofp/libc_nano.a(libc_a-closer.o)
 .ARM.attributes
                0x000007a9       0x2d /usr/lib/gcc/arm-none-eabi/13.2.1/../../../arm-none-eabi/lib/thumb/v7-m/nofp/libc_nano.a(libc_a-fflush.o)
 .ARM.attributes
                0x000007d6       0x2d /usr/lib/gcc/arm-none-eabi/13.2.1/../../../arm-none-eabi/lib/thumb/v7-m/nofp/libc_nano.a(libc_a-mallocr.o)
 .ARM.attributes
                0x00000803       0x2d /usr/lib/gcc/arm-none-eabi/13.2.1/../../../arm-none-eabi/lib/thumb/v7-m/nofp/libc_nano.a(libc_a-freer.o)
 .ARM.attributes
                0x00000830       0x2d /usr/lib/gcc/arm-none-eabi/13.2.1/../../../arm-none-eabi/lib/thumb/v7-m/nofp/libc_nano.a(libc_a-memmove.o)
 .ARM.attributes
                0x0000085d       0x2d /usr/lib/gcc/arm-none-eabi/13.2.1/../../../arm-none-eabi/lib/thumb/v7-m/nofp/libc_nano.a(libc_a-strtol.o)
 .ARM.attributes
                0x0000088a       0x2d /usr/lib/gcc/arm-none-eabi/13.2.1/../../../arm-none-eabi/lib/thumb/v7-m/nofp/libc_nano.a(libc_a-fwalk.o)
 .ARM.attributes
                0x000008b7       0x2d /usr/lib/gcc/arm-none-eabi/13.2.1/../../../arm-none-eabi/lib/thumb/v7-m/nofp/libc_nano.a(libc_a-wsetup.o)
 .ARM.attributes
                0x000008e4       0x2d /usr/lib/gcc/arm-none-eabi/13.2.1/../../../arm-none-eabi/lib/thumb/v7-m/nofp/libc_nano.a(libc_a-readr.o)
 .ARM.attributes
                0x00000911       0x2d /usr/lib/gcc/arm-none-eabi/13.2.1/../../../arm-none-eabi/lib/thumb/v7-m/nofp/libc_nano.a(libc_a-reent.o)
 .ARM.attributes
                0x0000093e       0x2d /usr/lib/gcc/arm-none-eabi/13.2.1/../../../arm-none-eabi/lib/thumb/v7-m/nofp/libc_nano.a(libc_a-reallocr.o)
 .ARM.attributes
                0x0000096b       0x2d /usr/lib/gcc/arm-none-eabi/13.2.1/../../../arm-none-eabi/lib/thumb/v7-m/nofp/libc_nano.a(libc_a-nano-vfprintf_i.o)
 .ARM.attributes
                0x00000998       0x2d /usr/lib/gcc/arm-none-eabi/13.2.1/../../../arm-none-eabi/lib/thumb/v7-m/nofp/libc_nano.a(libc_a-sccl.o)
 .ARM.attributes
                0x000009c5       0x2d /usr/lib/gcc/arm-none-eabi/13.2.1/../../../arm-none-eabi/lib/thumb/v7-m/nofp/libc_nano.a(libc_a-mlock.o)
 .ARM.attributes
                0x000009f2       0x2d /usr/lib/gcc/arm-none-eabi/13.2.1/../../../arm-none-eabi/lib/thumb/v7-m/nofp/libc_nano.a(libc_a-makebuf.o)
 .ARM.attributes
                0x00000a1f       0x2d /usr/lib/gcc/arm-none-eabi/13.2.1/../../../arm-none-eabi/lib/thumb/v7-m/nofp/libc_nano.a(libc_a-lseekr.o)
 .ARM.attributes
                0x00000a4c       0x2d /usr/lib/gcc/arm-none-eabi/13.2.1/../../../arm-none-eabi/lib/thumb/v7-m/nofp/libc_nano.a(libc_a-ungetc.o)
 .ARM.attributes
                0x00000a79       0x2d /usr/lib/gcc/arm-none-eabi/13.2.1/../../../arm-none-eabi/lib/thumb/v7-m/nofp/libc_nano.a(libc_a-memchr-stub.o)
 .ARM.attributes
                0x00000aa6       0x2d /usr/lib/gcc/arm-none-eabi/13.2.1/../../../arm-none-eabi/lib/thumb/v7-m/nofp/libc_nano.a(libc_a-writer.o)
 .ARM.attributes
                0x00000ad3       0x2d /usr/lib/gcc/arm-none-eabi/13.2.1/../../../arm-none-eabi/lib/thumb/v7-m/nofp/libc_nano.a(libc_a-isattyr.o)
 .ARM.attributes
                0x00000b00       0x2d /usr/lib/gcc/arm-none-eabi/13.2.1/../../../arm-none-eabi/lib/thumb/v7-m/nofp/libc_nano.a(libc_a-sbrkr.o)
 .ARM.attributes
                0x00000b2d       0x2d /usr/lib/gcc/arm-none-eabi/13.2.1/../../../arm-none-eabi/lib/thumb/v7-m/nofp/libc_nano.a(libc_a-msizer.o)
 .ARM.attributes
                0x00000b5a       0x2d /usr/lib/gcc/arm-none-eabi/13.2.1/../../../arm-none-eabi/lib/thumb/v7-m/nofp/libc_nano.a(libc_a-strtoul.o)
 .ARM.attributes
                0x00000b87       0x2d /usr/lib/gcc/arm-none-eabi/13.2.1/../../../arm-none-eabi/lib/thumb/v7-m/nofp/libc_nano.a(libc_a-errno.o)
 .ARM.attributes
                0x00000bb4       0x2d /usr/lib/gcc/arm-none-eabi/13.2.1/../../../arm-none-eabi/lib/thumb/v7-m/nofp/libc_nano.a(libc_a-fstatr.o)
 .ARM.attributes
                0x00000be1       0x2d /usr/lib/gcc/arm-none-eabi/13.2.1/../../../arm-none-eabi/lib/thumb/v7-m/nofp/libnosys.a(close.o)
 .ARM.attributes
                0x00000c0e       0x2d /usr/lib/gcc/arm-none-eabi/13.2.1/../../../arm-none-eabi/lib/thumb/v7-m/nofp/libnosys.a(fstat.o)
 .ARM.attributes
                0x00000c3b       0x2d /usr/lib/gcc/arm-none-eabi/13.2.1/../../../arm-none-eabi/lib/thumb/v7-m/nofp/libnosys.a(isatty.o)
 .ARM.attributes
                0x00000c68       0x2d /usr/lib/gcc/arm-none-eabi/13.2.1/../../../arm-none-eabi/lib/thumb/v7-m/nofp/libnosys.a(lseek.o)
 .ARM.attributes
                0x00000c95       0x2d /usr/lib/gcc/arm-none-eabi/13.2.1/../../../arm-none-eabi/lib/thumb/v7-m/nofp/libnosys.a(read.o)
 .ARM.attributes
                0x00000cc2       0x2d /usr/lib/gcc/arm-none-eabi/13.2.1/../../../arm-none-eabi/lib/thumb/v7-m/nofp/libnosys.a(sbrk.o)
 .ARM.attributes
                0x00000cef       0x2d /usr/lib/gcc/arm-none-eabi/13.2.1/../../../arm-none-eabi/lib/thumb/v7-m/nofp/libnosys.a(write.o)
 .ARM.attributes
                0x00000d1c       0x2d /usr/lib/gcc/arm-none-eabi/13.2.1/thumb/v7-m/nofp/crtend.o
 .ARM.attributes
                0x00000d49       0x1d /usr/lib/gcc/arm-none-eabi/13.2.1/thumb/v7-m/nofp/crtn.o
OUTPUT(/workspaces/hoverboard-firmware-hack-FOC/build/hover.elf elf32-littlearm)
LOAD linker stubs
LOAD /usr/lib/gcc/arm-none-eabi/13.2.1/../../../arm-none-eabi/lib/thumb/v7-m/nofp/libc.a
LOAD /usr/lib/gcc/arm-none-eabi/13.2.1/../../../arm-none-eabi/lib/thumb/v7-m/nofp/libm.a
LOAD /usr/lib/gcc/arm-none-eabi/13.2.1/thumb/v7-m/nofp/libgcc.a

.comment        0x00000000       0x26
 .comment       0x00000000       0x26 /usr/lib/gcc/arm-none-eabi/13.2.1/thumb/v7-m/nofp/crtbegin.o
                                 0x27 (size before relaxing)
 .comment       0x00000026       0x27 /workspaces/hoverboard-firmware-hack-FOC/build/stm32f1xx_hal_flash.o
 .comment       0x00000026       0x27 /workspaces/hoverboard-firmware-hack-FOC/build/stm32f1xx_hal_rcc.o
 .comment       0x00000026       0x27 /workspaces/hoverboard-firmware-hack-FOC/build/stm32f1xx_hal_tim.o
 .comment       0x00000026       0x27 /workspaces/hoverboard-firmware-hack-FOC/build/stm32f1xx_hal_tim_ex.o
 .comment       0x00000026       0x27 /workspaces/hoverboard-firmware-hack-FOC/build/stm32f1xx_hal_adc_ex.o
 .comment       0x00000026       0x27 /workspaces/hoverboard-firmware-hack-FOC/build/stm32f1xx_hal_cortex.o
 .comment       0x00000026       0x27 /workspaces/hoverboard-firmware-hack-FOC/build/stm32f1xx_hal_flash_ex.o
 .comment       0x00000026       0x27 /workspaces/hoverboard-firmware-hack-FOC/build/stm32f1xx_hal_gpio.o
 .comment       0x00000026       0x27 /workspaces/hoverboard-firmware-hack-FOC/build/stm32f1xx_hal_rcc_ex.o
 .comment       0x00000026       0x27 /workspaces/hoverboard-firmware-hack-FOC/build/stm32f1xx_hal.o
 .comment       0x00000026       0x27 /workspaces/hoverboard-firmware-hack-FOC/build/stm32f1xx_hal_adc.o
 .comment       0x00000026       0x27 /workspaces/hoverboard-firmware-hack-FOC/build/stm32f1xx_hal_uart.o
 .comment       0x00000026       0x27 /workspaces/hoverboard-firmware-hack-FOC/build/stm32f1xx_hal_dma.o
 .comment       0x00000026       0x27 /workspaces/hoverboard-firmware-hack-FOC/build/system_stm32f1xx.o
 .comment       0x00000026       0x27 /workspaces/hoverboard-firmware-hack-FOC/build/setup.o
 .comment       0x00000026       0x27 /workspaces/hoverboard-firmware-hack-FOC/build/control.o
 .comment       0x00000026       0x27 /workspaces/hoverboard-firmware-hack-FOC/build/util.o
 .comment       0x00000026       0x27 /workspaces/hoverboard-firmware-hack-FOC/build/main.o
 .comment       0x00000026       0x27 /workspaces/hoverboard-firmware-hack-FOC/build/bldc.o
 .comment       0x00000026       0x27 /workspaces/hoverboard-firmware-hack-FOC/build/eeprom.o
 .comment       0x00000026       0x27 /workspaces/hoverboard-firmware-hack-FOC/build/stm32f1xx_it.o
 .comment       0x00000026       0x27 /workspaces/hoverboard-firmware-hack-FOC/build/BLDC_controller_data.o
 .comment       0x00000026       0x27 /workspaces/hoverboard-firmware-hack-FOC/build/BLDC_controller.o
 .comment       0x00000026       0x27 /usr/lib/gcc/arm-none-eabi/13.2.1/../../../arm-none-eabi/lib/thumb/v7-m/nofp/libc_nano.a(libc_a-init.o)
 .comment       0x00000026       0x27 /usr/lib/gcc/arm-none-eabi/13.2.1/../../../arm-none-eabi/lib/thumb/v7-m/nofp/libc_nano.a(libc_a-sscanf.o)
 .comment       0x00000026       0x27 /usr/lib/gcc/arm-none-eabi/13.2.1/../../../arm-none-eabi/lib/thumb/v7-m/nofp/libc_nano.a(libc_a-memset.o)
 .comment       0x00000026       0x27 /usr/lib/gcc/arm-none-eabi/13.2.1/../../../arm-none-eabi/lib/thumb/v7-m/nofp/libc_nano.a(libc_a-ctype_.o)
 .comment       0x00000026       0x27 /usr/lib/gcc/arm-none-eabi/13.2.1/../../../arm-none-eabi/lib/thumb/v7-m/nofp/libc_nano.a(libc_a-snprintf.o)
 .comment       0x00000026       0x27 /usr/lib/gcc/arm-none-eabi/13.2.1/../../../arm-none-eabi/lib/thumb/v7-m/nofp/libc_nano.a(libc_a-printf.o)
 .comment       0x00000026       0x27 /usr/lib/gcc/arm-none-eabi/13.2.1/../../../arm-none-eabi/lib/thumb/v7-m/nofp/libc_nano.a(libc_a-nano-vfprintf.o)
 .comment       0x00000026       0x27 /usr/lib/gcc/arm-none-eabi/13.2.1/../../../arm-none-eabi/lib/thumb/v7-m/nofp/libc_nano.a(libc_a-wbuf.o)
 .comment       0x00000026       0x27 /usr/lib/gcc/arm-none-eabi/13.2.1/../../../arm-none-eabi/lib/thumb/v7-m/nofp/libc_nano.a(libc_a-strlen-stub.o)
 .comment       0x00000026       0x27 /usr/lib/gcc/arm-none-eabi/13.2.1/../../../arm-none-eabi/lib/thumb/v7-m/nofp/libc_nano.a(libc_a-stdio.o)
 .comment       0x00000026       0x27 /usr/lib/gcc/arm-none-eabi/13.2.1/../../../arm-none-eabi/lib/thumb/v7-m/nofp/libc_nano.a(libc_a-impure.o)
 .comment       0x00000026       0x27 /usr/lib/gcc/arm-none-eabi/13.2.1/../../../arm-none-eabi/lib/thumb/v7-m/nofp/libc_nano.a(libc_a-nano-svfprintf.o)
 .comment       0x00000026       0x27 /usr/lib/gcc/arm-none-eabi/13.2.1/../../../arm-none-eabi/lib/thumb/v7-m/nofp/libc_nano.a(libc_a-fvwrite.o)
 .comment       0x00000026       0x27 /usr/lib/gcc/arm-none-eabi/13.2.1/../../../arm-none-eabi/lib/thumb/v7-m/nofp/libc_nano.a(libc_a-nano-svfscanf.o)
 .comment       0x00000026       0x27 /usr/lib/gcc/arm-none-eabi/13.2.1/../../../arm-none-eabi/lib/thumb/v7-m/nofp/libc_nano.a(libc_a-nano-vfscanf_i.o)
 .comment       0x00000026       0x27 /usr/lib/gcc/arm-none-eabi/13.2.1/../../../arm-none-eabi/lib/thumb/v7-m/nofp/libc_nano.a(libc_a-findfp.o)
 .comment       0x00000026       0x27 /usr/lib/gcc/arm-none-eabi/13.2.1/../../../arm-none-eabi/lib/thumb/v7-m/nofp/libc_nano.a(libc_a-closer.o)
 .comment       0x00000026       0x27 /usr/lib/gcc/arm-none-eabi/13.2.1/../../../arm-none-eabi/lib/thumb/v7-m/nofp/libc_nano.a(libc_a-fflush.o)
 .comment       0x00000026       0x27 /usr/lib/gcc/arm-none-eabi/13.2.1/../../../arm-none-eabi/lib/thumb/v7-m/nofp/libc_nano.a(libc_a-mallocr.o)
 .comment       0x00000026       0x27 /usr/lib/gcc/arm-none-eabi/13.2.1/../../../arm-none-eabi/lib/thumb/v7-m/nofp/libc_nano.a(libc_a-freer.o)
 .comment       0x00000026       0x27 /usr/lib/gcc/arm-none-eabi/13.2.1/../../../arm-none-eabi/lib/thumb/v7-m/nofp/libc_nano.a(libc_a-memmove.o)
 .comment       0x00000026       0x27 /usr/lib/gcc/arm-none-eabi/13.2.1/../../../arm-none-eabi/lib/thumb/v7-m/nofp/libc_nano.a(libc_a-strtol.o)
 .comment       0x00000026       0x27 /usr/lib/gcc/arm-none-eabi/13.2.1/../../../arm-none-eabi/lib/thumb/v7-m/nofp/libc_nano.a(libc_a-fwalk.o)
 .comment       0x00000026       0x27 /usr/lib/gcc/arm-none-eabi/13.2.1/../../../arm-none-eabi/lib/thumb/v7-m/nofp/libc_nano.a(libc_a-wsetup.o)
 .comment       0x00000026       0x27 /usr/lib/gcc/arm-none-eabi/13.2.1/../../../arm-none-eabi/lib/thumb/v7-m/nofp/libc_nano.a(libc_a-readr.o)
 .comment       0x00000026       0x27 /usr/lib/gcc/arm-none-eabi/13.2.1/../../../arm-none-eabi/lib/thumb/v7-m/nofp/libc_nano.a(libc_a-reent.o)
 .comment       0x00000026       0x27 /usr/lib/gcc/arm-none-eabi/13.2.1/../../../arm-none-eabi/lib/thumb/v7-m/nofp/libc_nano.a(libc_a-reallocr.o)
 .comment       0x00000026       0x27 /usr/lib/gcc/arm-none-eabi/13.2.1/../../../arm-none-eabi/lib/thumb/v7-m/nofp/libc_nano.a(libc_a-nano-vfprintf_i.o)
 .comment       0x00000026       0x27 /usr/lib/gcc/arm-none-eabi/13.2.1/../../../arm-none-eabi/lib/thumb/v7-m/nofp/libc_nano.a(libc_a-sccl.o)
 .comment       0x00000026       0x27 /usr/lib/gcc/arm-none-eabi/13.2.1/../../../arm-none-eabi/lib/thumb/v7-m/nofp/libc_nano.a(libc_a-mlock.o)
 .comment       0x00000026       0x27 /usr/lib/gcc/arm-none-eabi/13.2.1/../../../arm-none-eabi/lib/thumb/v7-m/nofp/libc_nano.a(libc_a-makebuf.o)
 .comment       0x00000026       0x27 /usr/lib/gcc/arm-none-eabi/13.2.1/../../../arm-none-eabi/lib/thumb/v7-m/nofp/libc_nano.a(libc_a-lseekr.o)
 .comment       0x00000026       0x27 /usr/lib/gcc/arm-none-eabi/13.2.1/../../../arm-none-eabi/lib/thumb/v7-m/nofp/libc_nano.a(libc_a-ungetc.o)
 .comment       0x00000026       0x27 /usr/lib/gcc/arm-none-eabi/13.2.1/../../../arm-none-eabi/lib/thumb/v7-m/nofp/libc_nano.a(libc_a-memchr-stub.o)
 .comment       0x00000026       0x27 /usr/lib/gcc/arm-none-eabi/13.2.1/../../../arm-none-eabi/lib/thumb/v7-m/nofp/libc_nano.a(libc_a-writer.o)
 .comment       0x00000026       0x27 /usr/lib/gcc/arm-none-eabi/13.2.1/../../../arm-none-eabi/lib/thumb/v7-m/nofp/libc_nano.a(libc_a-isattyr.o)
 .comment       0x00000026       0x27 /usr/lib/gcc/arm-none-eabi/13.2.1/../../../arm-none-eabi/lib/thumb/v7-m/nofp/libc_nano.a(libc_a-sbrkr.o)
 .comment       0x00000026       0x27 /usr/lib/gcc/arm-none-eabi/13.2.1/../../../arm-none-eabi/lib/thumb/v7-m/nofp/libc_nano.a(libc_a-msizer.o)